C:/Users/ezque/STM32CubeIDE/workspace_1.9.0/mcu_headers/CMSIS/Include/core_cm4.h:1688:22:__NVIC_EnableIRQ	16	static
C:/Users/ezque/STM32CubeIDE/workspace_1.9.0/mcu_headers/CMSIS/Include/core_cm4.h:1816:22:__NVIC_SetPriority	16	static
../Drivers/Src/BasicTimer.c:17:6:BTimer_Config	16	static,ignoring_inline_asm
../Drivers/Src/BasicTimer.c:89:6:startTimer	16	static
../Drivers/Src/BasicTimer.c:94:6:stopTimer	16	static
../Drivers/Src/BasicTimer.c:99:28:BTimer2_Callback	4	static,ignoring_inline_asm
../Drivers/Src/BasicTimer.c:103:28:BTimer3_Callback	4	static,ignoring_inline_asm
../Drivers/Src/BasicTimer.c:107:28:BTimer4_Callback	4	static,ignoring_inline_asm
../Drivers/Src/BasicTimer.c:112:6:TIM2_IRQHandler	8	static
../Drivers/Src/BasicTimer.c:119:6:TIM3_IRQHandler	8	static
../Drivers/Src/BasicTimer.c:125:6:TIM4_IRQHandler	8	static
