../Middlewares/tensorflow/tensorflow/lite/kernels/op_macros.h:24:13:void AbortImpl()	8	static
../Middlewares/tensorflow/tensorflow/lite/micro/kernels/cmsis_nn/add.cc:241:7:void* tflite::InitAdd(TfLiteContext*, const char*, size_t)	8	static
../Middlewares/tensorflow/tensorflow/lite/micro/kernels/cmsis_nn/add.cc:246:14:TfLiteStatus tflite::PrepareAdd(TfLiteContext*, TfLiteNode*)	88	static
../Middlewares/tensorflow/tensorflow/lite/kernels/internal/runtime_shape.h:59:11:int32_t tflite::RuntimeShape::Dims(int) const	8	static
../Middlewares/tensorflow/tensorflow/lite/kernels/internal/runtime_shape.h:86:7:int tflite::RuntimeShape::FlatSize() const	8	static
../Middlewares/tensorflow/tensorflow/lite/kernels/internal/runtime_shape.h:99:3:tflite::RuntimeShape::RuntimeShape(int, const tflite::RuntimeShape&, int)	24	static
../Middlewares/tensorflow/tensorflow/lite/kernels/internal/runtime_shape.h:123:12:int tflite::Offset(const tflite::RuntimeShape&, int, int, int, int)	16	static
../Middlewares/tensorflow/tensorflow/lite/kernels/internal/types.h:299:12:int tflite::MatchingElementsSize(const tflite::RuntimeShape&, const tflite::RuntimeShape&, const tflite::RuntimeShape&)	16	static
../Middlewares/tensorflow/tensorflow/lite/kernels/internal/common.h:237:16:int32_t tflite::MultiplyByQuantizedMultiplierSmallerThanOneExp(int32_t, int32_t, int)	8	static
../Middlewares/tensorflow/tensorflow/lite/kernels/internal/common.h:868:12:int tflite::SubscriptToIndex(const tflite::NdArrayDesc<4>&, int, int, int, int)	16	static
../Middlewares/tensorflow/tensorflow/lite/kernels/internal/reference/add.h:132:13:void tflite::reference_ops::AddGeneralParamScale(const tflite::ArithmeticParams&, const tflite::RuntimeShape&, const int16_t*, const tflite::RuntimeShape&, const int16_t*, const tflite::RuntimeShape&, int16_t*)	48	static
../Middlewares/tensorflow/tensorflow/lite/kernels/internal/reference/process_broadcast_shapes.h:40:13:bool tflite::reference_ops::ProcessBroadcastShapes(const tflite::RuntimeShape&, const tflite::RuntimeShape&, tflite::ArithmeticParams*)	72	static
../Middlewares/tensorflow/tensorflow/lite/micro/kernels/cmsis_nn/add.cc:342:20:TfLiteRegistration tflite::Register_ADD()	16	static
../Middlewares/tensorflow/tensorflow/lite/micro/kernels/cmsis_nn/add.cc:346:20:TfLiteRegistration tflite::Register_ADD_INT8()	16	static
../Middlewares/tensorflow/tensorflow/lite/micro/kernels/cmsis_nn/add.cc:350:20:TfLiteRegistration tflite::Register_ADD_INT16()	16	static
../Middlewares/tensorflow/tensorflow/lite/kernels/internal/common.h:950:13:void tflite::CopyDimsToDesc(const tflite::RuntimeShape&, tflite::NdArrayDesc<N>*) [with int N = 4]	24	static
../Middlewares/tensorflow/tensorflow/lite/kernels/internal/common.h:961:13:void tflite::NdArrayDescsForElementwiseBroadcast(const tflite::RuntimeShape&, const tflite::RuntimeShape&, tflite::NdArrayDesc<N>*, tflite::NdArrayDesc<N>*) [with int N = 4]	80	static
../Middlewares/tensorflow/tensorflow/lite/kernels/internal/reference/add.h:199:1:typename std::enable_if<(! tflite::is_small_integer<T>::value), void>::type tflite::reference_ops::BroadcastAdd4DSlow(const tflite::ArithmeticParams&, const tflite::RuntimeShape&, const T*, const tflite::RuntimeShape&, const T*, const tflite::RuntimeShape&, T*) [with T = float]	168	static
../Middlewares/tensorflow/tensorflow/lite/kernels/internal/reference/add.h:244:1:typename std::enable_if<tflite::is_small_integer<T>::value, void>::type tflite::reference_ops::BroadcastAdd4DSlow(const tflite::ArithmeticParams&, const tflite::RuntimeShape&, const T*, const tflite::RuntimeShape&, const T*, const tflite::RuntimeShape&, T*) [with T = short int]	160	static
../Middlewares/tensorflow/tensorflow/lite/micro/kernels/cmsis_nn/add.cc:158:14:TfLiteStatus tflite::{anonymous}::EvalAddQuantizedInt16(TfLiteContext*, TfLiteNode*, TfLiteAddParams*, const tflite::{anonymous}::OpData*, const TfLiteEvalTensor*, const TfLiteEvalTensor*, TfLiteEvalTensor*)	288	static
../Middlewares/tensorflow/tensorflow/lite/micro/kernels/cmsis_nn/add.cc:322:14:TfLiteStatus tflite::EvalAddInt16(TfLiteContext*, TfLiteNode*)	24	static
../Middlewares/tensorflow/tensorflow/lite/micro/kernels/cmsis_nn/add.cc:120:14:TfLiteStatus tflite::{anonymous}::EvalAddQuantizedInt8(TfLiteContext*, TfLiteNode*, TfLiteAddParams*, const tflite::{anonymous}::OpData*, const TfLiteEvalTensor*, const TfLiteEvalTensor*, TfLiteEvalTensor*)	400	static
../Middlewares/tensorflow/tensorflow/lite/micro/kernels/cmsis_nn/add.cc:302:14:TfLiteStatus tflite::EvalAddInt8(TfLiteContext*, TfLiteNode*)	24	static
../Middlewares/tensorflow/tensorflow/lite/micro/kernels/cmsis_nn/add.cc:275:14:TfLiteStatus tflite::EvalAdd(TfLiteContext*, TfLiteNode*)	280	static
