Archive member included to satisfy reference by file (symbol)

c:/st/stm32cubeide_1.9.0/stm32cubeide/plugins/com.st.stm32cube.ide.mcu.externaltools.gnu-tools-for-stm32.10.3-2021.10.win32_1.0.0.202111181127/tools/bin/../lib/gcc/arm-none-eabi/10.3.1/../../../../arm-none-eabi/lib/thumb/v7e-m+fp/hard\libc_nano.a(lib_a-errno.o)
                              ./Src/syscalls.o (__errno)
c:/st/stm32cubeide_1.9.0/stm32cubeide/plugins/com.st.stm32cube.ide.mcu.externaltools.gnu-tools-for-stm32.10.3-2021.10.win32_1.0.0.202111181127/tools/bin/../lib/gcc/arm-none-eabi/10.3.1/../../../../arm-none-eabi/lib/thumb/v7e-m+fp/hard\libc_nano.a(lib_a-exit.o)
                              c:/st/stm32cubeide_1.9.0/stm32cubeide/plugins/com.st.stm32cube.ide.mcu.externaltools.gnu-tools-for-stm32.10.3-2021.10.win32_1.0.0.202111181127/tools/bin/../lib/gcc/arm-none-eabi/10.3.1/../../../../arm-none-eabi/lib/thumb/v7e-m+fp/hard/crt0.o (exit)
c:/st/stm32cubeide_1.9.0/stm32cubeide/plugins/com.st.stm32cube.ide.mcu.externaltools.gnu-tools-for-stm32.10.3-2021.10.win32_1.0.0.202111181127/tools/bin/../lib/gcc/arm-none-eabi/10.3.1/../../../../arm-none-eabi/lib/thumb/v7e-m+fp/hard\libc_nano.a(lib_a-impure.o)
                              c:/st/stm32cubeide_1.9.0/stm32cubeide/plugins/com.st.stm32cube.ide.mcu.externaltools.gnu-tools-for-stm32.10.3-2021.10.win32_1.0.0.202111181127/tools/bin/../lib/gcc/arm-none-eabi/10.3.1/../../../../arm-none-eabi/lib/thumb/v7e-m+fp/hard\libc_nano.a(lib_a-exit.o) (_global_impure_ptr)
c:/st/stm32cubeide_1.9.0/stm32cubeide/plugins/com.st.stm32cube.ide.mcu.externaltools.gnu-tools-for-stm32.10.3-2021.10.win32_1.0.0.202111181127/tools/bin/../lib/gcc/arm-none-eabi/10.3.1/../../../../arm-none-eabi/lib/thumb/v7e-m+fp/hard\libc_nano.a(lib_a-init.o)
                              c:/st/stm32cubeide_1.9.0/stm32cubeide/plugins/com.st.stm32cube.ide.mcu.externaltools.gnu-tools-for-stm32.10.3-2021.10.win32_1.0.0.202111181127/tools/bin/../lib/gcc/arm-none-eabi/10.3.1/../../../../arm-none-eabi/lib/thumb/v7e-m+fp/hard/crt0.o (__libc_init_array)
c:/st/stm32cubeide_1.9.0/stm32cubeide/plugins/com.st.stm32cube.ide.mcu.externaltools.gnu-tools-for-stm32.10.3-2021.10.win32_1.0.0.202111181127/tools/bin/../lib/gcc/arm-none-eabi/10.3.1/../../../../arm-none-eabi/lib/thumb/v7e-m+fp/hard\libc_nano.a(lib_a-memset.o)
                              c:/st/stm32cubeide_1.9.0/stm32cubeide/plugins/com.st.stm32cube.ide.mcu.externaltools.gnu-tools-for-stm32.10.3-2021.10.win32_1.0.0.202111181127/tools/bin/../lib/gcc/arm-none-eabi/10.3.1/../../../../arm-none-eabi/lib/thumb/v7e-m+fp/hard/crt0.o (memset)

Discarded input sections

 .text          0x0000000000000000        0x0 c:/st/stm32cubeide_1.9.0/stm32cubeide/plugins/com.st.stm32cube.ide.mcu.externaltools.gnu-tools-for-stm32.10.3-2021.10.win32_1.0.0.202111181127/tools/bin/../lib/gcc/arm-none-eabi/10.3.1/thumb/v7e-m+fp/hard/crti.o
 .data          0x0000000000000000        0x0 c:/st/stm32cubeide_1.9.0/stm32cubeide/plugins/com.st.stm32cube.ide.mcu.externaltools.gnu-tools-for-stm32.10.3-2021.10.win32_1.0.0.202111181127/tools/bin/../lib/gcc/arm-none-eabi/10.3.1/thumb/v7e-m+fp/hard/crti.o
 .bss           0x0000000000000000        0x0 c:/st/stm32cubeide_1.9.0/stm32cubeide/plugins/com.st.stm32cube.ide.mcu.externaltools.gnu-tools-for-stm32.10.3-2021.10.win32_1.0.0.202111181127/tools/bin/../lib/gcc/arm-none-eabi/10.3.1/thumb/v7e-m+fp/hard/crti.o
 .data          0x0000000000000000        0x4 c:/st/stm32cubeide_1.9.0/stm32cubeide/plugins/com.st.stm32cube.ide.mcu.externaltools.gnu-tools-for-stm32.10.3-2021.10.win32_1.0.0.202111181127/tools/bin/../lib/gcc/arm-none-eabi/10.3.1/thumb/v7e-m+fp/hard/crtbegin.o
 .rodata        0x0000000000000000       0x24 c:/st/stm32cubeide_1.9.0/stm32cubeide/plugins/com.st.stm32cube.ide.mcu.externaltools.gnu-tools-for-stm32.10.3-2021.10.win32_1.0.0.202111181127/tools/bin/../lib/gcc/arm-none-eabi/10.3.1/thumb/v7e-m+fp/hard/crtbegin.o
 .text          0x0000000000000000       0x7c c:/st/stm32cubeide_1.9.0/stm32cubeide/plugins/com.st.stm32cube.ide.mcu.externaltools.gnu-tools-for-stm32.10.3-2021.10.win32_1.0.0.202111181127/tools/bin/../lib/gcc/arm-none-eabi/10.3.1/../../../../arm-none-eabi/lib/thumb/v7e-m+fp/hard/crt0.o
 .data          0x0000000000000000        0x0 c:/st/stm32cubeide_1.9.0/stm32cubeide/plugins/com.st.stm32cube.ide.mcu.externaltools.gnu-tools-for-stm32.10.3-2021.10.win32_1.0.0.202111181127/tools/bin/../lib/gcc/arm-none-eabi/10.3.1/../../../../arm-none-eabi/lib/thumb/v7e-m+fp/hard/crt0.o
 .bss           0x0000000000000000        0x0 c:/st/stm32cubeide_1.9.0/stm32cubeide/plugins/com.st.stm32cube.ide.mcu.externaltools.gnu-tools-for-stm32.10.3-2021.10.win32_1.0.0.202111181127/tools/bin/../lib/gcc/arm-none-eabi/10.3.1/../../../../arm-none-eabi/lib/thumb/v7e-m+fp/hard/crt0.o
 .ARM.extab     0x0000000000000000        0x0 c:/st/stm32cubeide_1.9.0/stm32cubeide/plugins/com.st.stm32cube.ide.mcu.externaltools.gnu-tools-for-stm32.10.3-2021.10.win32_1.0.0.202111181127/tools/bin/../lib/gcc/arm-none-eabi/10.3.1/../../../../arm-none-eabi/lib/thumb/v7e-m+fp/hard/crt0.o
 .ARM.exidx     0x0000000000000000       0x10 c:/st/stm32cubeide_1.9.0/stm32cubeide/plugins/com.st.stm32cube.ide.mcu.externaltools.gnu-tools-for-stm32.10.3-2021.10.win32_1.0.0.202111181127/tools/bin/../lib/gcc/arm-none-eabi/10.3.1/../../../../arm-none-eabi/lib/thumb/v7e-m+fp/hard/crt0.o
 .ARM.attributes
                0x0000000000000000       0x1c c:/st/stm32cubeide_1.9.0/stm32cubeide/plugins/com.st.stm32cube.ide.mcu.externaltools.gnu-tools-for-stm32.10.3-2021.10.win32_1.0.0.202111181127/tools/bin/../lib/gcc/arm-none-eabi/10.3.1/../../../../arm-none-eabi/lib/thumb/v7e-m+fp/hard/crt0.o
 .group         0x0000000000000000        0xc ./Drivers/Src/BasicTimer.o
 .group         0x0000000000000000        0xc ./Drivers/Src/BasicTimer.o
 .group         0x0000000000000000        0xc ./Drivers/Src/BasicTimer.o
 .group         0x0000000000000000        0xc ./Drivers/Src/BasicTimer.o
 .group         0x0000000000000000        0xc ./Drivers/Src/BasicTimer.o
 .group         0x0000000000000000        0xc ./Drivers/Src/BasicTimer.o
 .group         0x0000000000000000        0xc ./Drivers/Src/BasicTimer.o
 .group         0x0000000000000000        0xc ./Drivers/Src/BasicTimer.o
 .group         0x0000000000000000        0xc ./Drivers/Src/BasicTimer.o
 .group         0x0000000000000000        0xc ./Drivers/Src/BasicTimer.o
 .group         0x0000000000000000        0xc ./Drivers/Src/BasicTimer.o
 .group         0x0000000000000000        0xc ./Drivers/Src/BasicTimer.o
 .group         0x0000000000000000        0xc ./Drivers/Src/BasicTimer.o
 .group         0x0000000000000000        0xc ./Drivers/Src/BasicTimer.o
 .group         0x0000000000000000        0xc ./Drivers/Src/BasicTimer.o
 .group         0x0000000000000000        0xc ./Drivers/Src/BasicTimer.o
 .group         0x0000000000000000        0xc ./Drivers/Src/BasicTimer.o
 .text          0x0000000000000000        0x0 ./Drivers/Src/BasicTimer.o
 .data          0x0000000000000000        0x0 ./Drivers/Src/BasicTimer.o
 .bss           0x0000000000000000        0x0 ./Drivers/Src/BasicTimer.o
 .text.BTimer_Callback
                0x0000000000000000       0x10 ./Drivers/Src/BasicTimer.o
 .group         0x0000000000000000        0xc ./Drivers/Src/GPIOxDriver.o
 .group         0x0000000000000000        0xc ./Drivers/Src/GPIOxDriver.o
 .group         0x0000000000000000        0xc ./Drivers/Src/GPIOxDriver.o
 .group         0x0000000000000000        0xc ./Drivers/Src/GPIOxDriver.o
 .group         0x0000000000000000        0xc ./Drivers/Src/GPIOxDriver.o
 .group         0x0000000000000000        0xc ./Drivers/Src/GPIOxDriver.o
 .group         0x0000000000000000        0xc ./Drivers/Src/GPIOxDriver.o
 .group         0x0000000000000000        0xc ./Drivers/Src/GPIOxDriver.o
 .group         0x0000000000000000        0xc ./Drivers/Src/GPIOxDriver.o
 .group         0x0000000000000000        0xc ./Drivers/Src/GPIOxDriver.o
 .group         0x0000000000000000        0xc ./Drivers/Src/GPIOxDriver.o
 .group         0x0000000000000000        0xc ./Drivers/Src/GPIOxDriver.o
 .group         0x0000000000000000        0xc ./Drivers/Src/GPIOxDriver.o
 .group         0x0000000000000000        0xc ./Drivers/Src/GPIOxDriver.o
 .group         0x0000000000000000        0xc ./Drivers/Src/GPIOxDriver.o
 .group         0x0000000000000000        0xc ./Drivers/Src/GPIOxDriver.o
 .group         0x0000000000000000        0xc ./Drivers/Src/GPIOxDriver.o
 .text          0x0000000000000000        0x0 ./Drivers/Src/GPIOxDriver.o
 .data          0x0000000000000000        0x0 ./Drivers/Src/GPIOxDriver.o
 .bss           0x0000000000000000        0x0 ./Drivers/Src/GPIOxDriver.o
 .text.GPIO_WritePin
                0x0000000000000000       0x72 ./Drivers/Src/GPIOxDriver.o
 .text.GPIO_ReadPin
                0x0000000000000000       0x30 ./Drivers/Src/GPIOxDriver.o
 .debug_macro   0x0000000000000000      0xa8a ./Drivers/Src/GPIOxDriver.o
 .debug_macro   0x0000000000000000       0x28 ./Drivers/Src/GPIOxDriver.o
 .debug_macro   0x0000000000000000       0x28 ./Drivers/Src/GPIOxDriver.o
 .debug_macro   0x0000000000000000       0x22 ./Drivers/Src/GPIOxDriver.o
 .debug_macro   0x0000000000000000       0x8e ./Drivers/Src/GPIOxDriver.o
 .debug_macro   0x0000000000000000       0x51 ./Drivers/Src/GPIOxDriver.o
 .debug_macro   0x0000000000000000      0x103 ./Drivers/Src/GPIOxDriver.o
 .debug_macro   0x0000000000000000       0x6a ./Drivers/Src/GPIOxDriver.o
 .debug_macro   0x0000000000000000      0x1df ./Drivers/Src/GPIOxDriver.o
 .debug_macro   0x0000000000000000       0x1c ./Drivers/Src/GPIOxDriver.o
 .debug_macro   0x0000000000000000       0x22 ./Drivers/Src/GPIOxDriver.o
 .debug_macro   0x0000000000000000       0xd9 ./Drivers/Src/GPIOxDriver.o
 .debug_macro   0x0000000000000000     0x102d ./Drivers/Src/GPIOxDriver.o
 .debug_macro   0x0000000000000000      0x11f ./Drivers/Src/GPIOxDriver.o
 .debug_macro   0x0000000000000000     0xb953 ./Drivers/Src/GPIOxDriver.o
 .debug_macro   0x0000000000000000       0x6d ./Drivers/Src/GPIOxDriver.o
 .group         0x0000000000000000        0xc ./Drivers/Src/USARTxDriver.o
 .group         0x0000000000000000        0xc ./Drivers/Src/USARTxDriver.o
 .group         0x0000000000000000        0xc ./Drivers/Src/USARTxDriver.o
 .group         0x0000000000000000        0xc ./Drivers/Src/USARTxDriver.o
 .group         0x0000000000000000        0xc ./Drivers/Src/USARTxDriver.o
 .group         0x0000000000000000        0xc ./Drivers/Src/USARTxDriver.o
 .group         0x0000000000000000        0xc ./Drivers/Src/USARTxDriver.o
 .group         0x0000000000000000        0xc ./Drivers/Src/USARTxDriver.o
 .group         0x0000000000000000        0xc ./Drivers/Src/USARTxDriver.o
 .group         0x0000000000000000        0xc ./Drivers/Src/USARTxDriver.o
 .group         0x0000000000000000        0xc ./Drivers/Src/USARTxDriver.o
 .group         0x0000000000000000        0xc ./Drivers/Src/USARTxDriver.o
 .group         0x0000000000000000        0xc ./Drivers/Src/USARTxDriver.o
 .group         0x0000000000000000        0xc ./Drivers/Src/USARTxDriver.o
 .group         0x0000000000000000        0xc ./Drivers/Src/USARTxDriver.o
 .group         0x0000000000000000        0xc ./Drivers/Src/USARTxDriver.o
 .group         0x0000000000000000        0xc ./Drivers/Src/USARTxDriver.o
 .group         0x0000000000000000        0xc ./Drivers/Src/USARTxDriver.o
 .group         0x0000000000000000        0xc ./Drivers/Src/USARTxDriver.o
 .group         0x0000000000000000        0xc ./Drivers/Src/USARTxDriver.o
 .group         0x0000000000000000        0xc ./Drivers/Src/USARTxDriver.o
 .group         0x0000000000000000        0xc ./Drivers/Src/USARTxDriver.o
 .group         0x0000000000000000        0xc ./Drivers/Src/USARTxDriver.o
 .group         0x0000000000000000        0xc ./Drivers/Src/USARTxDriver.o
 .group         0x0000000000000000        0xc ./Drivers/Src/USARTxDriver.o
 .group         0x0000000000000000        0xc ./Drivers/Src/USARTxDriver.o
 .group         0x0000000000000000        0xc ./Drivers/Src/USARTxDriver.o
 .group         0x0000000000000000        0xc ./Drivers/Src/USARTxDriver.o
 .group         0x0000000000000000        0xc ./Drivers/Src/USARTxDriver.o
 .group         0x0000000000000000        0xc ./Drivers/Src/USARTxDriver.o
 .group         0x0000000000000000        0xc ./Drivers/Src/USARTxDriver.o
 .group         0x0000000000000000        0xc ./Drivers/Src/USARTxDriver.o
 .group         0x0000000000000000        0xc ./Drivers/Src/USARTxDriver.o
 .group         0x0000000000000000        0xc ./Drivers/Src/USARTxDriver.o
 .group         0x0000000000000000        0xc ./Drivers/Src/USARTxDriver.o
 .group         0x0000000000000000        0xc ./Drivers/Src/USARTxDriver.o
 .group         0x0000000000000000        0xc ./Drivers/Src/USARTxDriver.o
 .group         0x0000000000000000        0xc ./Drivers/Src/USARTxDriver.o
 .group         0x0000000000000000        0xc ./Drivers/Src/USARTxDriver.o
 .group         0x0000000000000000        0xc ./Drivers/Src/USARTxDriver.o
 .group         0x0000000000000000        0xc ./Drivers/Src/USARTxDriver.o
 .group         0x0000000000000000        0xc ./Drivers/Src/USARTxDriver.o
 .group         0x0000000000000000        0xc ./Drivers/Src/USARTxDriver.o
 .group         0x0000000000000000        0xc ./Drivers/Src/USARTxDriver.o
 .group         0x0000000000000000        0xc ./Drivers/Src/USARTxDriver.o
 .text          0x0000000000000000        0x0 ./Drivers/Src/USARTxDriver.o
 .data          0x0000000000000000        0x0 ./Drivers/Src/USARTxDriver.o
 .bss           0x0000000000000000        0x0 ./Drivers/Src/USARTxDriver.o
 .text.USART_Config
                0x0000000000000000      0x27c ./Drivers/Src/USARTxDriver.o
 .text.writeChar
                0x0000000000000000       0x3e ./Drivers/Src/USARTxDriver.o
 .debug_info    0x0000000000000000      0x454 ./Drivers/Src/USARTxDriver.o
 .debug_abbrev  0x0000000000000000      0x107 ./Drivers/Src/USARTxDriver.o
 .debug_aranges
                0x0000000000000000       0x28 ./Drivers/Src/USARTxDriver.o
 .debug_ranges  0x0000000000000000       0x18 ./Drivers/Src/USARTxDriver.o
 .debug_macro   0x0000000000000000      0x23b ./Drivers/Src/USARTxDriver.o
 .debug_macro   0x0000000000000000      0xa8a ./Drivers/Src/USARTxDriver.o
 .debug_macro   0x0000000000000000       0x28 ./Drivers/Src/USARTxDriver.o
 .debug_macro   0x0000000000000000       0x28 ./Drivers/Src/USARTxDriver.o
 .debug_macro   0x0000000000000000       0x22 ./Drivers/Src/USARTxDriver.o
 .debug_macro   0x0000000000000000       0x8e ./Drivers/Src/USARTxDriver.o
 .debug_macro   0x0000000000000000       0x51 ./Drivers/Src/USARTxDriver.o
 .debug_macro   0x0000000000000000      0x103 ./Drivers/Src/USARTxDriver.o
 .debug_macro   0x0000000000000000       0x6a ./Drivers/Src/USARTxDriver.o
 .debug_macro   0x0000000000000000      0x1df ./Drivers/Src/USARTxDriver.o
 .debug_macro   0x0000000000000000       0x1c ./Drivers/Src/USARTxDriver.o
 .debug_macro   0x0000000000000000       0x22 ./Drivers/Src/USARTxDriver.o
 .debug_macro   0x0000000000000000       0xd9 ./Drivers/Src/USARTxDriver.o
 .debug_macro   0x0000000000000000     0x102d ./Drivers/Src/USARTxDriver.o
 .debug_macro   0x0000000000000000      0x11f ./Drivers/Src/USARTxDriver.o
 .debug_macro   0x0000000000000000     0xb953 ./Drivers/Src/USARTxDriver.o
 .debug_macro   0x0000000000000000       0x6d ./Drivers/Src/USARTxDriver.o
 .debug_macro   0x0000000000000000       0x52 ./Drivers/Src/USARTxDriver.o
 .debug_macro   0x0000000000000000       0x1e ./Drivers/Src/USARTxDriver.o
 .debug_macro   0x0000000000000000       0x3c ./Drivers/Src/USARTxDriver.o
 .debug_macro   0x0000000000000000       0x34 ./Drivers/Src/USARTxDriver.o
 .debug_macro   0x0000000000000000       0x16 ./Drivers/Src/USARTxDriver.o
 .debug_macro   0x0000000000000000       0x97 ./Drivers/Src/USARTxDriver.o
 .debug_macro   0x0000000000000000      0x341 ./Drivers/Src/USARTxDriver.o
 .debug_macro   0x0000000000000000       0xfd ./Drivers/Src/USARTxDriver.o
 .debug_macro   0x0000000000000000       0x10 ./Drivers/Src/USARTxDriver.o
 .debug_macro   0x0000000000000000       0x16 ./Drivers/Src/USARTxDriver.o
 .debug_macro   0x0000000000000000       0x43 ./Drivers/Src/USARTxDriver.o
 .debug_macro   0x0000000000000000       0x34 ./Drivers/Src/USARTxDriver.o
 .debug_macro   0x0000000000000000       0x10 ./Drivers/Src/USARTxDriver.o
 .debug_macro   0x0000000000000000       0x58 ./Drivers/Src/USARTxDriver.o
 .debug_macro   0x0000000000000000       0x71 ./Drivers/Src/USARTxDriver.o
 .debug_macro   0x0000000000000000       0x1c ./Drivers/Src/USARTxDriver.o
 .debug_macro   0x0000000000000000      0x12a ./Drivers/Src/USARTxDriver.o
 .debug_macro   0x0000000000000000       0x10 ./Drivers/Src/USARTxDriver.o
 .debug_macro   0x0000000000000000       0x1c ./Drivers/Src/USARTxDriver.o
 .debug_macro   0x0000000000000000       0x52 ./Drivers/Src/USARTxDriver.o
 .debug_macro   0x0000000000000000       0x22 ./Drivers/Src/USARTxDriver.o
 .debug_macro   0x0000000000000000       0x10 ./Drivers/Src/USARTxDriver.o
 .debug_macro   0x0000000000000000       0x52 ./Drivers/Src/USARTxDriver.o
 .debug_macro   0x0000000000000000       0xd5 ./Drivers/Src/USARTxDriver.o
 .debug_macro   0x0000000000000000       0x1c ./Drivers/Src/USARTxDriver.o
 .debug_macro   0x0000000000000000       0x3d ./Drivers/Src/USARTxDriver.o
 .debug_macro   0x0000000000000000       0x16 ./Drivers/Src/USARTxDriver.o
 .debug_macro   0x0000000000000000      0x145 ./Drivers/Src/USARTxDriver.o
 .debug_macro   0x0000000000000000       0x6a ./Drivers/Src/USARTxDriver.o
 .debug_line    0x0000000000000000      0x8ab ./Drivers/Src/USARTxDriver.o
 .debug_str     0x0000000000000000    0x53de6 ./Drivers/Src/USARTxDriver.o
 .comment       0x0000000000000000       0x51 ./Drivers/Src/USARTxDriver.o
 .debug_frame   0x0000000000000000       0x60 ./Drivers/Src/USARTxDriver.o
 .ARM.attributes
                0x0000000000000000       0x34 ./Drivers/Src/USARTxDriver.o
 .group         0x0000000000000000        0xc ./Src/RetoBlinky.o
 .group         0x0000000000000000        0xc ./Src/RetoBlinky.o
 .group         0x0000000000000000        0xc ./Src/RetoBlinky.o
 .group         0x0000000000000000        0xc ./Src/RetoBlinky.o
 .group         0x0000000000000000        0xc ./Src/RetoBlinky.o
 .group         0x0000000000000000        0xc ./Src/RetoBlinky.o
 .group         0x0000000000000000        0xc ./Src/RetoBlinky.o
 .group         0x0000000000000000        0xc ./Src/RetoBlinky.o
 .group         0x0000000000000000        0xc ./Src/RetoBlinky.o
 .group         0x0000000000000000        0xc ./Src/RetoBlinky.o
 .group         0x0000000000000000        0xc ./Src/RetoBlinky.o
 .group         0x0000000000000000        0xc ./Src/RetoBlinky.o
 .group         0x0000000000000000        0xc ./Src/RetoBlinky.o
 .group         0x0000000000000000        0xc ./Src/RetoBlinky.o
 .group         0x0000000000000000        0xc ./Src/RetoBlinky.o
 .group         0x0000000000000000        0xc ./Src/RetoBlinky.o
 .group         0x0000000000000000        0xc ./Src/RetoBlinky.o
 .group         0x0000000000000000        0xc ./Src/RetoBlinky.o
 .group         0x0000000000000000        0xc ./Src/RetoBlinky.o
 .group         0x0000000000000000        0xc ./Src/RetoBlinky.o
 .group         0x0000000000000000        0xc ./Src/RetoBlinky.o
 .group         0x0000000000000000        0xc ./Src/RetoBlinky.o
 .group         0x0000000000000000        0xc ./Src/RetoBlinky.o
 .group         0x0000000000000000        0xc ./Src/RetoBlinky.o
 .group         0x0000000000000000        0xc ./Src/RetoBlinky.o
 .group         0x0000000000000000        0xc ./Src/RetoBlinky.o
 .group         0x0000000000000000        0xc ./Src/RetoBlinky.o
 .group         0x0000000000000000        0xc ./Src/RetoBlinky.o
 .group         0x0000000000000000        0xc ./Src/RetoBlinky.o
 .group         0x0000000000000000        0xc ./Src/RetoBlinky.o
 .group         0x0000000000000000        0xc ./Src/RetoBlinky.o
 .group         0x0000000000000000        0xc ./Src/RetoBlinky.o
 .group         0x0000000000000000        0xc ./Src/RetoBlinky.o
 .group         0x0000000000000000        0xc ./Src/RetoBlinky.o
 .group         0x0000000000000000        0xc ./Src/RetoBlinky.o
 .group         0x0000000000000000        0xc ./Src/RetoBlinky.o
 .group         0x0000000000000000        0xc ./Src/RetoBlinky.o
 .group         0x0000000000000000        0xc ./Src/RetoBlinky.o
 .group         0x0000000000000000        0xc ./Src/RetoBlinky.o
 .group         0x0000000000000000        0xc ./Src/RetoBlinky.o
 .group         0x0000000000000000        0xc ./Src/RetoBlinky.o
 .group         0x0000000000000000        0xc ./Src/RetoBlinky.o
 .group         0x0000000000000000        0xc ./Src/RetoBlinky.o
 .group         0x0000000000000000        0xc ./Src/RetoBlinky.o
 .group         0x0000000000000000        0xc ./Src/RetoBlinky.o
 .group         0x0000000000000000        0xc ./Src/RetoBlinky.o
 .group         0x0000000000000000        0xc ./Src/RetoBlinky.o
 .text          0x0000000000000000        0x0 ./Src/RetoBlinky.o
 .data          0x0000000000000000        0x0 ./Src/RetoBlinky.o
 .bss           0x0000000000000000        0x0 ./Src/RetoBlinky.o
 .debug_macro   0x0000000000000000      0xa8a ./Src/RetoBlinky.o
 .debug_macro   0x0000000000000000       0x28 ./Src/RetoBlinky.o
 .debug_macro   0x0000000000000000       0x28 ./Src/RetoBlinky.o
 .debug_macro   0x0000000000000000       0x22 ./Src/RetoBlinky.o
 .debug_macro   0x0000000000000000       0x8e ./Src/RetoBlinky.o
 .debug_macro   0x0000000000000000       0x51 ./Src/RetoBlinky.o
 .debug_macro   0x0000000000000000      0x103 ./Src/RetoBlinky.o
 .debug_macro   0x0000000000000000       0x6a ./Src/RetoBlinky.o
 .debug_macro   0x0000000000000000      0x1df ./Src/RetoBlinky.o
 .debug_macro   0x0000000000000000       0x1c ./Src/RetoBlinky.o
 .debug_macro   0x0000000000000000       0x22 ./Src/RetoBlinky.o
 .debug_macro   0x0000000000000000       0xd9 ./Src/RetoBlinky.o
 .debug_macro   0x0000000000000000     0x102d ./Src/RetoBlinky.o
 .debug_macro   0x0000000000000000      0x11f ./Src/RetoBlinky.o
 .debug_macro   0x0000000000000000     0xb953 ./Src/RetoBlinky.o
 .debug_macro   0x0000000000000000       0x6d ./Src/RetoBlinky.o
 .debug_macro   0x0000000000000000       0x52 ./Src/RetoBlinky.o
 .debug_macro   0x0000000000000000       0x1e ./Src/RetoBlinky.o
 .debug_macro   0x0000000000000000       0x3c ./Src/RetoBlinky.o
 .debug_macro   0x0000000000000000       0x34 ./Src/RetoBlinky.o
 .debug_macro   0x0000000000000000       0x16 ./Src/RetoBlinky.o
 .debug_macro   0x0000000000000000       0x97 ./Src/RetoBlinky.o
 .debug_macro   0x0000000000000000      0x341 ./Src/RetoBlinky.o
 .debug_macro   0x0000000000000000       0xfd ./Src/RetoBlinky.o
 .debug_macro   0x0000000000000000       0x10 ./Src/RetoBlinky.o
 .debug_macro   0x0000000000000000       0x16 ./Src/RetoBlinky.o
 .debug_macro   0x0000000000000000       0x43 ./Src/RetoBlinky.o
 .debug_macro   0x0000000000000000       0x34 ./Src/RetoBlinky.o
 .debug_macro   0x0000000000000000       0x10 ./Src/RetoBlinky.o
 .debug_macro   0x0000000000000000       0x58 ./Src/RetoBlinky.o
 .debug_macro   0x0000000000000000       0x71 ./Src/RetoBlinky.o
 .debug_macro   0x0000000000000000       0x1c ./Src/RetoBlinky.o
 .debug_macro   0x0000000000000000      0x12a ./Src/RetoBlinky.o
 .debug_macro   0x0000000000000000       0x10 ./Src/RetoBlinky.o
 .debug_macro   0x0000000000000000       0x1c ./Src/RetoBlinky.o
 .debug_macro   0x0000000000000000       0x52 ./Src/RetoBlinky.o
 .debug_macro   0x0000000000000000       0x22 ./Src/RetoBlinky.o
 .debug_macro   0x0000000000000000       0x10 ./Src/RetoBlinky.o
 .debug_macro   0x0000000000000000       0x52 ./Src/RetoBlinky.o
 .debug_macro   0x0000000000000000       0xd5 ./Src/RetoBlinky.o
 .debug_macro   0x0000000000000000       0x1c ./Src/RetoBlinky.o
 .debug_macro   0x0000000000000000       0x3d ./Src/RetoBlinky.o
 .debug_macro   0x0000000000000000       0x16 ./Src/RetoBlinky.o
 .debug_macro   0x0000000000000000      0x145 ./Src/RetoBlinky.o
 .debug_macro   0x0000000000000000       0x6a ./Src/RetoBlinky.o
 .group         0x0000000000000000        0xc ./Src/syscalls.o
 .group         0x0000000000000000        0xc ./Src/syscalls.o
 .group         0x0000000000000000        0xc ./Src/syscalls.o
 .group         0x0000000000000000        0xc ./Src/syscalls.o
 .group         0x0000000000000000        0xc ./Src/syscalls.o
 .group         0x0000000000000000        0xc ./Src/syscalls.o
 .group         0x0000000000000000        0xc ./Src/syscalls.o
 .group         0x0000000000000000        0xc ./Src/syscalls.o
 .group         0x0000000000000000        0xc ./Src/syscalls.o
 .group         0x0000000000000000        0xc ./Src/syscalls.o
 .group         0x0000000000000000        0xc ./Src/syscalls.o
 .group         0x0000000000000000        0xc ./Src/syscalls.o
 .group         0x0000000000000000        0xc ./Src/syscalls.o
 .group         0x0000000000000000        0xc ./Src/syscalls.o
 .group         0x0000000000000000        0xc ./Src/syscalls.o
 .group         0x0000000000000000        0xc ./Src/syscalls.o
 .group         0x0000000000000000        0xc ./Src/syscalls.o
 .group         0x0000000000000000        0xc ./Src/syscalls.o
 .group         0x0000000000000000        0xc ./Src/syscalls.o
 .group         0x0000000000000000        0xc ./Src/syscalls.o
 .group         0x0000000000000000        0xc ./Src/syscalls.o
 .group         0x0000000000000000        0xc ./Src/syscalls.o
 .group         0x0000000000000000        0xc ./Src/syscalls.o
 .group         0x0000000000000000        0xc ./Src/syscalls.o
 .group         0x0000000000000000        0xc ./Src/syscalls.o
 .group         0x0000000000000000        0xc ./Src/syscalls.o
 .group         0x0000000000000000        0xc ./Src/syscalls.o
 .group         0x0000000000000000        0xc ./Src/syscalls.o
 .group         0x0000000000000000        0xc ./Src/syscalls.o
 .group         0x0000000000000000        0xc ./Src/syscalls.o
 .group         0x0000000000000000        0xc ./Src/syscalls.o
 .group         0x0000000000000000        0xc ./Src/syscalls.o
 .group         0x0000000000000000        0xc ./Src/syscalls.o
 .group         0x0000000000000000        0xc ./Src/syscalls.o
 .group         0x0000000000000000        0xc ./Src/syscalls.o
 .group         0x0000000000000000        0xc ./Src/syscalls.o
 .group         0x0000000000000000        0xc ./Src/syscalls.o
 .group         0x0000000000000000        0xc ./Src/syscalls.o
 .group         0x0000000000000000        0xc ./Src/syscalls.o
 .group         0x0000000000000000        0xc ./Src/syscalls.o
 .group         0x0000000000000000        0xc ./Src/syscalls.o
 .group         0x0000000000000000        0xc ./Src/syscalls.o
 .group         0x0000000000000000        0xc ./Src/syscalls.o
 .group         0x0000000000000000        0xc ./Src/syscalls.o
 .group         0x0000000000000000        0xc ./Src/syscalls.o
 .group         0x0000000000000000        0xc ./Src/syscalls.o
 .group         0x0000000000000000        0xc ./Src/syscalls.o
 .text          0x0000000000000000        0x0 ./Src/syscalls.o
 .data          0x0000000000000000        0x0 ./Src/syscalls.o
 .bss           0x0000000000000000        0x0 ./Src/syscalls.o
 .bss.__env     0x0000000000000000        0x4 ./Src/syscalls.o
 .data.environ  0x0000000000000000        0x4 ./Src/syscalls.o
 .text.initialise_monitor_handles
                0x0000000000000000        0xe ./Src/syscalls.o
 .text._getpid  0x0000000000000000       0x10 ./Src/syscalls.o
 .text._kill    0x0000000000000000       0x20 ./Src/syscalls.o
 .text._exit    0x0000000000000000       0x14 ./Src/syscalls.o
 .text._read    0x0000000000000000       0x3a ./Src/syscalls.o
 .text._write   0x0000000000000000       0x38 ./Src/syscalls.o
 .text._close   0x0000000000000000       0x18 ./Src/syscalls.o
 .text._fstat   0x0000000000000000       0x20 ./Src/syscalls.o
 .text._isatty  0x0000000000000000       0x16 ./Src/syscalls.o
 .text._lseek   0x0000000000000000       0x1a ./Src/syscalls.o
 .text._open    0x0000000000000000       0x1c ./Src/syscalls.o
 .text._wait    0x0000000000000000       0x1e ./Src/syscalls.o
 .text._unlink  0x0000000000000000       0x1e ./Src/syscalls.o
 .text._times   0x0000000000000000       0x18 ./Src/syscalls.o
 .text._stat    0x0000000000000000       0x20 ./Src/syscalls.o
 .text._link    0x0000000000000000       0x20 ./Src/syscalls.o
 .text._fork    0x0000000000000000       0x16 ./Src/syscalls.o
 .text._execve  0x0000000000000000       0x22 ./Src/syscalls.o
 .debug_info    0x0000000000000000      0x6e0 ./Src/syscalls.o
 .debug_abbrev  0x0000000000000000      0x1b3 ./Src/syscalls.o
 .debug_aranges
                0x0000000000000000       0xa8 ./Src/syscalls.o
 .debug_ranges  0x0000000000000000       0x98 ./Src/syscalls.o
 .debug_macro   0x0000000000000000      0x24c ./Src/syscalls.o
 .debug_macro   0x0000000000000000      0xa8a ./Src/syscalls.o
 .debug_macro   0x0000000000000000       0x22 ./Src/syscalls.o
 .debug_macro   0x0000000000000000       0x4c ./Src/syscalls.o
 .debug_macro   0x0000000000000000       0x1e ./Src/syscalls.o
 .debug_macro   0x0000000000000000       0x94 ./Src/syscalls.o
 .debug_macro   0x0000000000000000       0x3c ./Src/syscalls.o
 .debug_macro   0x0000000000000000       0x34 ./Src/syscalls.o
 .debug_macro   0x0000000000000000       0x57 ./Src/syscalls.o
 .debug_macro   0x0000000000000000      0x174 ./Src/syscalls.o
 .debug_macro   0x0000000000000000      0x341 ./Src/syscalls.o
 .debug_macro   0x0000000000000000       0x16 ./Src/syscalls.o
 .debug_macro   0x0000000000000000       0x43 ./Src/syscalls.o
 .debug_macro   0x0000000000000000       0x34 ./Src/syscalls.o
 .debug_macro   0x0000000000000000       0x10 ./Src/syscalls.o
 .debug_macro   0x0000000000000000       0x58 ./Src/syscalls.o
 .debug_macro   0x0000000000000000       0x71 ./Src/syscalls.o
 .debug_macro   0x0000000000000000       0x1c ./Src/syscalls.o
 .debug_macro   0x0000000000000000      0x12a ./Src/syscalls.o
 .debug_macro   0x0000000000000000       0x10 ./Src/syscalls.o
 .debug_macro   0x0000000000000000       0x35 ./Src/syscalls.o
 .debug_macro   0x0000000000000000       0x10 ./Src/syscalls.o
 .debug_macro   0x0000000000000000       0x10 ./Src/syscalls.o
 .debug_macro   0x0000000000000000       0x10 ./Src/syscalls.o
 .debug_macro   0x0000000000000000       0x6a ./Src/syscalls.o
 .debug_macro   0x0000000000000000       0x1c ./Src/syscalls.o
 .debug_macro   0x0000000000000000       0x52 ./Src/syscalls.o
 .debug_macro   0x0000000000000000       0x22 ./Src/syscalls.o
 .debug_macro   0x0000000000000000       0x10 ./Src/syscalls.o
 .debug_macro   0x0000000000000000       0x52 ./Src/syscalls.o
 .debug_macro   0x0000000000000000       0xd5 ./Src/syscalls.o
 .debug_macro   0x0000000000000000       0x1c ./Src/syscalls.o
 .debug_macro   0x0000000000000000       0x3d ./Src/syscalls.o
 .debug_macro   0x0000000000000000       0x35 ./Src/syscalls.o
 .debug_macro   0x0000000000000000      0x12c ./Src/syscalls.o
 .debug_macro   0x0000000000000000       0x16 ./Src/syscalls.o
 .debug_macro   0x0000000000000000       0x16 ./Src/syscalls.o
 .debug_macro   0x0000000000000000       0x29 ./Src/syscalls.o
 .debug_macro   0x0000000000000000       0x10 ./Src/syscalls.o
 .debug_macro   0x0000000000000000      0x241 ./Src/syscalls.o
 .debug_macro   0x0000000000000000       0x1c ./Src/syscalls.o
 .debug_macro   0x0000000000000000       0x10 ./Src/syscalls.o
 .debug_macro   0x0000000000000000       0x10 ./Src/syscalls.o
 .debug_macro   0x0000000000000000       0x16 ./Src/syscalls.o
 .debug_macro   0x0000000000000000      0x145 ./Src/syscalls.o
 .debug_macro   0x0000000000000000      0x189 ./Src/syscalls.o
 .debug_macro   0x0000000000000000       0x16 ./Src/syscalls.o
 .debug_macro   0x0000000000000000       0xce ./Src/syscalls.o
 .debug_line    0x0000000000000000      0x7ea ./Src/syscalls.o
 .debug_str     0x0000000000000000     0x8a94 ./Src/syscalls.o
 .comment       0x0000000000000000       0x51 ./Src/syscalls.o
 .debug_frame   0x0000000000000000      0x2ac ./Src/syscalls.o
 .ARM.attributes
                0x0000000000000000       0x34 ./Src/syscalls.o
 .group         0x0000000000000000        0xc ./Src/sysmem.o
 .group         0x0000000000000000        0xc ./Src/sysmem.o
 .group         0x0000000000000000        0xc ./Src/sysmem.o
 .group         0x0000000000000000        0xc ./Src/sysmem.o
 .group         0x0000000000000000        0xc ./Src/sysmem.o
 .group         0x0000000000000000        0xc ./Src/sysmem.o
 .group         0x0000000000000000        0xc ./Src/sysmem.o
 .group         0x0000000000000000        0xc ./Src/sysmem.o
 .group         0x0000000000000000        0xc ./Src/sysmem.o
 .group         0x0000000000000000        0xc ./Src/sysmem.o
 .group         0x0000000000000000        0xc ./Src/sysmem.o
 .group         0x0000000000000000        0xc ./Src/sysmem.o
 .group         0x0000000000000000        0xc ./Src/sysmem.o
 .group         0x0000000000000000        0xc ./Src/sysmem.o
 .group         0x0000000000000000        0xc ./Src/sysmem.o
 .group         0x0000000000000000        0xc ./Src/sysmem.o
 .group         0x0000000000000000        0xc ./Src/sysmem.o
 .group         0x0000000000000000        0xc ./Src/sysmem.o
 .group         0x0000000000000000        0xc ./Src/sysmem.o
 .group         0x0000000000000000        0xc ./Src/sysmem.o
 .group         0x0000000000000000        0xc ./Src/sysmem.o
 .group         0x0000000000000000        0xc ./Src/sysmem.o
 .text          0x0000000000000000        0x0 ./Src/sysmem.o
 .data          0x0000000000000000        0x0 ./Src/sysmem.o
 .bss           0x0000000000000000        0x0 ./Src/sysmem.o
 .bss.__sbrk_heap_end
                0x0000000000000000        0x4 ./Src/sysmem.o
 .text._sbrk    0x0000000000000000       0x6c ./Src/sysmem.o
 .debug_info    0x0000000000000000      0x171 ./Src/sysmem.o
 .debug_abbrev  0x0000000000000000       0xbb ./Src/sysmem.o
 .debug_aranges
                0x0000000000000000       0x20 ./Src/sysmem.o
 .debug_ranges  0x0000000000000000       0x10 ./Src/sysmem.o
 .debug_macro   0x0000000000000000       0xff ./Src/sysmem.o
 .debug_macro   0x0000000000000000      0xa8a ./Src/sysmem.o
 .debug_macro   0x0000000000000000       0x10 ./Src/sysmem.o
 .debug_macro   0x0000000000000000       0x22 ./Src/sysmem.o
 .debug_macro   0x0000000000000000       0x4c ./Src/sysmem.o
 .debug_macro   0x0000000000000000       0x1e ./Src/sysmem.o
 .debug_macro   0x0000000000000000       0x94 ./Src/sysmem.o
 .debug_macro   0x0000000000000000       0x3c ./Src/sysmem.o
 .debug_macro   0x0000000000000000       0x34 ./Src/sysmem.o
 .debug_macro   0x0000000000000000      0x174 ./Src/sysmem.o
 .debug_macro   0x0000000000000000       0x16 ./Src/sysmem.o
 .debug_macro   0x0000000000000000       0x43 ./Src/sysmem.o
 .debug_macro   0x0000000000000000       0x57 ./Src/sysmem.o
 .debug_macro   0x0000000000000000       0x34 ./Src/sysmem.o
 .debug_macro   0x0000000000000000       0x10 ./Src/sysmem.o
 .debug_macro   0x0000000000000000       0x58 ./Src/sysmem.o
 .debug_macro   0x0000000000000000       0x71 ./Src/sysmem.o
 .debug_macro   0x0000000000000000       0x1c ./Src/sysmem.o
 .debug_macro   0x0000000000000000      0x12a ./Src/sysmem.o
 .debug_macro   0x0000000000000000      0x23b ./Src/sysmem.o
 .debug_macro   0x0000000000000000      0x103 ./Src/sysmem.o
 .debug_macro   0x0000000000000000       0x6a ./Src/sysmem.o
 .debug_macro   0x0000000000000000      0x1df ./Src/sysmem.o
 .debug_line    0x0000000000000000      0x4e0 ./Src/sysmem.o
 .debug_str     0x0000000000000000     0x5dd0 ./Src/sysmem.o
 .comment       0x0000000000000000       0x51 ./Src/sysmem.o
 .debug_frame   0x0000000000000000       0x34 ./Src/sysmem.o
 .ARM.attributes
                0x0000000000000000       0x34 ./Src/sysmem.o
 .text          0x0000000000000000       0x14 ./Startup/startup_stm32f411retx.o
 .data          0x0000000000000000        0x0 ./Startup/startup_stm32f411retx.o
 .bss           0x0000000000000000        0x0 ./Startup/startup_stm32f411retx.o
 .text          0x0000000000000000        0x0 c:/st/stm32cubeide_1.9.0/stm32cubeide/plugins/com.st.stm32cube.ide.mcu.externaltools.gnu-tools-for-stm32.10.3-2021.10.win32_1.0.0.202111181127/tools/bin/../lib/gcc/arm-none-eabi/10.3.1/../../../../arm-none-eabi/lib/thumb/v7e-m+fp/hard\libc_nano.a(lib_a-errno.o)
 .data          0x0000000000000000        0x0 c:/st/stm32cubeide_1.9.0/stm32cubeide/plugins/com.st.stm32cube.ide.mcu.externaltools.gnu-tools-for-stm32.10.3-2021.10.win32_1.0.0.202111181127/tools/bin/../lib/gcc/arm-none-eabi/10.3.1/../../../../arm-none-eabi/lib/thumb/v7e-m+fp/hard\libc_nano.a(lib_a-errno.o)
 .bss           0x0000000000000000        0x0 c:/st/stm32cubeide_1.9.0/stm32cubeide/plugins/com.st.stm32cube.ide.mcu.externaltools.gnu-tools-for-stm32.10.3-2021.10.win32_1.0.0.202111181127/tools/bin/../lib/gcc/arm-none-eabi/10.3.1/../../../../arm-none-eabi/lib/thumb/v7e-m+fp/hard\libc_nano.a(lib_a-errno.o)
 .text.__errno  0x0000000000000000        0xc c:/st/stm32cubeide_1.9.0/stm32cubeide/plugins/com.st.stm32cube.ide.mcu.externaltools.gnu-tools-for-stm32.10.3-2021.10.win32_1.0.0.202111181127/tools/bin/../lib/gcc/arm-none-eabi/10.3.1/../../../../arm-none-eabi/lib/thumb/v7e-m+fp/hard\libc_nano.a(lib_a-errno.o)
 .debug_frame   0x0000000000000000       0x20 c:/st/stm32cubeide_1.9.0/stm32cubeide/plugins/com.st.stm32cube.ide.mcu.externaltools.gnu-tools-for-stm32.10.3-2021.10.win32_1.0.0.202111181127/tools/bin/../lib/gcc/arm-none-eabi/10.3.1/../../../../arm-none-eabi/lib/thumb/v7e-m+fp/hard\libc_nano.a(lib_a-errno.o)
 .ARM.attributes
                0x0000000000000000       0x34 c:/st/stm32cubeide_1.9.0/stm32cubeide/plugins/com.st.stm32cube.ide.mcu.externaltools.gnu-tools-for-stm32.10.3-2021.10.win32_1.0.0.202111181127/tools/bin/../lib/gcc/arm-none-eabi/10.3.1/../../../../arm-none-eabi/lib/thumb/v7e-m+fp/hard\libc_nano.a(lib_a-errno.o)
 .text          0x0000000000000000        0x0 c:/st/stm32cubeide_1.9.0/stm32cubeide/plugins/com.st.stm32cube.ide.mcu.externaltools.gnu-tools-for-stm32.10.3-2021.10.win32_1.0.0.202111181127/tools/bin/../lib/gcc/arm-none-eabi/10.3.1/../../../../arm-none-eabi/lib/thumb/v7e-m+fp/hard\libc_nano.a(lib_a-exit.o)
 .data          0x0000000000000000        0x0 c:/st/stm32cubeide_1.9.0/stm32cubeide/plugins/com.st.stm32cube.ide.mcu.externaltools.gnu-tools-for-stm32.10.3-2021.10.win32_1.0.0.202111181127/tools/bin/../lib/gcc/arm-none-eabi/10.3.1/../../../../arm-none-eabi/lib/thumb/v7e-m+fp/hard\libc_nano.a(lib_a-exit.o)
 .bss           0x0000000000000000        0x0 c:/st/stm32cubeide_1.9.0/stm32cubeide/plugins/com.st.stm32cube.ide.mcu.externaltools.gnu-tools-for-stm32.10.3-2021.10.win32_1.0.0.202111181127/tools/bin/../lib/gcc/arm-none-eabi/10.3.1/../../../../arm-none-eabi/lib/thumb/v7e-m+fp/hard\libc_nano.a(lib_a-exit.o)
 .text.exit     0x0000000000000000       0x28 c:/st/stm32cubeide_1.9.0/stm32cubeide/plugins/com.st.stm32cube.ide.mcu.externaltools.gnu-tools-for-stm32.10.3-2021.10.win32_1.0.0.202111181127/tools/bin/../lib/gcc/arm-none-eabi/10.3.1/../../../../arm-none-eabi/lib/thumb/v7e-m+fp/hard\libc_nano.a(lib_a-exit.o)
 .debug_frame   0x0000000000000000       0x28 c:/st/stm32cubeide_1.9.0/stm32cubeide/plugins/com.st.stm32cube.ide.mcu.externaltools.gnu-tools-for-stm32.10.3-2021.10.win32_1.0.0.202111181127/tools/bin/../lib/gcc/arm-none-eabi/10.3.1/../../../../arm-none-eabi/lib/thumb/v7e-m+fp/hard\libc_nano.a(lib_a-exit.o)
 .ARM.attributes
                0x0000000000000000       0x34 c:/st/stm32cubeide_1.9.0/stm32cubeide/plugins/com.st.stm32cube.ide.mcu.externaltools.gnu-tools-for-stm32.10.3-2021.10.win32_1.0.0.202111181127/tools/bin/../lib/gcc/arm-none-eabi/10.3.1/../../../../arm-none-eabi/lib/thumb/v7e-m+fp/hard\libc_nano.a(lib_a-exit.o)
 .text          0x0000000000000000        0x0 c:/st/stm32cubeide_1.9.0/stm32cubeide/plugins/com.st.stm32cube.ide.mcu.externaltools.gnu-tools-for-stm32.10.3-2021.10.win32_1.0.0.202111181127/tools/bin/../lib/gcc/arm-none-eabi/10.3.1/../../../../arm-none-eabi/lib/thumb/v7e-m+fp/hard\libc_nano.a(lib_a-impure.o)
 .data          0x0000000000000000        0x0 c:/st/stm32cubeide_1.9.0/stm32cubeide/plugins/com.st.stm32cube.ide.mcu.externaltools.gnu-tools-for-stm32.10.3-2021.10.win32_1.0.0.202111181127/tools/bin/../lib/gcc/arm-none-eabi/10.3.1/../../../../arm-none-eabi/lib/thumb/v7e-m+fp/hard\libc_nano.a(lib_a-impure.o)
 .bss           0x0000000000000000        0x0 c:/st/stm32cubeide_1.9.0/stm32cubeide/plugins/com.st.stm32cube.ide.mcu.externaltools.gnu-tools-for-stm32.10.3-2021.10.win32_1.0.0.202111181127/tools/bin/../lib/gcc/arm-none-eabi/10.3.1/../../../../arm-none-eabi/lib/thumb/v7e-m+fp/hard\libc_nano.a(lib_a-impure.o)
 .data._impure_ptr
                0x0000000000000000        0x4 c:/st/stm32cubeide_1.9.0/stm32cubeide/plugins/com.st.stm32cube.ide.mcu.externaltools.gnu-tools-for-stm32.10.3-2021.10.win32_1.0.0.202111181127/tools/bin/../lib/gcc/arm-none-eabi/10.3.1/../../../../arm-none-eabi/lib/thumb/v7e-m+fp/hard\libc_nano.a(lib_a-impure.o)
 .data.impure_data
                0x0000000000000000       0x60 c:/st/stm32cubeide_1.9.0/stm32cubeide/plugins/com.st.stm32cube.ide.mcu.externaltools.gnu-tools-for-stm32.10.3-2021.10.win32_1.0.0.202111181127/tools/bin/../lib/gcc/arm-none-eabi/10.3.1/../../../../arm-none-eabi/lib/thumb/v7e-m+fp/hard\libc_nano.a(lib_a-impure.o)
 .rodata._global_impure_ptr
                0x0000000000000000        0x4 c:/st/stm32cubeide_1.9.0/stm32cubeide/plugins/com.st.stm32cube.ide.mcu.externaltools.gnu-tools-for-stm32.10.3-2021.10.win32_1.0.0.202111181127/tools/bin/../lib/gcc/arm-none-eabi/10.3.1/../../../../arm-none-eabi/lib/thumb/v7e-m+fp/hard\libc_nano.a(lib_a-impure.o)
 .ARM.attributes
                0x0000000000000000       0x34 c:/st/stm32cubeide_1.9.0/stm32cubeide/plugins/com.st.stm32cube.ide.mcu.externaltools.gnu-tools-for-stm32.10.3-2021.10.win32_1.0.0.202111181127/tools/bin/../lib/gcc/arm-none-eabi/10.3.1/../../../../arm-none-eabi/lib/thumb/v7e-m+fp/hard\libc_nano.a(lib_a-impure.o)
 .text          0x0000000000000000        0x0 c:/st/stm32cubeide_1.9.0/stm32cubeide/plugins/com.st.stm32cube.ide.mcu.externaltools.gnu-tools-for-stm32.10.3-2021.10.win32_1.0.0.202111181127/tools/bin/../lib/gcc/arm-none-eabi/10.3.1/../../../../arm-none-eabi/lib/thumb/v7e-m+fp/hard\libc_nano.a(lib_a-init.o)
 .data          0x0000000000000000        0x0 c:/st/stm32cubeide_1.9.0/stm32cubeide/plugins/com.st.stm32cube.ide.mcu.externaltools.gnu-tools-for-stm32.10.3-2021.10.win32_1.0.0.202111181127/tools/bin/../lib/gcc/arm-none-eabi/10.3.1/../../../../arm-none-eabi/lib/thumb/v7e-m+fp/hard\libc_nano.a(lib_a-init.o)
 .bss           0x0000000000000000        0x0 c:/st/stm32cubeide_1.9.0/stm32cubeide/plugins/com.st.stm32cube.ide.mcu.externaltools.gnu-tools-for-stm32.10.3-2021.10.win32_1.0.0.202111181127/tools/bin/../lib/gcc/arm-none-eabi/10.3.1/../../../../arm-none-eabi/lib/thumb/v7e-m+fp/hard\libc_nano.a(lib_a-init.o)
 .text          0x0000000000000000        0x0 c:/st/stm32cubeide_1.9.0/stm32cubeide/plugins/com.st.stm32cube.ide.mcu.externaltools.gnu-tools-for-stm32.10.3-2021.10.win32_1.0.0.202111181127/tools/bin/../lib/gcc/arm-none-eabi/10.3.1/../../../../arm-none-eabi/lib/thumb/v7e-m+fp/hard\libc_nano.a(lib_a-memset.o)
 .data          0x0000000000000000        0x0 c:/st/stm32cubeide_1.9.0/stm32cubeide/plugins/com.st.stm32cube.ide.mcu.externaltools.gnu-tools-for-stm32.10.3-2021.10.win32_1.0.0.202111181127/tools/bin/../lib/gcc/arm-none-eabi/10.3.1/../../../../arm-none-eabi/lib/thumb/v7e-m+fp/hard\libc_nano.a(lib_a-memset.o)
 .bss           0x0000000000000000        0x0 c:/st/stm32cubeide_1.9.0/stm32cubeide/plugins/com.st.stm32cube.ide.mcu.externaltools.gnu-tools-for-stm32.10.3-2021.10.win32_1.0.0.202111181127/tools/bin/../lib/gcc/arm-none-eabi/10.3.1/../../../../arm-none-eabi/lib/thumb/v7e-m+fp/hard\libc_nano.a(lib_a-memset.o)
 .text.memset   0x0000000000000000       0x10 c:/st/stm32cubeide_1.9.0/stm32cubeide/plugins/com.st.stm32cube.ide.mcu.externaltools.gnu-tools-for-stm32.10.3-2021.10.win32_1.0.0.202111181127/tools/bin/../lib/gcc/arm-none-eabi/10.3.1/../../../../arm-none-eabi/lib/thumb/v7e-m+fp/hard\libc_nano.a(lib_a-memset.o)
 .debug_frame   0x0000000000000000       0x20 c:/st/stm32cubeide_1.9.0/stm32cubeide/plugins/com.st.stm32cube.ide.mcu.externaltools.gnu-tools-for-stm32.10.3-2021.10.win32_1.0.0.202111181127/tools/bin/../lib/gcc/arm-none-eabi/10.3.1/../../../../arm-none-eabi/lib/thumb/v7e-m+fp/hard\libc_nano.a(lib_a-memset.o)
 .ARM.attributes
                0x0000000000000000       0x34 c:/st/stm32cubeide_1.9.0/stm32cubeide/plugins/com.st.stm32cube.ide.mcu.externaltools.gnu-tools-for-stm32.10.3-2021.10.win32_1.0.0.202111181127/tools/bin/../lib/gcc/arm-none-eabi/10.3.1/../../../../arm-none-eabi/lib/thumb/v7e-m+fp/hard\libc_nano.a(lib_a-memset.o)
 .text          0x0000000000000000        0x0 c:/st/stm32cubeide_1.9.0/stm32cubeide/plugins/com.st.stm32cube.ide.mcu.externaltools.gnu-tools-for-stm32.10.3-2021.10.win32_1.0.0.202111181127/tools/bin/../lib/gcc/arm-none-eabi/10.3.1/thumb/v7e-m+fp/hard/crtend.o
 .data          0x0000000000000000        0x0 c:/st/stm32cubeide_1.9.0/stm32cubeide/plugins/com.st.stm32cube.ide.mcu.externaltools.gnu-tools-for-stm32.10.3-2021.10.win32_1.0.0.202111181127/tools/bin/../lib/gcc/arm-none-eabi/10.3.1/thumb/v7e-m+fp/hard/crtend.o
 .bss           0x0000000000000000        0x0 c:/st/stm32cubeide_1.9.0/stm32cubeide/plugins/com.st.stm32cube.ide.mcu.externaltools.gnu-tools-for-stm32.10.3-2021.10.win32_1.0.0.202111181127/tools/bin/../lib/gcc/arm-none-eabi/10.3.1/thumb/v7e-m+fp/hard/crtend.o
 .rodata        0x0000000000000000       0x24 c:/st/stm32cubeide_1.9.0/stm32cubeide/plugins/com.st.stm32cube.ide.mcu.externaltools.gnu-tools-for-stm32.10.3-2021.10.win32_1.0.0.202111181127/tools/bin/../lib/gcc/arm-none-eabi/10.3.1/thumb/v7e-m+fp/hard/crtend.o
 .eh_frame      0x0000000000000000        0x4 c:/st/stm32cubeide_1.9.0/stm32cubeide/plugins/com.st.stm32cube.ide.mcu.externaltools.gnu-tools-for-stm32.10.3-2021.10.win32_1.0.0.202111181127/tools/bin/../lib/gcc/arm-none-eabi/10.3.1/thumb/v7e-m+fp/hard/crtend.o
 .ARM.attributes
                0x0000000000000000       0x34 c:/st/stm32cubeide_1.9.0/stm32cubeide/plugins/com.st.stm32cube.ide.mcu.externaltools.gnu-tools-for-stm32.10.3-2021.10.win32_1.0.0.202111181127/tools/bin/../lib/gcc/arm-none-eabi/10.3.1/thumb/v7e-m+fp/hard/crtend.o
 .text          0x0000000000000000        0x0 c:/st/stm32cubeide_1.9.0/stm32cubeide/plugins/com.st.stm32cube.ide.mcu.externaltools.gnu-tools-for-stm32.10.3-2021.10.win32_1.0.0.202111181127/tools/bin/../lib/gcc/arm-none-eabi/10.3.1/thumb/v7e-m+fp/hard/crtn.o
 .data          0x0000000000000000        0x0 c:/st/stm32cubeide_1.9.0/stm32cubeide/plugins/com.st.stm32cube.ide.mcu.externaltools.gnu-tools-for-stm32.10.3-2021.10.win32_1.0.0.202111181127/tools/bin/../lib/gcc/arm-none-eabi/10.3.1/thumb/v7e-m+fp/hard/crtn.o
 .bss           0x0000000000000000        0x0 c:/st/stm32cubeide_1.9.0/stm32cubeide/plugins/com.st.stm32cube.ide.mcu.externaltools.gnu-tools-for-stm32.10.3-2021.10.win32_1.0.0.202111181127/tools/bin/../lib/gcc/arm-none-eabi/10.3.1/thumb/v7e-m+fp/hard/crtn.o

Memory Configuration

Name             Origin             Length             Attributes
RAM              0x0000000020000000 0x0000000000020000 xrw
FLASH            0x0000000008000000 0x0000000000080000 xr
*default*        0x0000000000000000 0xffffffffffffffff

Linker script and memory map

LOAD c:/st/stm32cubeide_1.9.0/stm32cubeide/plugins/com.st.stm32cube.ide.mcu.externaltools.gnu-tools-for-stm32.10.3-2021.10.win32_1.0.0.202111181127/tools/bin/../lib/gcc/arm-none-eabi/10.3.1/thumb/v7e-m+fp/hard/crti.o
LOAD c:/st/stm32cubeide_1.9.0/stm32cubeide/plugins/com.st.stm32cube.ide.mcu.externaltools.gnu-tools-for-stm32.10.3-2021.10.win32_1.0.0.202111181127/tools/bin/../lib/gcc/arm-none-eabi/10.3.1/thumb/v7e-m+fp/hard/crtbegin.o
LOAD c:/st/stm32cubeide_1.9.0/stm32cubeide/plugins/com.st.stm32cube.ide.mcu.externaltools.gnu-tools-for-stm32.10.3-2021.10.win32_1.0.0.202111181127/tools/bin/../lib/gcc/arm-none-eabi/10.3.1/../../../../arm-none-eabi/lib/thumb/v7e-m+fp/hard/crt0.o
LOAD ./Drivers/Src/BasicTimer.o
LOAD ./Drivers/Src/GPIOxDriver.o
LOAD ./Drivers/Src/USARTxDriver.o
LOAD ./Src/RetoBlinky.o
LOAD ./Src/syscalls.o
LOAD ./Src/sysmem.o
LOAD ./Startup/startup_stm32f411retx.o
START GROUP
LOAD c:/st/stm32cubeide_1.9.0/stm32cubeide/plugins/com.st.stm32cube.ide.mcu.externaltools.gnu-tools-for-stm32.10.3-2021.10.win32_1.0.0.202111181127/tools/bin/../lib/gcc/arm-none-eabi/10.3.1/../../../../arm-none-eabi/lib/thumb/v7e-m+fp/hard\libc_nano.a
LOAD c:/st/stm32cubeide_1.9.0/stm32cubeide/plugins/com.st.stm32cube.ide.mcu.externaltools.gnu-tools-for-stm32.10.3-2021.10.win32_1.0.0.202111181127/tools/bin/../lib/gcc/arm-none-eabi/10.3.1/../../../../arm-none-eabi/lib/thumb/v7e-m+fp/hard\libm.a
END GROUP
START GROUP
LOAD c:/st/stm32cubeide_1.9.0/stm32cubeide/plugins/com.st.stm32cube.ide.mcu.externaltools.gnu-tools-for-stm32.10.3-2021.10.win32_1.0.0.202111181127/tools/bin/../lib/gcc/arm-none-eabi/10.3.1/thumb/v7e-m+fp/hard\libgcc.a
LOAD c:/st/stm32cubeide_1.9.0/stm32cubeide/plugins/com.st.stm32cube.ide.mcu.externaltools.gnu-tools-for-stm32.10.3-2021.10.win32_1.0.0.202111181127/tools/bin/../lib/gcc/arm-none-eabi/10.3.1/../../../../arm-none-eabi/lib/thumb/v7e-m+fp/hard\libc_nano.a
END GROUP
START GROUP
LOAD c:/st/stm32cubeide_1.9.0/stm32cubeide/plugins/com.st.stm32cube.ide.mcu.externaltools.gnu-tools-for-stm32.10.3-2021.10.win32_1.0.0.202111181127/tools/bin/../lib/gcc/arm-none-eabi/10.3.1/thumb/v7e-m+fp/hard\libgcc.a
LOAD c:/st/stm32cubeide_1.9.0/stm32cubeide/plugins/com.st.stm32cube.ide.mcu.externaltools.gnu-tools-for-stm32.10.3-2021.10.win32_1.0.0.202111181127/tools/bin/../lib/gcc/arm-none-eabi/10.3.1/../../../../arm-none-eabi/lib/thumb/v7e-m+fp/hard\libc_nano.a
LOAD c:/st/stm32cubeide_1.9.0/stm32cubeide/plugins/com.st.stm32cube.ide.mcu.externaltools.gnu-tools-for-stm32.10.3-2021.10.win32_1.0.0.202111181127/tools/bin/../lib/gcc/arm-none-eabi/10.3.1/../../../../arm-none-eabi/lib/thumb/v7e-m+fp/hard\libnosys.a
END GROUP
START GROUP
LOAD c:/st/stm32cubeide_1.9.0/stm32cubeide/plugins/com.st.stm32cube.ide.mcu.externaltools.gnu-tools-for-stm32.10.3-2021.10.win32_1.0.0.202111181127/tools/bin/../lib/gcc/arm-none-eabi/10.3.1/thumb/v7e-m+fp/hard\libgcc.a
LOAD c:/st/stm32cubeide_1.9.0/stm32cubeide/plugins/com.st.stm32cube.ide.mcu.externaltools.gnu-tools-for-stm32.10.3-2021.10.win32_1.0.0.202111181127/tools/bin/../lib/gcc/arm-none-eabi/10.3.1/../../../../arm-none-eabi/lib/thumb/v7e-m+fp/hard\libc_nano.a
LOAD c:/st/stm32cubeide_1.9.0/stm32cubeide/plugins/com.st.stm32cube.ide.mcu.externaltools.gnu-tools-for-stm32.10.3-2021.10.win32_1.0.0.202111181127/tools/bin/../lib/gcc/arm-none-eabi/10.3.1/../../../../arm-none-eabi/lib/thumb/v7e-m+fp/hard\libnosys.a
END GROUP
LOAD c:/st/stm32cubeide_1.9.0/stm32cubeide/plugins/com.st.stm32cube.ide.mcu.externaltools.gnu-tools-for-stm32.10.3-2021.10.win32_1.0.0.202111181127/tools/bin/../lib/gcc/arm-none-eabi/10.3.1/thumb/v7e-m+fp/hard/crtend.o
LOAD c:/st/stm32cubeide_1.9.0/stm32cubeide/plugins/com.st.stm32cube.ide.mcu.externaltools.gnu-tools-for-stm32.10.3-2021.10.win32_1.0.0.202111181127/tools/bin/../lib/gcc/arm-none-eabi/10.3.1/thumb/v7e-m+fp/hard/crtn.o
                0x0000000020020000                _estack = (ORIGIN (RAM) + LENGTH (RAM))
                0x0000000000000200                _Min_Heap_Size = 0x200
                0x0000000000000400                _Min_Stack_Size = 0x400

.isr_vector     0x0000000008000000      0x198
                0x0000000008000000                . = ALIGN (0x4)
 *(.isr_vector)
 .isr_vector    0x0000000008000000      0x198 ./Startup/startup_stm32f411retx.o
                0x0000000008000000                g_pfnVectors
                0x0000000008000198                . = ALIGN (0x4)

.text           0x0000000008000198      0x5a8
                0x0000000008000198                . = ALIGN (0x4)
 *(.text)
 .text          0x0000000008000198       0x40 c:/st/stm32cubeide_1.9.0/stm32cubeide/plugins/com.st.stm32cube.ide.mcu.externaltools.gnu-tools-for-stm32.10.3-2021.10.win32_1.0.0.202111181127/tools/bin/../lib/gcc/arm-none-eabi/10.3.1/thumb/v7e-m+fp/hard/crtbegin.o
 *(.text*)
 .text.__NVIC_EnableIRQ
                0x00000000080001d8       0x3c ./Drivers/Src/BasicTimer.o
 .text.BTimer_Config
                0x0000000008000214       0xe8 ./Drivers/Src/BasicTimer.o
                0x0000000008000214                BTimer_Config
 .text.TIM2_IRQHandler
                0x00000000080002fc       0x1c ./Drivers/Src/BasicTimer.o
                0x00000000080002fc                TIM2_IRQHandler
 .text.GPIO_Config
                0x0000000008000318      0x254 ./Drivers/Src/GPIOxDriver.o
                0x0000000008000318                GPIO_Config
 .text.main     0x000000000800056c        0xa ./Src/RetoBlinky.o
                0x000000000800056c                main
 *fill*         0x0000000008000576        0x2 
 .text.initSystem
                0x0000000008000578       0xa0 ./Src/RetoBlinky.o
                0x0000000008000578                initSystem
 .text.BTimer_Callback
                0x0000000008000618       0x74 ./Src/RetoBlinky.o
                0x0000000008000618                BTimer_Callback
 .text.Reset_Handler
                0x000000000800068c       0x50 ./Startup/startup_stm32f411retx.o
                0x000000000800068c                Reset_Handler
 .text.Default_Handler
                0x00000000080006dc        0x2 ./Startup/startup_stm32f411retx.o
                0x00000000080006dc                RTC_Alarm_IRQHandler
                0x00000000080006dc                EXTI2_IRQHandler
                0x00000000080006dc                DebugMon_Handler
                0x00000000080006dc                SPI4_IRQHandler
                0x00000000080006dc                TIM1_CC_IRQHandler
                0x00000000080006dc                DMA2_Stream5_IRQHandler
                0x00000000080006dc                HardFault_Handler
                0x00000000080006dc                DMA1_Stream5_IRQHandler
                0x00000000080006dc                SysTick_Handler
                0x00000000080006dc                PVD_IRQHandler
                0x00000000080006dc                SDIO_IRQHandler
                0x00000000080006dc                TAMP_STAMP_IRQHandler
                0x00000000080006dc                PendSV_Handler
                0x00000000080006dc                NMI_Handler
                0x00000000080006dc                EXTI3_IRQHandler
                0x00000000080006dc                TIM1_UP_TIM10_IRQHandler
                0x00000000080006dc                I2C3_ER_IRQHandler
                0x00000000080006dc                EXTI0_IRQHandler
                0x00000000080006dc                I2C2_EV_IRQHandler
                0x00000000080006dc                DMA1_Stream2_IRQHandler
                0x00000000080006dc                FPU_IRQHandler
                0x00000000080006dc                UsageFault_Handler
                0x00000000080006dc                DMA2_Stream2_IRQHandler
                0x00000000080006dc                SPI1_IRQHandler
                0x00000000080006dc                TIM1_BRK_TIM9_IRQHandler
                0x00000000080006dc                DMA2_Stream3_IRQHandler
                0x00000000080006dc                USART6_IRQHandler
                0x00000000080006dc                DMA2_Stream0_IRQHandler
                0x00000000080006dc                TIM4_IRQHandler
                0x00000000080006dc                I2C1_EV_IRQHandler
                0x00000000080006dc                DMA1_Stream6_IRQHandler
                0x00000000080006dc                DMA1_Stream1_IRQHandler
                0x00000000080006dc                TIM3_IRQHandler
                0x00000000080006dc                RCC_IRQHandler
                0x00000000080006dc                Default_Handler
                0x00000000080006dc                EXTI15_10_IRQHandler
                0x00000000080006dc                ADC_IRQHandler
                0x00000000080006dc                DMA1_Stream7_IRQHandler
                0x00000000080006dc                SPI5_IRQHandler
                0x00000000080006dc                TIM5_IRQHandler
                0x00000000080006dc                DMA2_Stream7_IRQHandler
                0x00000000080006dc                I2C3_EV_IRQHandler
                0x00000000080006dc                EXTI9_5_IRQHandler
                0x00000000080006dc                RTC_WKUP_IRQHandler
                0x00000000080006dc                SPI2_IRQHandler
                0x00000000080006dc                MemManage_Handler
                0x00000000080006dc                DMA1_Stream0_IRQHandler
                0x00000000080006dc                SVC_Handler
                0x00000000080006dc                EXTI4_IRQHandler
                0x00000000080006dc                WWDG_IRQHandler
                0x00000000080006dc                OTG_FS_WKUP_IRQHandler
                0x00000000080006dc                TIM1_TRG_COM_TIM11_IRQHandler
                0x00000000080006dc                EXTI1_IRQHandler
                0x00000000080006dc                USART2_IRQHandler
                0x00000000080006dc                I2C2_ER_IRQHandler
                0x00000000080006dc                DMA2_Stream1_IRQHandler
                0x00000000080006dc                FLASH_IRQHandler
                0x00000000080006dc                DMA2_Stream4_IRQHandler
                0x00000000080006dc                BusFault_Handler
                0x00000000080006dc                USART1_IRQHandler
                0x00000000080006dc                OTG_FS_IRQHandler
                0x00000000080006dc                SPI3_IRQHandler
                0x00000000080006dc                DMA1_Stream4_IRQHandler
                0x00000000080006dc                I2C1_ER_IRQHandler
                0x00000000080006dc                DMA2_Stream6_IRQHandler
                0x00000000080006dc                DMA1_Stream3_IRQHandler
 *fill*         0x00000000080006de        0x2 
 .text.__libc_init_array
                0x00000000080006e0       0x48 c:/st/stm32cubeide_1.9.0/stm32cubeide/plugins/com.st.stm32cube.ide.mcu.externaltools.gnu-tools-for-stm32.10.3-2021.10.win32_1.0.0.202111181127/tools/bin/../lib/gcc/arm-none-eabi/10.3.1/../../../../arm-none-eabi/lib/thumb/v7e-m+fp/hard\libc_nano.a(lib_a-init.o)
                0x00000000080006e0                __libc_init_array
 *(.glue_7)
 .glue_7        0x0000000008000728        0x0 linker stubs
 *(.glue_7t)
 .glue_7t       0x0000000008000728        0x0 linker stubs
 *(.eh_frame)
 .eh_frame      0x0000000008000728        0x0 c:/st/stm32cubeide_1.9.0/stm32cubeide/plugins/com.st.stm32cube.ide.mcu.externaltools.gnu-tools-for-stm32.10.3-2021.10.win32_1.0.0.202111181127/tools/bin/../lib/gcc/arm-none-eabi/10.3.1/thumb/v7e-m+fp/hard/crtbegin.o
 *(.init)
 .init          0x0000000008000728        0x4 c:/st/stm32cubeide_1.9.0/stm32cubeide/plugins/com.st.stm32cube.ide.mcu.externaltools.gnu-tools-for-stm32.10.3-2021.10.win32_1.0.0.202111181127/tools/bin/../lib/gcc/arm-none-eabi/10.3.1/thumb/v7e-m+fp/hard/crti.o
                0x0000000008000728                _init
 .init          0x000000000800072c        0x8 c:/st/stm32cubeide_1.9.0/stm32cubeide/plugins/com.st.stm32cube.ide.mcu.externaltools.gnu-tools-for-stm32.10.3-2021.10.win32_1.0.0.202111181127/tools/bin/../lib/gcc/arm-none-eabi/10.3.1/thumb/v7e-m+fp/hard/crtn.o
 *(.fini)
 .fini          0x0000000008000734        0x4 c:/st/stm32cubeide_1.9.0/stm32cubeide/plugins/com.st.stm32cube.ide.mcu.externaltools.gnu-tools-for-stm32.10.3-2021.10.win32_1.0.0.202111181127/tools/bin/../lib/gcc/arm-none-eabi/10.3.1/thumb/v7e-m+fp/hard/crti.o
                0x0000000008000734                _fini
 .fini          0x0000000008000738        0x8 c:/st/stm32cubeide_1.9.0/stm32cubeide/plugins/com.st.stm32cube.ide.mcu.externaltools.gnu-tools-for-stm32.10.3-2021.10.win32_1.0.0.202111181127/tools/bin/../lib/gcc/arm-none-eabi/10.3.1/thumb/v7e-m+fp/hard/crtn.o
                0x0000000008000740                . = ALIGN (0x4)
                0x0000000008000740                _etext = .

.vfp11_veneer   0x0000000008000740        0x0
 .vfp11_veneer  0x0000000008000740        0x0 linker stubs

.v4_bx          0x0000000008000740        0x0
 .v4_bx         0x0000000008000740        0x0 linker stubs

.iplt           0x0000000008000740        0x0
 .iplt          0x0000000008000740        0x0 c:/st/stm32cubeide_1.9.0/stm32cubeide/plugins/com.st.stm32cube.ide.mcu.externaltools.gnu-tools-for-stm32.10.3-2021.10.win32_1.0.0.202111181127/tools/bin/../lib/gcc/arm-none-eabi/10.3.1/thumb/v7e-m+fp/hard/crtbegin.o

.rel.dyn        0x0000000008000740        0x0
 .rel.iplt      0x0000000008000740        0x0 c:/st/stm32cubeide_1.9.0/stm32cubeide/plugins/com.st.stm32cube.ide.mcu.externaltools.gnu-tools-for-stm32.10.3-2021.10.win32_1.0.0.202111181127/tools/bin/../lib/gcc/arm-none-eabi/10.3.1/thumb/v7e-m+fp/hard/crtbegin.o

.rodata         0x0000000008000740        0x0
                0x0000000008000740                . = ALIGN (0x4)
 *(.rodata)
 *(.rodata*)
                0x0000000008000740                . = ALIGN (0x4)

.ARM.extab      0x0000000008000740        0x0
                0x0000000008000740                . = ALIGN (0x4)
 *(.ARM.extab* .gnu.linkonce.armextab.*)
                0x0000000008000740                . = ALIGN (0x4)

.ARM            0x0000000008000740        0x0
                0x0000000008000740                . = ALIGN (0x4)
                0x0000000008000740                __exidx_start = .
 *(.ARM.exidx*)
                0x0000000008000740                __exidx_end = .
                0x0000000008000740                . = ALIGN (0x4)

.preinit_array  0x0000000008000740        0x0
                0x0000000008000740                . = ALIGN (0x4)
                0x0000000008000740                PROVIDE (__preinit_array_start = .)
 *(.preinit_array*)
                0x0000000008000740                PROVIDE (__preinit_array_end = .)
                0x0000000008000740                . = ALIGN (0x4)

.init_array     0x0000000008000740        0x4
                0x0000000008000740                . = ALIGN (0x4)
                0x0000000008000740                PROVIDE (__init_array_start = .)
 *(SORT_BY_NAME(.init_array.*))
 *(.init_array*)
 .init_array    0x0000000008000740        0x4 c:/st/stm32cubeide_1.9.0/stm32cubeide/plugins/com.st.stm32cube.ide.mcu.externaltools.gnu-tools-for-stm32.10.3-2021.10.win32_1.0.0.202111181127/tools/bin/../lib/gcc/arm-none-eabi/10.3.1/thumb/v7e-m+fp/hard/crtbegin.o
                0x0000000008000744                PROVIDE (__init_array_end = .)
                0x0000000008000744                . = ALIGN (0x4)

.fini_array     0x0000000008000744        0x4
                0x0000000008000744                . = ALIGN (0x4)
                [!provide]                        PROVIDE (__fini_array_start = .)
 *(SORT_BY_NAME(.fini_array.*))
 *(.fini_array*)
 .fini_array    0x0000000008000744        0x4 c:/st/stm32cubeide_1.9.0/stm32cubeide/plugins/com.st.stm32cube.ide.mcu.externaltools.gnu-tools-for-stm32.10.3-2021.10.win32_1.0.0.202111181127/tools/bin/../lib/gcc/arm-none-eabi/10.3.1/thumb/v7e-m+fp/hard/crtbegin.o
                [!provide]                        PROVIDE (__fini_array_end = .)
                0x0000000008000748                . = ALIGN (0x4)
                0x0000000008000748                _sidata = LOADADDR (.data)

.data           0x0000000020000000        0x0 load address 0x0000000008000748
                0x0000000020000000                . = ALIGN (0x4)
                0x0000000020000000                _sdata = .
 *(.data)
 *(.data*)
 *(.RamFunc)
 *(.RamFunc*)
                0x0000000020000000                . = ALIGN (0x4)
                0x0000000020000000                _edata = .

.igot.plt       0x0000000020000000        0x0 load address 0x0000000008000748
 .igot.plt      0x0000000020000000        0x0 c:/st/stm32cubeide_1.9.0/stm32cubeide/plugins/com.st.stm32cube.ide.mcu.externaltools.gnu-tools-for-stm32.10.3-2021.10.win32_1.0.0.202111181127/tools/bin/../lib/gcc/arm-none-eabi/10.3.1/thumb/v7e-m+fp/hard/crtbegin.o
                0x0000000020000000                . = ALIGN (0x4)

.bss            0x0000000020000000       0x44 load address 0x0000000008000748
                0x0000000020000000                _sbss = .
                0x0000000020000000                __bss_start__ = _sbss
 *(.bss)
 .bss           0x0000000020000000       0x1c c:/st/stm32cubeide_1.9.0/stm32cubeide/plugins/com.st.stm32cube.ide.mcu.externaltools.gnu-tools-for-stm32.10.3-2021.10.win32_1.0.0.202111181127/tools/bin/../lib/gcc/arm-none-eabi/10.3.1/thumb/v7e-m+fp/hard/crtbegin.o
 *(.bss*)
 .bss.handlerLed1
                0x000000002000001c        0xc ./Src/RetoBlinky.o
                0x000000002000001c                handlerLed1
 .bss.handlerLed2
                0x0000000020000028        0xc ./Src/RetoBlinky.o
                0x0000000020000028                handlerLed2
 .bss.handlerBTimerReto
                0x0000000020000034        0xc ./Src/RetoBlinky.o
                0x0000000020000034                handlerBTimerReto
 .bss.counter   0x0000000020000040        0x4 ./Src/RetoBlinky.o
                0x0000000020000040                counter
 *(COMMON)
                0x0000000020000044                . = ALIGN (0x4)
                0x0000000020000044                _ebss = .
                0x0000000020000044                __bss_end__ = _ebss

._user_heap_stack
                0x0000000020000044      0x604 load address 0x0000000008000748
                0x0000000020000048                . = ALIGN (0x8)
 *fill*         0x0000000020000044        0x4 
                [!provide]                        PROVIDE (end = .)
                0x0000000020000048                PROVIDE (_end = .)
                0x0000000020000248                . = (. + _Min_Heap_Size)
 *fill*         0x0000000020000048      0x200 
                0x0000000020000648                . = (. + _Min_Stack_Size)
 *fill*         0x0000000020000248      0x400 
                0x0000000020000648                . = ALIGN (0x8)

/DISCARD/
 libc.a(*)
 libm.a(*)
 libgcc.a(*)

.ARM.attributes
                0x0000000000000000       0x30
 *(.ARM.attributes)
 .ARM.attributes
                0x0000000000000000       0x1e c:/st/stm32cubeide_1.9.0/stm32cubeide/plugins/com.st.stm32cube.ide.mcu.externaltools.gnu-tools-for-stm32.10.3-2021.10.win32_1.0.0.202111181127/tools/bin/../lib/gcc/arm-none-eabi/10.3.1/thumb/v7e-m+fp/hard/crti.o
 .ARM.attributes
                0x000000000000001e       0x34 c:/st/stm32cubeide_1.9.0/stm32cubeide/plugins/com.st.stm32cube.ide.mcu.externaltools.gnu-tools-for-stm32.10.3-2021.10.win32_1.0.0.202111181127/tools/bin/../lib/gcc/arm-none-eabi/10.3.1/thumb/v7e-m+fp/hard/crtbegin.o
 .ARM.attributes
                0x0000000000000052       0x34 ./Drivers/Src/BasicTimer.o
 .ARM.attributes
                0x0000000000000086       0x34 ./Drivers/Src/GPIOxDriver.o
 .ARM.attributes
                0x00000000000000ba       0x34 ./Src/RetoBlinky.o
 .ARM.attributes
                0x00000000000000ee       0x21 ./Startup/startup_stm32f411retx.o
 .ARM.attributes
                0x000000000000010f       0x34 c:/st/stm32cubeide_1.9.0/stm32cubeide/plugins/com.st.stm32cube.ide.mcu.externaltools.gnu-tools-for-stm32.10.3-2021.10.win32_1.0.0.202111181127/tools/bin/../lib/gcc/arm-none-eabi/10.3.1/../../../../arm-none-eabi/lib/thumb/v7e-m+fp/hard\libc_nano.a(lib_a-init.o)
 .ARM.attributes
                0x0000000000000143       0x1e c:/st/stm32cubeide_1.9.0/stm32cubeide/plugins/com.st.stm32cube.ide.mcu.externaltools.gnu-tools-for-stm32.10.3-2021.10.win32_1.0.0.202111181127/tools/bin/../lib/gcc/arm-none-eabi/10.3.1/thumb/v7e-m+fp/hard/crtn.o
OUTPUT(EjemploTimers.elf elf32-littlearm)
LOAD linker stubs
LOAD c:/st/stm32cubeide_1.9.0/stm32cubeide/plugins/com.st.stm32cube.ide.mcu.externaltools.gnu-tools-for-stm32.10.3-2021.10.win32_1.0.0.202111181127/tools/bin/../lib/gcc/arm-none-eabi/10.3.1/../../../../arm-none-eabi/lib/thumb/v7e-m+fp/hard\libc.a
LOAD c:/st/stm32cubeide_1.9.0/stm32cubeide/plugins/com.st.stm32cube.ide.mcu.externaltools.gnu-tools-for-stm32.10.3-2021.10.win32_1.0.0.202111181127/tools/bin/../lib/gcc/arm-none-eabi/10.3.1/../../../../arm-none-eabi/lib/thumb/v7e-m+fp/hard\libm.a
LOAD c:/st/stm32cubeide_1.9.0/stm32cubeide/plugins/com.st.stm32cube.ide.mcu.externaltools.gnu-tools-for-stm32.10.3-2021.10.win32_1.0.0.202111181127/tools/bin/../lib/gcc/arm-none-eabi/10.3.1/thumb/v7e-m+fp/hard\libgcc.a

.debug_info     0x0000000000000000     0x1140
 .debug_info    0x0000000000000000      0x7fd ./Drivers/Src/BasicTimer.o
 .debug_info    0x00000000000007fd      0x4b0 ./Drivers/Src/GPIOxDriver.o
 .debug_info    0x0000000000000cad      0x471 ./Src/RetoBlinky.o
 .debug_info    0x000000000000111e       0x22 ./Startup/startup_stm32f411retx.o

.debug_abbrev   0x0000000000000000      0x473
 .debug_abbrev  0x0000000000000000      0x1cb ./Drivers/Src/BasicTimer.o
 .debug_abbrev  0x00000000000001cb      0x159 ./Drivers/Src/GPIOxDriver.o
 .debug_abbrev  0x0000000000000324      0x13d ./Src/RetoBlinky.o
 .debug_abbrev  0x0000000000000461       0x12 ./Startup/startup_stm32f411retx.o

.debug_aranges  0x0000000000000000       0xc0
 .debug_aranges
                0x0000000000000000       0x38 ./Drivers/Src/BasicTimer.o
 .debug_aranges
                0x0000000000000038       0x30 ./Drivers/Src/GPIOxDriver.o
 .debug_aranges
                0x0000000000000068       0x30 ./Src/RetoBlinky.o
 .debug_aranges
                0x0000000000000098       0x28 ./Startup/startup_stm32f411retx.o

.debug_ranges   0x0000000000000000       0x88
 .debug_ranges  0x0000000000000000       0x28 ./Drivers/Src/BasicTimer.o
 .debug_ranges  0x0000000000000028       0x20 ./Drivers/Src/GPIOxDriver.o
 .debug_ranges  0x0000000000000048       0x20 ./Src/RetoBlinky.o
 .debug_ranges  0x0000000000000068       0x20 ./Startup/startup_stm32f411retx.o

.debug_macro    0x0000000000000000     0xe1d1
 .debug_macro   0x0000000000000000       0xdd ./Drivers/Src/BasicTimer.o
 .debug_macro   0x00000000000000dd      0xa8a ./Drivers/Src/BasicTimer.o
 .debug_macro   0x0000000000000b67       0x28 ./Drivers/Src/BasicTimer.o
 .debug_macro   0x0000000000000b8f       0x28 ./Drivers/Src/BasicTimer.o
 .debug_macro   0x0000000000000bb7       0x22 ./Drivers/Src/BasicTimer.o
 .debug_macro   0x0000000000000bd9       0x8e ./Drivers/Src/BasicTimer.o
 .debug_macro   0x0000000000000c67       0x51 ./Drivers/Src/BasicTimer.o
 .debug_macro   0x0000000000000cb8      0x103 ./Drivers/Src/BasicTimer.o
 .debug_macro   0x0000000000000dbb       0x6a ./Drivers/Src/BasicTimer.o
 .debug_macro   0x0000000000000e25      0x1df ./Drivers/Src/BasicTimer.o
 .debug_macro   0x0000000000001004       0x1c ./Drivers/Src/BasicTimer.o
 .debug_macro   0x0000000000001020       0x22 ./Drivers/Src/BasicTimer.o
 .debug_macro   0x0000000000001042       0xd9 ./Drivers/Src/BasicTimer.o
 .debug_macro   0x000000000000111b     0x102d ./Drivers/Src/BasicTimer.o
 .debug_macro   0x0000000000002148      0x11f ./Drivers/Src/BasicTimer.o
 .debug_macro   0x0000000000002267     0xb953 ./Drivers/Src/BasicTimer.o
 .debug_macro   0x000000000000dbba       0x6d ./Drivers/Src/BasicTimer.o
 .debug_macro   0x000000000000dc27       0x22 ./Drivers/Src/BasicTimer.o
 .debug_macro   0x000000000000dc49       0xdd ./Drivers/Src/GPIOxDriver.o
 .debug_macro   0x000000000000dd26      0x118 ./Drivers/Src/GPIOxDriver.o
 .debug_macro   0x000000000000de3e      0x24d ./Src/RetoBlinky.o
 .debug_macro   0x000000000000e08b      0x11e ./Src/RetoBlinky.o
 .debug_macro   0x000000000000e1a9       0x28 ./Src/RetoBlinky.o

.debug_line     0x0000000000000000     0x150b
 .debug_line    0x0000000000000000      0x601 ./Drivers/Src/BasicTimer.o
 .debug_line    0x0000000000000601      0x6ec ./Drivers/Src/GPIOxDriver.o
 .debug_line    0x0000000000000ced      0x79a ./Src/RetoBlinky.o
 .debug_line    0x0000000000001487       0x84 ./Startup/startup_stm32f411retx.o

.debug_str      0x0000000000000000    0x5449b
 .debug_str     0x0000000000000000    0x4fef3 ./Drivers/Src/BasicTimer.o
                                      0x50090 (size before relaxing)
 .debug_str     0x000000000004fef3      0x3b8 ./Drivers/Src/GPIOxDriver.o
                                      0x4fea3 (size before relaxing)
 .debug_str     0x00000000000502ab     0x41bf ./Src/RetoBlinky.o
                                      0x540ad (size before relaxing)
 .debug_str     0x000000000005446a       0x31 ./Startup/startup_stm32f411retx.o
                                         0x71 (size before relaxing)

.comment        0x0000000000000000       0x50
 .comment       0x0000000000000000       0x50 ./Drivers/Src/BasicTimer.o
                                         0x51 (size before relaxing)
 .comment       0x0000000000000050       0x51 ./Drivers/Src/GPIOxDriver.o
 .comment       0x0000000000000050       0x51 ./Src/RetoBlinky.o

.debug_frame    0x0000000000000000      0x1b4
 .debug_frame   0x0000000000000000       0x98 ./Drivers/Src/BasicTimer.o
 .debug_frame   0x0000000000000098       0x88 ./Drivers/Src/GPIOxDriver.o
 .debug_frame   0x0000000000000120       0x68 ./Src/RetoBlinky.o
 .debug_frame   0x0000000000000188       0x2c c:/st/stm32cubeide_1.9.0/stm32cubeide/plugins/com.st.stm32cube.ide.mcu.externaltools.gnu-tools-for-stm32.10.3-2021.10.win32_1.0.0.202111181127/tools/bin/../lib/gcc/arm-none-eabi/10.3.1/../../../../arm-none-eabi/lib/thumb/v7e-m+fp/hard\libc_nano.a(lib_a-init.o)
