../Core/Src/main.c:87:5:main	8	static
../Core/Src/main.c:145:6:SystemClock_Config	88	static
../Core/Src/main.c:192:13:MX_TIM4_Init	32	static
../Core/Src/main.c:237:13:MX_TIM5_Init	32	static
../Core/Src/main.c:282:13:MX_USART2_UART_Init	8	static
../Core/Src/main.c:315:13:MX_GPIO_Init	48	static
../Core/Src/main.c:352:6:initEXTI	8	static
../Core/Src/main.c:362:6:Exti7_Rising_Callback	4	static
../Core/Src/main.c:366:6:Exti7_Falling_Callback	8	static
../Core/Src/main.c:372:6:SendUltraPulse	8	static
../Core/Src/main.c:379:6:Delay_us	16	static
../Core/Src/main.c:384:6:HAL_TIM_PeriodElapsedCallback	16	static
../Core/Src/main.c:388:6:getDistance	16	static
../Core/Src/main.c:394:6:send_uart2	24	static
../Core/Src/main.c:408:6:Error_Handler	4	static,ignoring_inline_asm
