C:/Users/ezque/STM32CubeIDE/workspace_1.9.0/mcu_headers/CMSIS/Include/core_cm4.h:1688:22:__NVIC_EnableIRQ	16	static
C:/Users/ezque/STM32CubeIDE/workspace_1.9.0/mcu_headers/CMSIS/Include/core_cm4.h:1724:22:__NVIC_DisableIRQ	16	static,ignoring_inline_asm
../Drivers/Src/USARTxDriver.c:20:6:USART_Config	16	static,ignoring_inline_asm
../Drivers/Src/USARTxDriver.c:209:6:writeChar	16	static
../Drivers/Src/USARTxDriver.c:228:6:readChar	24	static
../Drivers/Src/USARTxDriver.c:235:6:getRxData	4	static
../Drivers/Src/USARTxDriver.c:243:28:Usart1_TX_Callback	4	static,ignoring_inline_asm
../Drivers/Src/USARTxDriver.c:247:28:Usart2_TX_Callback	4	static,ignoring_inline_asm
../Drivers/Src/USARTxDriver.c:251:28:Usart6_TX_Callback	4	static,ignoring_inline_asm
../Drivers/Src/USARTxDriver.c:255:28:Usart1_RX_Callback	4	static,ignoring_inline_asm
../Drivers/Src/USARTxDriver.c:259:28:Usart2_RX_Callback	4	static,ignoring_inline_asm
../Drivers/Src/USARTxDriver.c:263:28:Usart6_RX_Callback	4	static,ignoring_inline_asm
../Drivers/Src/USARTxDriver.c:270:6:USART1_IRQHandler	8	static
../Drivers/Src/USARTxDriver.c:289:6:USART2_IRQHandler	8	static
../Drivers/Src/USARTxDriver.c:308:6:USART6_IRQHandler	8	static
