../Drivers/CMSIS/Include/core_cm4.h:1688:22:__NVIC_EnableIRQ	16	static
../Drivers/MyDrivers/ExtiDriver.c:15:6:exti_Config	16	static,ignoring_inline_asm
../Drivers/MyDrivers/ExtiDriver.c:97:6:EXTI0_IRQHandler	8	static
../Drivers/MyDrivers/ExtiDriver.c:104:6:EXTI1_IRQHandler	8	static
../Drivers/MyDrivers/ExtiDriver.c:111:6:EXTI2_IRQHandler	8	static
../Drivers/MyDrivers/ExtiDriver.c:118:6:EXTI3_IRQHandler	8	static
../Drivers/MyDrivers/ExtiDriver.c:132:6:EXTI9_5_IRQHandler	8	static
../Drivers/MyDrivers/ExtiDriver.c:161:6:EXTI15_10_IRQHandler	8	static
../Drivers/MyDrivers/ExtiDriver.c:195:29:Exti0_Callback	4	static,ignoring_inline_asm
../Drivers/MyDrivers/ExtiDriver.c:198:29:Exti1_Callback	4	static,ignoring_inline_asm
../Drivers/MyDrivers/ExtiDriver.c:201:29:Exti2_Callback	4	static,ignoring_inline_asm
../Drivers/MyDrivers/ExtiDriver.c:204:29:Exti3_Callback	4	static,ignoring_inline_asm
../Drivers/MyDrivers/ExtiDriver.c:207:29:Exti4_Callback	4	static,ignoring_inline_asm
../Drivers/MyDrivers/ExtiDriver.c:210:29:Exti5_Callback	4	static,ignoring_inline_asm
../Drivers/MyDrivers/ExtiDriver.c:213:29:Exti6_Callback	4	static,ignoring_inline_asm
../Drivers/MyDrivers/ExtiDriver.c:216:29:Exti7_Callback	4	static,ignoring_inline_asm
../Drivers/MyDrivers/ExtiDriver.c:219:29:Exti7_Rising_Callback	4	static,ignoring_inline_asm
../Drivers/MyDrivers/ExtiDriver.c:222:29:Exti7_Falling_Callback	4	static,ignoring_inline_asm
../Drivers/MyDrivers/ExtiDriver.c:225:29:Exti8_Callback	4	static,ignoring_inline_asm
../Drivers/MyDrivers/ExtiDriver.c:228:29:Exti9_Callback	4	static,ignoring_inline_asm
../Drivers/MyDrivers/ExtiDriver.c:231:29:Exti10_Callback	4	static,ignoring_inline_asm
../Drivers/MyDrivers/ExtiDriver.c:234:29:Exti10_Rising_Callback	4	static,ignoring_inline_asm
../Drivers/MyDrivers/ExtiDriver.c:237:29:Exti10_Falling_Callback	4	static,ignoring_inline_asm
../Drivers/MyDrivers/ExtiDriver.c:240:29:Exti11_Callback	4	static,ignoring_inline_asm
../Drivers/MyDrivers/ExtiDriver.c:243:29:Exti12_Callback	4	static,ignoring_inline_asm
../Drivers/MyDrivers/ExtiDriver.c:246:29:Exti13_Callback	4	static,ignoring_inline_asm
../Drivers/MyDrivers/ExtiDriver.c:249:29:Exti14_Callback	4	static,ignoring_inline_asm
../Drivers/MyDrivers/ExtiDriver.c:252:29:Exti15_Callback	4	static,ignoring_inline_asm
../Drivers/MyDrivers/ExtiDriver.c:256:6:configExtiPin	16	static
