../Core/Src/main.c:162:1:__io_putchar	16	static
../Core/Src/main.c:169:6:HAL_GPIO_EXTI_Callback	16	static
../Core/Src/main.c:182:5:main	8	static
../Core/Src/main.c:273:6:SystemClock_Config	88	static
../Core/Src/main.c:320:13:MX_I2C1_Init	8	static
../Core/Src/main.c:354:13:MX_TIM5_Init	32	static
../Core/Src/main.c:399:13:MX_USART2_UART_Init	8	static
../Core/Src/main.c:432:13:MX_GPIO_Init	48	static
../Core/Src/main.c:479:6:parseCommands	24	static
../Core/Src/main.c:515:6:getRangingData	32	static
../Core/Src/main.c:526:6:StaticRanging	40	static
../Core/Src/main.c:548:6:RangingMeasurment	120	static,ignoring_inline_asm
../Core/Src/main.c:641:6:initSystem	8	static
../Core/Src/main.c:732:6:Initial_Boot_VL53L3CX	16	static
../Core/Src/main.c:791:6:RangeErrorsMsg	16	static
../Core/Src/main.c:864:6:BTimer2_Callback	4	static
../Core/Src/main.c:869:6:Usart2_RX_Callback	8	static
../Core/Src/main.c:873:6:WelcomeMsg	8	static
../Core/Src/main.c:883:6:initEXTI	8	static
../Core/Src/main.c:893:6:Exti10_Rising_Callback	4	static
../Core/Src/main.c:897:6:Exti10_Falling_Callback	8	static
../Core/Src/main.c:904:6:SendUltraPulse	8	static
../Core/Src/main.c:911:6:Delay_us	16	static
../Core/Src/main.c:917:6:getDistance	16	static
../Core/Src/main.c:928:6:getLightSpeed	80	static
../Core/Src/main.c:947:6:Static	16	static
../Core/Src/main.c:964:6:send_uart2	24	static
../Core/Src/main.c:975:6:Error_Handler	4	static,ignoring_inline_asm
