../Core/Src/LiDAR_Main.c:141:1:__io_putchar	16	static
../Core/Src/LiDAR_Main.c:148:6:HAL_GPIO_EXTI_Callback	16	static
../Core/Src/LiDAR_Main.c:161:5:main	8	static
../Core/Src/LiDAR_Main.c:243:6:SystemClock_Config	88	static
../Core/Src/LiDAR_Main.c:290:13:MX_I2C1_Init	8	static
../Core/Src/LiDAR_Main.c:324:13:MX_USART2_UART_Init	8	static
../Core/Src/LiDAR_Main.c:357:13:MX_GPIO_Init	48	static
../Core/Src/LiDAR_Main.c:397:6:parseCommands	32	static
../Core/Src/LiDAR_Main.c:466:6:stepMotorMove	24	static
../Core/Src/LiDAR_Main.c:475:6:LiDAR_Start	24	static
../Core/Src/LiDAR_Main.c:506:6:getRangingData	32	static
../Core/Src/LiDAR_Main.c:517:6:StaticRanging	16	static
../Core/Src/LiDAR_Main.c:532:6:RangingMeasurment	120	static,ignoring_inline_asm
../Core/Src/LiDAR_Main.c:625:6:initSystem	8	static
../Core/Src/LiDAR_Main.c:750:6:Initial_Boot_VL53L3CX	16	static
../Core/Src/LiDAR_Main.c:809:6:RangeErrorsMsg	16	static
../Core/Src/LiDAR_Main.c:882:6:BTimer2_Callback	4	static
../Core/Src/LiDAR_Main.c:887:6:Usart2_RX_Callback	8	static
../Core/Src/LiDAR_Main.c:891:6:WelcomeMsg	8	static
../Core/Src/LiDAR_Main.c:906:6:Error_Handler	4	static,ignoring_inline_asm
