D:/Escritorio/UNAL X/Taller V/Sensor LiDAR 2D/VL53L3CX/Software STM/en.en.bare_driver_VL53L3CX/BareDriver/VL53L3CX_API_1.2.8/example/Src/vl53lx_platform.c:82:5:_I2CWrite	40	static
D:/Escritorio/UNAL X/Taller V/Sensor LiDAR 2D/VL53L3CX/Software STM/en.en.bare_driver_VL53L3CX/BareDriver/VL53L3CX_API_1.2.8/example/Src/vl53lx_platform.c:104:5:_I2CRead	40	static
D:/Escritorio/UNAL X/Taller V/Sensor LiDAR 2D/VL53L3CX/Software STM/en.en.bare_driver_VL53L3CX/BareDriver/VL53L3CX_API_1.2.8/example/Src/vl53lx_platform.c:117:14:VL53LX_WriteMulti	32	static
D:/Escritorio/UNAL X/Taller V/Sensor LiDAR 2D/VL53L3CX/Software STM/en.en.bare_driver_VL53L3CX/BareDriver/VL53L3CX_API_1.2.8/example/Src/vl53lx_platform.c:136:14:VL53LX_ReadMulti	32	static
D:/Escritorio/UNAL X/Taller V/Sensor LiDAR 2D/VL53L3CX/Software STM/en.en.bare_driver_VL53L3CX/BareDriver/VL53L3CX_API_1.2.8/example/Src/vl53lx_platform.c:157:14:VL53LX_WrByte	24	static
D:/Escritorio/UNAL X/Taller V/Sensor LiDAR 2D/VL53L3CX/Software STM/en.en.bare_driver_VL53L3CX/BareDriver/VL53L3CX_API_1.2.8/example/Src/vl53lx_platform.c:174:14:VL53LX_WrWord	24	static
D:/Escritorio/UNAL X/Taller V/Sensor LiDAR 2D/VL53L3CX/Software STM/en.en.bare_driver_VL53L3CX/BareDriver/VL53L3CX_API_1.2.8/example/Src/vl53lx_platform.c:192:14:VL53LX_WrDWord	32	static
D:/Escritorio/UNAL X/Taller V/Sensor LiDAR 2D/VL53L3CX/Software STM/en.en.bare_driver_VL53L3CX/BareDriver/VL53L3CX_API_1.2.8/example/Src/vl53lx_platform.c:210:14:VL53LX_UpdateByte	24	static
D:/Escritorio/UNAL X/Taller V/Sensor LiDAR 2D/VL53L3CX/Software STM/en.en.bare_driver_VL53L3CX/BareDriver/VL53L3CX_API_1.2.8/example/Src/vl53lx_platform.c:224:14:VL53LX_RdByte	32	static
D:/Escritorio/UNAL X/Taller V/Sensor LiDAR 2D/VL53L3CX/Software STM/en.en.bare_driver_VL53L3CX/BareDriver/VL53L3CX_API_1.2.8/example/Src/vl53lx_platform.c:245:14:VL53LX_RdWord	32	static
D:/Escritorio/UNAL X/Taller V/Sensor LiDAR 2D/VL53L3CX/Software STM/en.en.bare_driver_VL53L3CX/BareDriver/VL53L3CX_API_1.2.8/example/Src/vl53lx_platform.c:270:14:VL53LX_RdDWord	32	static
D:/Escritorio/UNAL X/Taller V/Sensor LiDAR 2D/VL53L3CX/Software STM/en.en.bare_driver_VL53L3CX/BareDriver/VL53L3CX_API_1.2.8/example/Src/vl53lx_platform.c:295:14:VL53LX_GetTickCount	24	static
D:/Escritorio/UNAL X/Taller V/Sensor LiDAR 2D/VL53L3CX/Software STM/en.en.bare_driver_VL53L3CX/BareDriver/VL53L3CX_API_1.2.8/example/Src/vl53lx_platform.c:348:14:VL53LX_GetTimerFrequency	16	static
D:/Escritorio/UNAL X/Taller V/Sensor LiDAR 2D/VL53L3CX/Software STM/en.en.bare_driver_VL53L3CX/BareDriver/VL53L3CX_API_1.2.8/example/Src/vl53lx_platform.c:357:14:VL53LX_WaitMs	16	static
D:/Escritorio/UNAL X/Taller V/Sensor LiDAR 2D/VL53L3CX/Software STM/en.en.bare_driver_VL53L3CX/BareDriver/VL53L3CX_API_1.2.8/example/Src/vl53lx_platform.c:363:14:VL53LX_WaitUs	16	static
D:/Escritorio/UNAL X/Taller V/Sensor LiDAR 2D/VL53L3CX/Software STM/en.en.bare_driver_VL53L3CX/BareDriver/VL53L3CX_API_1.2.8/example/Src/vl53lx_platform.c:369:14:VL53LX_WaitValueMaskEx	568	static
