../Middlewares/tensorflow/tensorflow/lite/micro/micro_graph.cc:53:1:virtual tflite::MicroGraph::~MicroGraph()	0	static
../Middlewares/tensorflow/tensorflow/lite/micro/micro_graph.cc:55:14:virtual TfLiteStatus tflite::MicroGraph::InitSubgraphs()	32	static
../Middlewares/tensorflow/tensorflow/lite/micro/micro_graph.cc:119:14:virtual TfLiteStatus tflite::MicroGraph::FreeSubgraphs()	32	static
../Middlewares/tensorflow/tensorflow/lite/micro/micro_graph.cc:30:13:const char* tflite::{anonymous}::OpNameFromRegistration(const TfLiteRegistration*)	0	static
../Middlewares/tensorflow/tensorflow/lite/micro/micro_graph.cc:89:14:virtual TfLiteStatus tflite::MicroGraph::PrepareSubgraphs()	40	static
../Middlewares/tensorflow/third_party/flatbuffers/include/flatbuffers/table.h:35:13:flatbuffers::voffset_t flatbuffers::Table::GetOptionalFieldOffset(flatbuffers::voffset_t) const	0	static
../Middlewares/tensorflow/tensorflow/lite/schema/schema_generated.h:13158:69:const flatbuffers::Vector<flatbuffers::Offset<tflite::SubGraph> >* tflite::Model::subgraphs() const	8	static
../Middlewares/tensorflow/tensorflow/lite/micro/micro_graph.cc:219:5:virtual int tflite::MicroGraph::NumSubgraphs()	8	static
../Middlewares/tensorflow/tensorflow/lite/micro/micro_profiler.h:128:3:tflite::ScopedMicroProfiler::~ScopedMicroProfiler()	8	static
../Middlewares/tensorflow/tensorflow/lite/micro/micro_graph.cc:145:14:virtual TfLiteStatus tflite::MicroGraph::InvokeSubgraph(int)	48	static
../Middlewares/tensorflow/tensorflow/lite/micro/micro_graph.cc:40:1:tflite::MicroGraph::MicroGraph(TfLiteContext*, const tflite::Model*, tflite::MicroAllocator*, tflite::MicroResourceVariables*)	8	static
../Middlewares/tensorflow/tensorflow/lite/micro/micro_graph.cc:221:6:void tflite::MicroGraph::SetSubgraphAllocations(tflite::SubgraphAllocations*)	0	static
../Middlewares/tensorflow/third_party/flatbuffers/include/flatbuffers/vector.h:169:15:flatbuffers::Vector<T>::return_type flatbuffers::Vector<T>::Get(flatbuffers::uoffset_t) const [with T = long int]	8	static
../Middlewares/tensorflow/third_party/flatbuffers/include/flatbuffers/vector.h:169:15:flatbuffers::Vector<T>::return_type flatbuffers::Vector<T>::Get(flatbuffers::uoffset_t) const [with T = flatbuffers::Offset<tflite::SubGraph>]	8	static
../Middlewares/tensorflow/tensorflow/lite/micro/micro_graph.cc:192:14:virtual TfLiteStatus tflite::MicroGraph::ResetVariableTensors()	48	static
../Middlewares/tensorflow/third_party/flatbuffers/include/flatbuffers/table.h:50:26:P flatbuffers::Table::GetPointer(flatbuffers::voffset_t) [with P = const flatbuffers::Vector<long int>*]	8	static
../Middlewares/tensorflow/tensorflow/lite/micro/micro_graph.cc:230:19:virtual TfLiteEvalTensor* tflite::MicroGraph::GetSubgraphInput(int, int)	16	static
../Middlewares/tensorflow/tensorflow/lite/micro/micro_graph.cc:241:19:virtual TfLiteEvalTensor* tflite::MicroGraph::GetSubgraphOutput(int, int)	16	static
../Middlewares/tensorflow/tensorflow/lite/micro/micro_graph.cc:237:8:virtual size_t tflite::MicroGraph::NumSubgraphOutputs(int)	16	static
../Middlewares/tensorflow/tensorflow/lite/micro/micro_graph.cc:226:8:virtual size_t tflite::MicroGraph::NumSubgraphInputs(int)	16	static
