../Middlewares/tensorflow/tensorflow/lite/micro/micro_allocator.cc:63:9:virtual void* tflite::{anonymous}::MicroBuiltinDataAllocator::Allocate(size_t, size_t)	0	static
../Middlewares/tensorflow/tensorflow/lite/micro/micro_allocator.cc:67:8:virtual void tflite::{anonymous}::MicroBuiltinDataAllocator::Deallocate(void*)	0	static
../Middlewares/tensorflow/tensorflow/lite/micro/micro_allocator.cc:381:1:virtual tflite::MicroAllocator::~MicroAllocator()	0	static
../Middlewares/tensorflow/tensorflow/lite/micro/micro_allocator.cc:532:7:virtual void* tflite::MicroAllocator::AllocatePersistentBuffer(size_t)	0	static
../Middlewares/tensorflow/tensorflow/lite/micro/micro_allocator.cc:743:14:virtual TfLiteStatus tflite::MicroAllocator::ResetTempAllocations()	0	static
../Middlewares/tensorflow/tensorflow/lite/micro/micro_allocator.cc:747:6:virtual bool tflite::MicroAllocator::IsAllTempDeallocated()	0	static
../Middlewares/tensorflow/tensorflow/lite/micro/micro_allocator.cc:812:15:virtual TfLiteTensor* tflite::MicroAllocator::AllocatePersistentTfLiteTensorInternal()	0	static
../Middlewares/tensorflow/tensorflow/lite/micro/micro_allocator.cc:57:7:virtual tflite::{anonymous}::MicroBuiltinDataAllocator::~MicroBuiltinDataAllocator()	0	static
../Middlewares/tensorflow/third_party/flatbuffers/include/flatbuffers/table.h:35:13:flatbuffers::voffset_t flatbuffers::Table::GetOptionalFieldOffset(flatbuffers::voffset_t) const	0	static
../Middlewares/tensorflow/tensorflow/lite/schema/schema_generated.h:4153:37:const flatbuffers::Vector<float>* tflite::QuantizationParameters::scale() const	8	static
../Middlewares/tensorflow/tensorflow/lite/schema/schema_generated.h:4156:39:const flatbuffers::Vector<long long int>* tflite::QuantizationParameters::zero_point() const	8	static
../Middlewares/tensorflow/tensorflow/lite/schema/schema_generated.h:4839:22:tflite::TensorType tflite::Tensor::type() const	8	static
../Middlewares/tensorflow/tensorflow/lite/schema/schema_generated.h:4851:8:bool tflite::Tensor::is_variable() const	8	static
../Middlewares/tensorflow/tensorflow/lite/schema/schema_generated.h:12694:67:const flatbuffers::Vector<flatbuffers::Offset<tflite::Tensor> >* tflite::SubGraph::tensors() const	8	static
../Middlewares/tensorflow/tensorflow/lite/schema/schema_generated.h:13158:69:const flatbuffers::Vector<flatbuffers::Offset<tflite::SubGraph> >* tflite::Model::subgraphs() const	8	static
../Middlewares/tensorflow/tensorflow/lite/kernels/op_macros.h:24:13:void AbortImpl()	8	static
../Middlewares/tensorflow/tensorflow/lite/micro/micro_allocator.cc:679:6:virtual void tflite::MicroAllocator::DeallocateTempTfLiteTensor(TfLiteTensor*)	16	static
../Middlewares/tensorflow/tensorflow/lite/micro/micro_allocator.cc:918:14:virtual TfLiteStatus tflite::MicroAllocator::AllocateScratchBufferHandles(tflite::ScratchBufferHandle**, size_t)	16	static
../Middlewares/tensorflow/tensorflow/lite/micro/micro_allocator.cc:169:7:void* tflite::internal::GetFlatbufferTensorBuffer(const tflite::Tensor&, const flatbuffers::Vector<flatbuffers::Offset<tflite::Buffer> >*)	16	static
../Middlewares/tensorflow/tensorflow/lite/micro/micro_allocator.cc:321:14:TfLiteStatus tflite::internal::InitializeTfLiteEvalTensorFromFlatbuffer(const tflite::Tensor&, const flatbuffers::Vector<flatbuffers::Offset<tflite::Buffer> >*, tflite::ErrorReporter*, TfLiteEvalTensor*)	32	static
../Middlewares/tensorflow/tensorflow/lite/micro/micro_allocator.cc:345:8:static size_t tflite::MicroAllocator::GetDefaultTailUsage(bool)	16	static
../Middlewares/tensorflow/tensorflow/lite/micro/micro_allocator.cc:362:1:tflite::MicroAllocator::MicroAllocator(tflite::SingleArenaBufferAllocator*, tflite::MicroMemoryPlanner*, tflite::ErrorReporter*)	8	static
../Middlewares/tensorflow/tensorflow/lite/micro/micro_allocator.cc:371:1:tflite::MicroAllocator::MicroAllocator(tflite::IPersistentBufferAllocator*, tflite::INonPersistentBufferAllocator*, tflite::MicroMemoryPlanner*, tflite::ErrorReporter*)	12	static
../Middlewares/tensorflow/tensorflow/lite/micro/micro_allocator.cc:415:17:static tflite::MicroAllocator* tflite::MicroAllocator::Create(tflite::SingleArenaBufferAllocator*, tflite::MicroMemoryPlanner*, tflite::ErrorReporter*)	16	static
../Middlewares/tensorflow/tensorflow/lite/micro/micro_allocator.cc:383:17:static tflite::MicroAllocator* tflite::MicroAllocator::Create(uint8_t*, size_t, tflite::MicroMemoryPlanner*, tflite::ErrorReporter*)	24	static
../Middlewares/tensorflow/tensorflow/lite/micro/micro_allocator.cc:396:17:static tflite::MicroAllocator* tflite::MicroAllocator::Create(uint8_t*, size_t, tflite::ErrorReporter*)	24	static
../Middlewares/tensorflow/tensorflow/lite/micro/micro_allocator.cc:429:17:static tflite::MicroAllocator* tflite::MicroAllocator::Create(uint8_t*, size_t, uint8_t*, size_t, tflite::ErrorReporter*)	40	static
../Middlewares/tensorflow/tensorflow/lite/micro/micro_allocator.cc:610:8:size_t tflite::MicroAllocator::used_bytes() const	16	static
../Middlewares/tensorflow/tensorflow/lite/micro/micro_allocator.cc:831:16:tflite::ErrorReporter* tflite::MicroAllocator::error_reporter() const	0	static
../Middlewares/tensorflow/tensorflow/lite/micro/micro_allocator.cc:937:14:TfLiteStatus tflite::MicroAllocator::InitScratchBufferData()	8	static
../Middlewares/tensorflow/tensorflow/lite/micro/micro_allocator.cc:462:22:tflite::SubgraphAllocations* tflite::MicroAllocator::StartModelAllocation(const tflite::Model*)	16	static
../Middlewares/tensorflow/tensorflow/lite/micro/micro_allocator.cc:956:33:tflite::internal::ScratchBufferRequest* tflite::MicroAllocator::GetScratchBufferRequests()	0	static
../Middlewares/tensorflow/tensorflow/lite/micro/micro_allocator.cc:537:14:TfLiteStatus tflite::MicroAllocator::RequestScratchBufferInArena(size_t, int, int*)	32	static
../Middlewares/tensorflow/tensorflow/lite/micro/micro_allocator.cc:580:14:TfLiteStatus tflite::MicroAllocator::FinishPrepareNodeAllocations(int)	16	static
../Middlewares/tensorflow/tensorflow/lite/micro/micro_allocator.cc:835:14:virtual TfLiteStatus tflite::MicroAllocator::CommitStaticMemoryPlan(const tflite::Model*, tflite::SubgraphAllocations*, tflite::ScratchBufferHandle*)	112	static
../Middlewares/tensorflow/tensorflow/lite/micro/micro_allocator.cc:961:23:tflite::BuiltinDataAllocator* tflite::MicroAllocator::GetBuiltinDataAllocator()	0	static
../Middlewares/tensorflow/third_party/flatbuffers/include/flatbuffers/vector.h:169:15:flatbuffers::Vector<T>::return_type flatbuffers::Vector<T>::Get(flatbuffers::uoffset_t) const [with T = long long int]	8	static
../Middlewares/tensorflow/tensorflow/lite/micro/micro_allocator.cc:199:14:TfLiteStatus tflite::internal::InitializeTfLiteTensorFromFlatbuffer(tflite::IPersistentBufferAllocator*, tflite::INonPersistentBufferAllocator*, bool, const tflite::Tensor&, const flatbuffers::Vector<flatbuffers::Offset<tflite::Buffer> >*, tflite::ErrorReporter*, TfLiteTensor*)	48	static
../Middlewares/tensorflow/third_party/flatbuffers/include/flatbuffers/vector.h:169:15:flatbuffers::Vector<T>::return_type flatbuffers::Vector<T>::Get(flatbuffers::uoffset_t) const [with T = flatbuffers::Offset<tflite::Tensor>]	8	static
../Middlewares/tensorflow/tensorflow/lite/micro/micro_allocator.cc:788:14:virtual TfLiteStatus tflite::MicroAllocator::AllocateVariables(const tflite::SubGraph*, TfLiteEvalTensor*)	32	static
../Middlewares/tensorflow/third_party/flatbuffers/include/flatbuffers/vector.h:169:15:flatbuffers::Vector<T>::return_type flatbuffers::Vector<T>::Get(flatbuffers::uoffset_t) const [with T = flatbuffers::Offset<tflite::SubGraph>]	8	static
../Middlewares/tensorflow/tensorflow/lite/micro/micro_allocator.cc:502:14:TfLiteStatus tflite::MicroAllocator::FinishModelAllocation(const tflite::Model*, tflite::SubgraphAllocations*, tflite::ScratchBufferHandle**)	32	static
../Middlewares/tensorflow/tensorflow/lite/micro/micro_allocator.cc:615:14:virtual TfLiteStatus tflite::MicroAllocator::AllocateNodeAndRegistrations(const tflite::Model*, tflite::SubgraphAllocations*)	24	static
../Middlewares/tensorflow/tensorflow/lite/micro/micro_allocator.cc:642:15:virtual TfLiteTensor* tflite::MicroAllocator::AllocatePersistentTfLiteTensor(const tflite::Model*, const tflite::SubgraphAllocations*, int, int)	48	static
../Middlewares/tensorflow/tensorflow/lite/micro/micro_allocator.cc:703:15:virtual TfLiteTensor* tflite::MicroAllocator::AllocateTempTfLiteTensor(const tflite::Model*, const tflite::SubgraphAllocations*, int, int)	40	static
../Middlewares/tensorflow/tensorflow/lite/micro/micro_allocator.cc:818:14:virtual TfLiteStatus tflite::MicroAllocator::PopulateTfLiteTensorFromFlatbuffer(const tflite::Model*, TfLiteTensor*, int, int, bool)	56	static
../Middlewares/tensorflow/tensorflow/lite/micro/micro_allocator.cc:751:14:virtual TfLiteStatus tflite::MicroAllocator::AllocateTfLiteEvalTensors(const tflite::Model*, tflite::SubgraphAllocations*)	56	static
