C:/Users/ezque/STM32CubeIDE/workspace_1.9.0/mcu_headers/CMSIS/Include/core_cm4.h:1688:22:__NVIC_EnableIRQ	16	static
C:/Users/ezque/STM32CubeIDE/workspace_1.9.0/mcu_headers/CMSIS/Include/core_cm4.h:1724:22:__NVIC_DisableIRQ	16	static,ignoring_inline_asm
../Src/main.c:32:5:main	8	static
../Src/main.c:82:6:initSystem	8	static
../Src/main.c:156:6:BTimer2_Callback	4	static
../Src/main.c:162:6:BTimer3_Callback	4	static
../Src/main.c:167:6:Usart2_RX_Callback	8	static
../Src/main.c:171:6:setPeriod	16	static
../Src/main.c:179:6:setTimer3IntMode	16	static
