10:01:11 **** Incremental Build of configuration Debug for project AdcSamplingTimer ****
make -j8 all 
arm-none-eabi-gcc -mcpu=cortex-m4 -g3 -DDEBUG -c -x assembler-with-cpp -MMD -MP -MF"Startup/startup_stm32f411retx.d" -MT"Startup/startup_stm32f411retx.o" --specs=nano.specs -mfpu=fpv4-sp-d16 -mfloat-abi=hard -mthumb -o "Startup/startup_stm32f411retx.o" "../Startup/startup_stm32f411retx.s"
arm-none-eabi-gcc "../Src/AdcSamplingContinuousMain.c" -mcpu=cortex-m4 -std=gnu11 -g3 -DDEBUG -DNUCLEO_F411RE -DSTM32 -DSTM32F4 -DSTM32F411RETx -DSTM32F411xE -c -I../Inc -I"D:/Escritorio/UNAL X/InvestigacionMetro/workspace_METRO/mcu_headers/CMSIS/Device/ST/STM32F4xx/Include" -I"D:/Escritorio/UNAL X/InvestigacionMetro/workspace_METRO/mcu_headers/CMSIS/Include" -I"D:/Escritorio/UNAL X/InvestigacionMetro/workspace_METRO/AdcSamplingTimer/Src" -I"D:/Escritorio/UNAL X/InvestigacionMetro/workspace_METRO/AdcSamplingTimer/Drivers/Inc" -O0 -ffunction-sections -fdata-sections -Wall -fstack-usage -MMD -MP -MF"Src/AdcSamplingContinuousMain.d" -MT"Src/AdcSamplingContinuousMain.o" --specs=nano.specs -mfpu=fpv4-sp-d16 -mfloat-abi=hard -mthumb -o "Src/AdcSamplingContinuousMain.o"
arm-none-eabi-gcc "../Src/syscalls.c" -mcpu=cortex-m4 -std=gnu11 -g3 -DDEBUG -DNUCLEO_F411RE -DSTM32 -DSTM32F4 -DSTM32F411RETx -DSTM32F411xE -c -I../Inc -I"D:/Escritorio/UNAL X/InvestigacionMetro/workspace_METRO/mcu_headers/CMSIS/Device/ST/STM32F4xx/Include" -I"D:/Escritorio/UNAL X/InvestigacionMetro/workspace_METRO/mcu_headers/CMSIS/Include" -I"D:/Escritorio/UNAL X/InvestigacionMetro/workspace_METRO/AdcSamplingTimer/Src" -I"D:/Escritorio/UNAL X/InvestigacionMetro/workspace_METRO/AdcSamplingTimer/Drivers/Inc" -O0 -ffunction-sections -fdata-sections -Wall -fstack-usage -MMD -MP -MF"Src/syscalls.d" -MT"Src/syscalls.o" --specs=nano.specs -mfpu=fpv4-sp-d16 -mfloat-abi=hard -mthumb -o "Src/syscalls.o"
arm-none-eabi-gcc "../Src/sysmem.c" -mcpu=cortex-m4 -std=gnu11 -g3 -DDEBUG -DNUCLEO_F411RE -DSTM32 -DSTM32F4 -DSTM32F411RETx -DSTM32F411xE -c -I../Inc -I"D:/Escritorio/UNAL X/InvestigacionMetro/workspace_METRO/mcu_headers/CMSIS/Device/ST/STM32F4xx/Include" -I"D:/Escritorio/UNAL X/InvestigacionMetro/workspace_METRO/mcu_headers/CMSIS/Include" -I"D:/Escritorio/UNAL X/InvestigacionMetro/workspace_METRO/AdcSamplingTimer/Src" -I"D:/Escritorio/UNAL X/InvestigacionMetro/workspace_METRO/AdcSamplingTimer/Drivers/Inc" -O0 -ffunction-sections -fdata-sections -Wall -fstack-usage -MMD -MP -MF"Src/sysmem.d" -MT"Src/sysmem.o" --specs=nano.specs -mfpu=fpv4-sp-d16 -mfloat-abi=hard -mthumb -o "Src/sysmem.o"
arm-none-eabi-gcc "../Drivers/Src/AdcDriver.c" -mcpu=cortex-m4 -std=gnu11 -g3 -DDEBUG -DNUCLEO_F411RE -DSTM32 -DSTM32F4 -DSTM32F411RETx -DSTM32F411xE -c -I../Inc -I"D:/Escritorio/UNAL X/InvestigacionMetro/workspace_METRO/mcu_headers/CMSIS/Device/ST/STM32F4xx/Include" -I"D:/Escritorio/UNAL X/InvestigacionMetro/workspace_METRO/mcu_headers/CMSIS/Include" -I"D:/Escritorio/UNAL X/InvestigacionMetro/workspace_METRO/AdcSamplingTimer/Src" -I"D:/Escritorio/UNAL X/InvestigacionMetro/workspace_METRO/AdcSamplingTimer/Drivers/Inc" -O0 -ffunction-sections -fdata-sections -Wall -fstack-usage -MMD -MP -MF"Drivers/Src/AdcDriver.d" -MT"Drivers/Src/AdcDriver.o" --specs=nano.specs -mfpu=fpv4-sp-d16 -mfloat-abi=hard -mthumb -o "Drivers/Src/AdcDriver.o"
arm-none-eabi-gcc "../Drivers/Src/BasicTimer.c" -mcpu=cortex-m4 -std=gnu11 -g3 -DDEBUG -DNUCLEO_F411RE -DSTM32 -DSTM32F4 -DSTM32F411RETx -DSTM32F411xE -c -I../Inc -I"D:/Escritorio/UNAL X/InvestigacionMetro/workspace_METRO/mcu_headers/CMSIS/Device/ST/STM32F4xx/Include" -I"D:/Escritorio/UNAL X/InvestigacionMetro/workspace_METRO/mcu_headers/CMSIS/Include" -I"D:/Escritorio/UNAL X/InvestigacionMetro/workspace_METRO/AdcSamplingTimer/Src" -I"D:/Escritorio/UNAL X/InvestigacionMetro/workspace_METRO/AdcSamplingTimer/Drivers/Inc" -O0 -ffunction-sections -fdata-sections -Wall -fstack-usage -MMD -MP -MF"Drivers/Src/BasicTimer.d" -MT"Drivers/Src/BasicTimer.o" --specs=nano.specs -mfpu=fpv4-sp-d16 -mfloat-abi=hard -mthumb -o "Drivers/Src/BasicTimer.o"
arm-none-eabi-gcc "../Drivers/Src/GPIOxDriver.c" -mcpu=cortex-m4 -std=gnu11 -g3 -DDEBUG -DNUCLEO_F411RE -DSTM32 -DSTM32F4 -DSTM32F411RETx -DSTM32F411xE -c -I../Inc -I"D:/Escritorio/UNAL X/InvestigacionMetro/workspace_METRO/mcu_headers/CMSIS/Device/ST/STM32F4xx/Include" -I"D:/Escritorio/UNAL X/InvestigacionMetro/workspace_METRO/mcu_headers/CMSIS/Include" -I"D:/Escritorio/UNAL X/InvestigacionMetro/workspace_METRO/AdcSamplingTimer/Src" -I"D:/Escritorio/UNAL X/InvestigacionMetro/workspace_METRO/AdcSamplingTimer/Drivers/Inc" -O0 -ffunction-sections -fdata-sections -Wall -fstack-usage -MMD -MP -MF"Drivers/Src/GPIOxDriver.d" -MT"Drivers/Src/GPIOxDriver.o" --specs=nano.specs -mfpu=fpv4-sp-d16 -mfloat-abi=hard -mthumb -o "Drivers/Src/GPIOxDriver.o"
arm-none-eabi-gcc "../Drivers/Src/USARTxDriver.c" -mcpu=cortex-m4 -std=gnu11 -g3 -DDEBUG -DNUCLEO_F411RE -DSTM32 -DSTM32F4 -DSTM32F411RETx -DSTM32F411xE -c -I../Inc -I"D:/Escritorio/UNAL X/InvestigacionMetro/workspace_METRO/mcu_headers/CMSIS/Device/ST/STM32F4xx/Include" -I"D:/Escritorio/UNAL X/InvestigacionMetro/workspace_METRO/mcu_headers/CMSIS/Include" -I"D:/Escritorio/UNAL X/InvestigacionMetro/workspace_METRO/AdcSamplingTimer/Src" -I"D:/Escritorio/UNAL X/InvestigacionMetro/workspace_METRO/AdcSamplingTimer/Drivers/Inc" -O0 -ffunction-sections -fdata-sections -Wall -fstack-usage -MMD -MP -MF"Drivers/Src/USARTxDriver.d" -MT"Drivers/Src/USARTxDriver.o" --specs=nano.specs -mfpu=fpv4-sp-d16 -mfloat-abi=hard -mthumb -o "Drivers/Src/USARTxDriver.o"
arm-none-eabi-gcc -o "AdcSamplingTimer.elf" @"objects.list"   -mcpu=cortex-m4 -T"D:\Escritorio\UNAL X\InvestigacionMetro\workspace_METRO\AdcSamplingTimer\STM32F411RETX_FLASH.ld" --specs=nosys.specs -Wl,-Map="AdcSamplingTimer.map" -Wl,--gc-sections -static --specs=nano.specs -mfpu=fpv4-sp-d16 -mfloat-abi=hard -mthumb -Wl,--start-group -lc -lm -Wl,--end-group
Finished building target: AdcSamplingTimer.elf
 
arm-none-eabi-size   AdcSamplingTimer.elf 
arm-none-eabi-objdump -h -S  AdcSamplingTimer.elf  > "AdcSamplingTimer.list"
   text	   data	    bss	    dec	    hex	filename
   7636	    128	   2848	  10612	   2974	AdcSamplingTimer.elf
Finished building: default.size.stdout
 
Finished building: AdcSamplingTimer.list
 

10:01:12 Build Finished. 0 errors, 0 warnings. (took 1s.245ms)

