09:00:18 **** Incremental Build of configuration Debug for project AdcSamplingPLL ****
make -j8 all 
arm-none-eabi-gcc "../Src/AdcSamplingContinuousMain.c" -mcpu=cortex-m4 -std=gnu11 -g3 -DDEBUG -DNUCLEO_F411RE -DSTM32 -DSTM32F4 -DSTM32F411RETx -DSTM32F411xE -c -I../Inc -I"D:/Escritorio/UNAL X/InvestigacionMetro/workspace_METRO/mcu_headers/CMSIS/Device/ST/STM32F4xx/Include" -I"D:/Escritorio/UNAL X/InvestigacionMetro/workspace_METRO/mcu_headers/CMSIS/Include" -I"D:/Escritorio/UNAL X/InvestigacionMetro/workspace_METRO/AdcSamplingPLL/Src" -I"D:/Escritorio/UNAL X/InvestigacionMetro/workspace_METRO/AdcSamplingPLL/Drivers/Inc" -O0 -ffunction-sections -fdata-sections -Wall -fstack-usage -MMD -MP -MF"Src/AdcSamplingContinuousMain.d" -MT"Src/AdcSamplingContinuousMain.o" --specs=nano.specs -mfpu=fpv4-sp-d16 -mfloat-abi=hard -mthumb -o "Src/AdcSamplingContinuousMain.o"
arm-none-eabi-gcc -o "AdcSamplingPLL.elf" @"objects.list"   -mcpu=cortex-m4 -T"D:\Escritorio\UNAL X\InvestigacionMetro\workspace_METRO\AdcSamplingPLL\STM32F411RETX_FLASH.ld" --specs=nosys.specs -Wl,-Map="AdcSamplingPLL.map" -Wl,--gc-sections -static --specs=nano.specs -mfpu=fpv4-sp-d16 -mfloat-abi=hard -mthumb -Wl,--start-group -lc -lm -Wl,--end-group
Finished building target: AdcSamplingPLL.elf
 
arm-none-eabi-size   AdcSamplingPLL.elf 
arm-none-eabi-objdump -h -S  AdcSamplingPLL.elf  > "AdcSamplingPLL.list"
   text	   data	    bss	    dec	    hex	filename
   7636	    128	   2848	  10612	   2974	AdcSamplingPLL.elf
Finished building: default.size.stdout
 
Finished building: AdcSamplingPLL.list
 

09:00:19 Build Finished. 0 errors, 0 warnings. (took 680ms)

