../Core/Inc/micros.h:39:22:DWT_Init	4	static
../Core/Inc/micros.h:52:26:micros	4	static
../Core/Src/main.c:150:6:adxl_write	24	static
../Core/Src/main.c:161:6:adxl_read	16	static
../Core/Src/main.c:172:6:adxl_init	8	static
../Core/Src/main.c:182:6:GPS_init	8	static
../Core/Src/main.c:197:6:GPS_init2	8	static
../Core/Src/main.c:216:6:sendGpsMsg	16	static
../Core/Src/main.c:243:6:mpu_write	32	static
../Core/Src/main.c:253:6:mpu_Read	32	static
../Core/Src/main.c:257:6:mpu_init	8	static
../Core/Src/main.c:280:5:bufsize	24	static
../Core/Src/main.c:287:6:clear_buffer	16	static
../Core/Src/main.c:292:6:send_uart2	24	static
../Core/Src/main.c:298:6:send_uart1	24	static
../Core/Src/main.c:304:6:send_uart6	24	static
../Core/Src/main.c:310:6:send_uart	24	static
../Core/Src/main.c:329:5:main	64	static
../Core/Src/main.c:801:6:SystemClock_Config	88	static
../Core/Src/main.c:848:13:MX_I2C2_Init	8	static
../Core/Src/main.c:882:13:MX_SDIO_SD_Init	4	static
../Core/Src/main.c:910:13:MX_SPI1_Init	8	static
../Core/Src/main.c:948:13:MX_TIM2_Init	48	static
../Core/Src/main.c:1006:13:MX_TIM11_Init	8	static
../Core/Src/main.c:1037:13:MX_USART1_UART_Init	8	static
../Core/Src/main.c:1070:13:MX_USART2_UART_Init	8	static
../Core/Src/main.c:1103:13:MX_USART6_UART_Init	8	static
../Core/Src/main.c:1134:13:MX_DMA_Init	16	static
../Core/Src/main.c:1155:13:MX_GPIO_Init	48	static
../Core/Src/main.c:1189:6:HAL_TIM_IC_CaptureCallback	16	static
../Core/Src/main.c:1204:6:HAL_GPIO_EXTI_Callback	16	static
../Core/Src/main.c:1213:6:HAL_TIM_PeriodElapsedCallback	16	static
../Core/Src/main.c:1228:6:HAL_UART_RxCpltCallback	16	static
../Core/Src/main.c:1251:6:Error_Handler	4	static,ignoring_inline_asm
