../Drivers/CMSIS/Include/core_cm4.h:1688:22:__NVIC_EnableIRQ	16	static
../Drivers/CMSIS/Include/core_cm4.h:1724:22:__NVIC_DisableIRQ	16	static,ignoring_inline_asm
../Core/Src/USARTxDriver.c:19:6:USART_Config	16	static,ignoring_inline_asm
../Core/Src/USARTxDriver.c:215:6:writeChar	16	static,ignoring_inline_asm
../Core/Src/USARTxDriver.c:229:6:writeMsg	16	static
../Core/Src/USARTxDriver.c:237:6:readChar	24	static
../Core/Src/USARTxDriver.c:243:6:getRxData	4	static
../Core/Src/USARTxDriver.c:253:28:Usart1_TX_Callback	4	static,ignoring_inline_asm
../Core/Src/USARTxDriver.c:257:28:Usart2_TX_Callback	4	static,ignoring_inline_asm
../Core/Src/USARTxDriver.c:261:28:Usart6_TX_Callback	4	static,ignoring_inline_asm
../Core/Src/USARTxDriver.c:265:28:Usart1_RX_Callback	4	static,ignoring_inline_asm
../Core/Src/USARTxDriver.c:269:28:Usart2_RX_Callback	4	static,ignoring_inline_asm
../Core/Src/USARTxDriver.c:273:28:Usart6_RX_Callback	4	static,ignoring_inline_asm
../Core/Src/USARTxDriver.c:280:6:USART1_IRQHandler	8	static
../Core/Src/USARTxDriver.c:293:6:USART2_IRQHandler	8	static
../Core/Src/USARTxDriver.c:306:6:USART6_IRQHandler	8	static
