Archive member included to satisfy reference by file (symbol)

C:\Users\ezque\STM32CubeIDE\workspace_1.9.0\DriversSTM32\Debug\libDriversSTM32.a(BasicTimer.o)
                              ./Src/EXTI_Main.o (BTimer_Config)
C:\Users\ezque\STM32CubeIDE\workspace_1.9.0\DriversSTM32\Debug\libDriversSTM32.a(ExtiDriver.o)
                              ./Src/EXTI_Main.o (exti_Config)
C:\Users\ezque\STM32CubeIDE\workspace_1.9.0\DriversSTM32\Debug\libDriversSTM32.a(GPIOxDriver.o)
                              ./Src/EXTI_Main.o (GPIO_Config)
c:/st/stm32cubeide_1.9.0/stm32cubeide/plugins/com.st.stm32cube.ide.mcu.externaltools.gnu-tools-for-stm32.10.3-2021.10.win32_1.0.0.202111181127/tools/bin/../lib/gcc/arm-none-eabi/10.3.1/../../../../arm-none-eabi/lib/thumb/v7e-m/nofp\libc_nano.a(lib_a-errno.o)
                              ./Src/syscalls.o (__errno)
c:/st/stm32cubeide_1.9.0/stm32cubeide/plugins/com.st.stm32cube.ide.mcu.externaltools.gnu-tools-for-stm32.10.3-2021.10.win32_1.0.0.202111181127/tools/bin/../lib/gcc/arm-none-eabi/10.3.1/../../../../arm-none-eabi/lib/thumb/v7e-m/nofp\libc_nano.a(lib_a-exit.o)
                              c:/st/stm32cubeide_1.9.0/stm32cubeide/plugins/com.st.stm32cube.ide.mcu.externaltools.gnu-tools-for-stm32.10.3-2021.10.win32_1.0.0.202111181127/tools/bin/../lib/gcc/arm-none-eabi/10.3.1/../../../../arm-none-eabi/lib/thumb/v7e-m/nofp/crt0.o (exit)
c:/st/stm32cubeide_1.9.0/stm32cubeide/plugins/com.st.stm32cube.ide.mcu.externaltools.gnu-tools-for-stm32.10.3-2021.10.win32_1.0.0.202111181127/tools/bin/../lib/gcc/arm-none-eabi/10.3.1/../../../../arm-none-eabi/lib/thumb/v7e-m/nofp\libc_nano.a(lib_a-impure.o)
                              c:/st/stm32cubeide_1.9.0/stm32cubeide/plugins/com.st.stm32cube.ide.mcu.externaltools.gnu-tools-for-stm32.10.3-2021.10.win32_1.0.0.202111181127/tools/bin/../lib/gcc/arm-none-eabi/10.3.1/../../../../arm-none-eabi/lib/thumb/v7e-m/nofp\libc_nano.a(lib_a-exit.o) (_global_impure_ptr)
c:/st/stm32cubeide_1.9.0/stm32cubeide/plugins/com.st.stm32cube.ide.mcu.externaltools.gnu-tools-for-stm32.10.3-2021.10.win32_1.0.0.202111181127/tools/bin/../lib/gcc/arm-none-eabi/10.3.1/../../../../arm-none-eabi/lib/thumb/v7e-m/nofp\libc_nano.a(lib_a-init.o)
                              c:/st/stm32cubeide_1.9.0/stm32cubeide/plugins/com.st.stm32cube.ide.mcu.externaltools.gnu-tools-for-stm32.10.3-2021.10.win32_1.0.0.202111181127/tools/bin/../lib/gcc/arm-none-eabi/10.3.1/../../../../arm-none-eabi/lib/thumb/v7e-m/nofp/crt0.o (__libc_init_array)
c:/st/stm32cubeide_1.9.0/stm32cubeide/plugins/com.st.stm32cube.ide.mcu.externaltools.gnu-tools-for-stm32.10.3-2021.10.win32_1.0.0.202111181127/tools/bin/../lib/gcc/arm-none-eabi/10.3.1/../../../../arm-none-eabi/lib/thumb/v7e-m/nofp\libc_nano.a(lib_a-memset.o)
                              c:/st/stm32cubeide_1.9.0/stm32cubeide/plugins/com.st.stm32cube.ide.mcu.externaltools.gnu-tools-for-stm32.10.3-2021.10.win32_1.0.0.202111181127/tools/bin/../lib/gcc/arm-none-eabi/10.3.1/../../../../arm-none-eabi/lib/thumb/v7e-m/nofp/crt0.o (memset)

Discarded input sections

 .text          0x0000000000000000        0x0 c:/st/stm32cubeide_1.9.0/stm32cubeide/plugins/com.st.stm32cube.ide.mcu.externaltools.gnu-tools-for-stm32.10.3-2021.10.win32_1.0.0.202111181127/tools/bin/../lib/gcc/arm-none-eabi/10.3.1/thumb/v7e-m/nofp/crti.o
 .data          0x0000000000000000        0x0 c:/st/stm32cubeide_1.9.0/stm32cubeide/plugins/com.st.stm32cube.ide.mcu.externaltools.gnu-tools-for-stm32.10.3-2021.10.win32_1.0.0.202111181127/tools/bin/../lib/gcc/arm-none-eabi/10.3.1/thumb/v7e-m/nofp/crti.o
 .bss           0x0000000000000000        0x0 c:/st/stm32cubeide_1.9.0/stm32cubeide/plugins/com.st.stm32cube.ide.mcu.externaltools.gnu-tools-for-stm32.10.3-2021.10.win32_1.0.0.202111181127/tools/bin/../lib/gcc/arm-none-eabi/10.3.1/thumb/v7e-m/nofp/crti.o
 .data          0x0000000000000000        0x4 c:/st/stm32cubeide_1.9.0/stm32cubeide/plugins/com.st.stm32cube.ide.mcu.externaltools.gnu-tools-for-stm32.10.3-2021.10.win32_1.0.0.202111181127/tools/bin/../lib/gcc/arm-none-eabi/10.3.1/thumb/v7e-m/nofp/crtbegin.o
 .rodata        0x0000000000000000       0x24 c:/st/stm32cubeide_1.9.0/stm32cubeide/plugins/com.st.stm32cube.ide.mcu.externaltools.gnu-tools-for-stm32.10.3-2021.10.win32_1.0.0.202111181127/tools/bin/../lib/gcc/arm-none-eabi/10.3.1/thumb/v7e-m/nofp/crtbegin.o
 .text          0x0000000000000000       0x7c c:/st/stm32cubeide_1.9.0/stm32cubeide/plugins/com.st.stm32cube.ide.mcu.externaltools.gnu-tools-for-stm32.10.3-2021.10.win32_1.0.0.202111181127/tools/bin/../lib/gcc/arm-none-eabi/10.3.1/../../../../arm-none-eabi/lib/thumb/v7e-m/nofp/crt0.o
 .data          0x0000000000000000        0x0 c:/st/stm32cubeide_1.9.0/stm32cubeide/plugins/com.st.stm32cube.ide.mcu.externaltools.gnu-tools-for-stm32.10.3-2021.10.win32_1.0.0.202111181127/tools/bin/../lib/gcc/arm-none-eabi/10.3.1/../../../../arm-none-eabi/lib/thumb/v7e-m/nofp/crt0.o
 .bss           0x0000000000000000        0x0 c:/st/stm32cubeide_1.9.0/stm32cubeide/plugins/com.st.stm32cube.ide.mcu.externaltools.gnu-tools-for-stm32.10.3-2021.10.win32_1.0.0.202111181127/tools/bin/../lib/gcc/arm-none-eabi/10.3.1/../../../../arm-none-eabi/lib/thumb/v7e-m/nofp/crt0.o
 .ARM.extab     0x0000000000000000        0x0 c:/st/stm32cubeide_1.9.0/stm32cubeide/plugins/com.st.stm32cube.ide.mcu.externaltools.gnu-tools-for-stm32.10.3-2021.10.win32_1.0.0.202111181127/tools/bin/../lib/gcc/arm-none-eabi/10.3.1/../../../../arm-none-eabi/lib/thumb/v7e-m/nofp/crt0.o
 .ARM.exidx     0x0000000000000000       0x10 c:/st/stm32cubeide_1.9.0/stm32cubeide/plugins/com.st.stm32cube.ide.mcu.externaltools.gnu-tools-for-stm32.10.3-2021.10.win32_1.0.0.202111181127/tools/bin/../lib/gcc/arm-none-eabi/10.3.1/../../../../arm-none-eabi/lib/thumb/v7e-m/nofp/crt0.o
 .ARM.attributes
                0x0000000000000000       0x1c c:/st/stm32cubeide_1.9.0/stm32cubeide/plugins/com.st.stm32cube.ide.mcu.externaltools.gnu-tools-for-stm32.10.3-2021.10.win32_1.0.0.202111181127/tools/bin/../lib/gcc/arm-none-eabi/10.3.1/../../../../arm-none-eabi/lib/thumb/v7e-m/nofp/crt0.o
 .group         0x0000000000000000        0xc ./Src/EXTI_Main.o
 .group         0x0000000000000000        0xc ./Src/EXTI_Main.o
 .group         0x0000000000000000        0xc ./Src/EXTI_Main.o
 .group         0x0000000000000000        0xc ./Src/EXTI_Main.o
 .group         0x0000000000000000        0xc ./Src/EXTI_Main.o
 .group         0x0000000000000000        0xc ./Src/EXTI_Main.o
 .group         0x0000000000000000        0xc ./Src/EXTI_Main.o
 .group         0x0000000000000000        0xc ./Src/EXTI_Main.o
 .group         0x0000000000000000        0xc ./Src/EXTI_Main.o
 .group         0x0000000000000000        0xc ./Src/EXTI_Main.o
 .group         0x0000000000000000        0xc ./Src/EXTI_Main.o
 .group         0x0000000000000000        0xc ./Src/EXTI_Main.o
 .group         0x0000000000000000        0xc ./Src/EXTI_Main.o
 .group         0x0000000000000000        0xc ./Src/EXTI_Main.o
 .group         0x0000000000000000        0xc ./Src/EXTI_Main.o
 .group         0x0000000000000000        0xc ./Src/EXTI_Main.o
 .group         0x0000000000000000        0xc ./Src/EXTI_Main.o
 .group         0x0000000000000000        0xc ./Src/EXTI_Main.o
 .group         0x0000000000000000        0xc ./Src/EXTI_Main.o
 .group         0x0000000000000000        0xc ./Src/EXTI_Main.o
 .group         0x0000000000000000        0xc ./Src/EXTI_Main.o
 .group         0x0000000000000000        0xc ./Src/EXTI_Main.o
 .group         0x0000000000000000        0xc ./Src/EXTI_Main.o
 .group         0x0000000000000000        0xc ./Src/EXTI_Main.o
 .group         0x0000000000000000        0xc ./Src/EXTI_Main.o
 .group         0x0000000000000000        0xc ./Src/EXTI_Main.o
 .group         0x0000000000000000        0xc ./Src/EXTI_Main.o
 .group         0x0000000000000000        0xc ./Src/EXTI_Main.o
 .group         0x0000000000000000        0xc ./Src/EXTI_Main.o
 .group         0x0000000000000000        0xc ./Src/EXTI_Main.o
 .group         0x0000000000000000        0xc ./Src/EXTI_Main.o
 .group         0x0000000000000000        0xc ./Src/EXTI_Main.o
 .group         0x0000000000000000        0xc ./Src/EXTI_Main.o
 .group         0x0000000000000000        0xc ./Src/EXTI_Main.o
 .group         0x0000000000000000        0xc ./Src/EXTI_Main.o
 .group         0x0000000000000000        0xc ./Src/EXTI_Main.o
 .group         0x0000000000000000        0xc ./Src/EXTI_Main.o
 .group         0x0000000000000000        0xc ./Src/EXTI_Main.o
 .group         0x0000000000000000        0xc ./Src/EXTI_Main.o
 .group         0x0000000000000000        0xc ./Src/EXTI_Main.o
 .group         0x0000000000000000        0xc ./Src/EXTI_Main.o
 .group         0x0000000000000000        0xc ./Src/EXTI_Main.o
 .group         0x0000000000000000        0xc ./Src/EXTI_Main.o
 .group         0x0000000000000000        0xc ./Src/EXTI_Main.o
 .group         0x0000000000000000        0xc ./Src/EXTI_Main.o
 .group         0x0000000000000000        0xc ./Src/EXTI_Main.o
 .group         0x0000000000000000        0xc ./Src/EXTI_Main.o
 .group         0x0000000000000000        0xc ./Src/EXTI_Main.o
 .group         0x0000000000000000        0xc ./Src/EXTI_Main.o
 .group         0x0000000000000000        0xc ./Src/EXTI_Main.o
 .group         0x0000000000000000        0xc ./Src/EXTI_Main.o
 .text          0x0000000000000000        0x0 ./Src/EXTI_Main.o
 .data          0x0000000000000000        0x0 ./Src/EXTI_Main.o
 .bss           0x0000000000000000        0x0 ./Src/EXTI_Main.o
 .group         0x0000000000000000        0xc ./Src/syscalls.o
 .group         0x0000000000000000        0xc ./Src/syscalls.o
 .group         0x0000000000000000        0xc ./Src/syscalls.o
 .group         0x0000000000000000        0xc ./Src/syscalls.o
 .group         0x0000000000000000        0xc ./Src/syscalls.o
 .group         0x0000000000000000        0xc ./Src/syscalls.o
 .group         0x0000000000000000        0xc ./Src/syscalls.o
 .group         0x0000000000000000        0xc ./Src/syscalls.o
 .group         0x0000000000000000        0xc ./Src/syscalls.o
 .group         0x0000000000000000        0xc ./Src/syscalls.o
 .group         0x0000000000000000        0xc ./Src/syscalls.o
 .group         0x0000000000000000        0xc ./Src/syscalls.o
 .group         0x0000000000000000        0xc ./Src/syscalls.o
 .group         0x0000000000000000        0xc ./Src/syscalls.o
 .group         0x0000000000000000        0xc ./Src/syscalls.o
 .group         0x0000000000000000        0xc ./Src/syscalls.o
 .group         0x0000000000000000        0xc ./Src/syscalls.o
 .group         0x0000000000000000        0xc ./Src/syscalls.o
 .group         0x0000000000000000        0xc ./Src/syscalls.o
 .group         0x0000000000000000        0xc ./Src/syscalls.o
 .group         0x0000000000000000        0xc ./Src/syscalls.o
 .group         0x0000000000000000        0xc ./Src/syscalls.o
 .group         0x0000000000000000        0xc ./Src/syscalls.o
 .group         0x0000000000000000        0xc ./Src/syscalls.o
 .group         0x0000000000000000        0xc ./Src/syscalls.o
 .group         0x0000000000000000        0xc ./Src/syscalls.o
 .group         0x0000000000000000        0xc ./Src/syscalls.o
 .group         0x0000000000000000        0xc ./Src/syscalls.o
 .group         0x0000000000000000        0xc ./Src/syscalls.o
 .group         0x0000000000000000        0xc ./Src/syscalls.o
 .group         0x0000000000000000        0xc ./Src/syscalls.o
 .group         0x0000000000000000        0xc ./Src/syscalls.o
 .group         0x0000000000000000        0xc ./Src/syscalls.o
 .group         0x0000000000000000        0xc ./Src/syscalls.o
 .group         0x0000000000000000        0xc ./Src/syscalls.o
 .group         0x0000000000000000        0xc ./Src/syscalls.o
 .group         0x0000000000000000        0xc ./Src/syscalls.o
 .group         0x0000000000000000        0xc ./Src/syscalls.o
 .group         0x0000000000000000        0xc ./Src/syscalls.o
 .group         0x0000000000000000        0xc ./Src/syscalls.o
 .group         0x0000000000000000        0xc ./Src/syscalls.o
 .group         0x0000000000000000        0xc ./Src/syscalls.o
 .group         0x0000000000000000        0xc ./Src/syscalls.o
 .group         0x0000000000000000        0xc ./Src/syscalls.o
 .group         0x0000000000000000        0xc ./Src/syscalls.o
 .group         0x0000000000000000        0xc ./Src/syscalls.o
 .group         0x0000000000000000        0xc ./Src/syscalls.o
 .text          0x0000000000000000        0x0 ./Src/syscalls.o
 .data          0x0000000000000000        0x0 ./Src/syscalls.o
 .bss           0x0000000000000000        0x0 ./Src/syscalls.o
 .bss.__env     0x0000000000000000        0x4 ./Src/syscalls.o
 .data.environ  0x0000000000000000        0x4 ./Src/syscalls.o
 .text.initialise_monitor_handles
                0x0000000000000000        0xc ./Src/syscalls.o
 .text._getpid  0x0000000000000000        0xe ./Src/syscalls.o
 .text._kill    0x0000000000000000       0x20 ./Src/syscalls.o
 .text._exit    0x0000000000000000       0x14 ./Src/syscalls.o
 .text._read    0x0000000000000000       0x3a ./Src/syscalls.o
 .text._write   0x0000000000000000       0x38 ./Src/syscalls.o
 .text._close   0x0000000000000000       0x16 ./Src/syscalls.o
 .text._fstat   0x0000000000000000       0x1e ./Src/syscalls.o
 .text._isatty  0x0000000000000000       0x14 ./Src/syscalls.o
 .text._lseek   0x0000000000000000       0x18 ./Src/syscalls.o
 .text._open    0x0000000000000000       0x1a ./Src/syscalls.o
 .text._wait    0x0000000000000000       0x1e ./Src/syscalls.o
 .text._unlink  0x0000000000000000       0x1e ./Src/syscalls.o
 .text._times   0x0000000000000000       0x16 ./Src/syscalls.o
 .text._stat    0x0000000000000000       0x1e ./Src/syscalls.o
 .text._link    0x0000000000000000       0x20 ./Src/syscalls.o
 .text._fork    0x0000000000000000       0x16 ./Src/syscalls.o
 .text._execve  0x0000000000000000       0x22 ./Src/syscalls.o
 .debug_info    0x0000000000000000      0x6e0 ./Src/syscalls.o
 .debug_abbrev  0x0000000000000000      0x1b3 ./Src/syscalls.o
 .debug_aranges
                0x0000000000000000       0xa8 ./Src/syscalls.o
 .debug_ranges  0x0000000000000000       0x98 ./Src/syscalls.o
 .debug_macro   0x0000000000000000      0x24c ./Src/syscalls.o
 .debug_macro   0x0000000000000000      0xa7e ./Src/syscalls.o
 .debug_macro   0x0000000000000000       0x22 ./Src/syscalls.o
 .debug_macro   0x0000000000000000       0x4c ./Src/syscalls.o
 .debug_macro   0x0000000000000000       0x18 ./Src/syscalls.o
 .debug_macro   0x0000000000000000       0x94 ./Src/syscalls.o
 .debug_macro   0x0000000000000000       0x3c ./Src/syscalls.o
 .debug_macro   0x0000000000000000       0x34 ./Src/syscalls.o
 .debug_macro   0x0000000000000000       0x57 ./Src/syscalls.o
 .debug_macro   0x0000000000000000      0x174 ./Src/syscalls.o
 .debug_macro   0x0000000000000000      0x341 ./Src/syscalls.o
 .debug_macro   0x0000000000000000       0x16 ./Src/syscalls.o
 .debug_macro   0x0000000000000000       0x43 ./Src/syscalls.o
 .debug_macro   0x0000000000000000       0x34 ./Src/syscalls.o
 .debug_macro   0x0000000000000000       0x10 ./Src/syscalls.o
 .debug_macro   0x0000000000000000       0x58 ./Src/syscalls.o
 .debug_macro   0x0000000000000000       0x71 ./Src/syscalls.o
 .debug_macro   0x0000000000000000       0x1c ./Src/syscalls.o
 .debug_macro   0x0000000000000000      0x12a ./Src/syscalls.o
 .debug_macro   0x0000000000000000       0x10 ./Src/syscalls.o
 .debug_macro   0x0000000000000000       0x35 ./Src/syscalls.o
 .debug_macro   0x0000000000000000       0x10 ./Src/syscalls.o
 .debug_macro   0x0000000000000000       0x10 ./Src/syscalls.o
 .debug_macro   0x0000000000000000       0x10 ./Src/syscalls.o
 .debug_macro   0x0000000000000000       0x6a ./Src/syscalls.o
 .debug_macro   0x0000000000000000       0x1c ./Src/syscalls.o
 .debug_macro   0x0000000000000000       0x52 ./Src/syscalls.o
 .debug_macro   0x0000000000000000       0x22 ./Src/syscalls.o
 .debug_macro   0x0000000000000000       0x10 ./Src/syscalls.o
 .debug_macro   0x0000000000000000       0x52 ./Src/syscalls.o
 .debug_macro   0x0000000000000000       0xd5 ./Src/syscalls.o
 .debug_macro   0x0000000000000000       0x1c ./Src/syscalls.o
 .debug_macro   0x0000000000000000       0x3d ./Src/syscalls.o
 .debug_macro   0x0000000000000000       0x35 ./Src/syscalls.o
 .debug_macro   0x0000000000000000      0x12c ./Src/syscalls.o
 .debug_macro   0x0000000000000000       0x16 ./Src/syscalls.o
 .debug_macro   0x0000000000000000       0x16 ./Src/syscalls.o
 .debug_macro   0x0000000000000000       0x29 ./Src/syscalls.o
 .debug_macro   0x0000000000000000       0x10 ./Src/syscalls.o
 .debug_macro   0x0000000000000000      0x241 ./Src/syscalls.o
 .debug_macro   0x0000000000000000       0x1c ./Src/syscalls.o
 .debug_macro   0x0000000000000000       0x10 ./Src/syscalls.o
 .debug_macro   0x0000000000000000       0x10 ./Src/syscalls.o
 .debug_macro   0x0000000000000000       0x16 ./Src/syscalls.o
 .debug_macro   0x0000000000000000      0x145 ./Src/syscalls.o
 .debug_macro   0x0000000000000000      0x189 ./Src/syscalls.o
 .debug_macro   0x0000000000000000       0x16 ./Src/syscalls.o
 .debug_macro   0x0000000000000000       0xce ./Src/syscalls.o
 .debug_line    0x0000000000000000      0x7ea ./Src/syscalls.o
 .debug_str     0x0000000000000000     0x8a39 ./Src/syscalls.o
 .comment       0x0000000000000000       0x51 ./Src/syscalls.o
 .debug_frame   0x0000000000000000      0x2ac ./Src/syscalls.o
 .ARM.attributes
                0x0000000000000000       0x2e ./Src/syscalls.o
 .group         0x0000000000000000        0xc ./Src/sysmem.o
 .group         0x0000000000000000        0xc ./Src/sysmem.o
 .group         0x0000000000000000        0xc ./Src/sysmem.o
 .group         0x0000000000000000        0xc ./Src/sysmem.o
 .group         0x0000000000000000        0xc ./Src/sysmem.o
 .group         0x0000000000000000        0xc ./Src/sysmem.o
 .group         0x0000000000000000        0xc ./Src/sysmem.o
 .group         0x0000000000000000        0xc ./Src/sysmem.o
 .group         0x0000000000000000        0xc ./Src/sysmem.o
 .group         0x0000000000000000        0xc ./Src/sysmem.o
 .group         0x0000000000000000        0xc ./Src/sysmem.o
 .group         0x0000000000000000        0xc ./Src/sysmem.o
 .group         0x0000000000000000        0xc ./Src/sysmem.o
 .group         0x0000000000000000        0xc ./Src/sysmem.o
 .group         0x0000000000000000        0xc ./Src/sysmem.o
 .group         0x0000000000000000        0xc ./Src/sysmem.o
 .group         0x0000000000000000        0xc ./Src/sysmem.o
 .group         0x0000000000000000        0xc ./Src/sysmem.o
 .group         0x0000000000000000        0xc ./Src/sysmem.o
 .group         0x0000000000000000        0xc ./Src/sysmem.o
 .group         0x0000000000000000        0xc ./Src/sysmem.o
 .group         0x0000000000000000        0xc ./Src/sysmem.o
 .text          0x0000000000000000        0x0 ./Src/sysmem.o
 .data          0x0000000000000000        0x0 ./Src/sysmem.o
 .bss           0x0000000000000000        0x0 ./Src/sysmem.o
 .bss.__sbrk_heap_end
                0x0000000000000000        0x4 ./Src/sysmem.o
 .text._sbrk    0x0000000000000000       0x6c ./Src/sysmem.o
 .debug_info    0x0000000000000000      0x171 ./Src/sysmem.o
 .debug_abbrev  0x0000000000000000       0xbb ./Src/sysmem.o
 .debug_aranges
                0x0000000000000000       0x20 ./Src/sysmem.o
 .debug_ranges  0x0000000000000000       0x10 ./Src/sysmem.o
 .debug_macro   0x0000000000000000       0xff ./Src/sysmem.o
 .debug_macro   0x0000000000000000      0xa7e ./Src/sysmem.o
 .debug_macro   0x0000000000000000       0x10 ./Src/sysmem.o
 .debug_macro   0x0000000000000000       0x22 ./Src/sysmem.o
 .debug_macro   0x0000000000000000       0x4c ./Src/sysmem.o
 .debug_macro   0x0000000000000000       0x18 ./Src/sysmem.o
 .debug_macro   0x0000000000000000       0x94 ./Src/sysmem.o
 .debug_macro   0x0000000000000000       0x3c ./Src/sysmem.o
 .debug_macro   0x0000000000000000       0x34 ./Src/sysmem.o
 .debug_macro   0x0000000000000000      0x174 ./Src/sysmem.o
 .debug_macro   0x0000000000000000       0x16 ./Src/sysmem.o
 .debug_macro   0x0000000000000000       0x43 ./Src/sysmem.o
 .debug_macro   0x0000000000000000       0x57 ./Src/sysmem.o
 .debug_macro   0x0000000000000000       0x34 ./Src/sysmem.o
 .debug_macro   0x0000000000000000       0x10 ./Src/sysmem.o
 .debug_macro   0x0000000000000000       0x58 ./Src/sysmem.o
 .debug_macro   0x0000000000000000       0x71 ./Src/sysmem.o
 .debug_macro   0x0000000000000000       0x1c ./Src/sysmem.o
 .debug_macro   0x0000000000000000      0x12a ./Src/sysmem.o
 .debug_macro   0x0000000000000000      0x23b ./Src/sysmem.o
 .debug_macro   0x0000000000000000      0x103 ./Src/sysmem.o
 .debug_macro   0x0000000000000000       0x6a ./Src/sysmem.o
 .debug_macro   0x0000000000000000      0x1df ./Src/sysmem.o
 .debug_line    0x0000000000000000      0x4e0 ./Src/sysmem.o
 .debug_str     0x0000000000000000     0x5d75 ./Src/sysmem.o
 .comment       0x0000000000000000       0x51 ./Src/sysmem.o
 .debug_frame   0x0000000000000000       0x34 ./Src/sysmem.o
 .ARM.attributes
                0x0000000000000000       0x2e ./Src/sysmem.o
 .text          0x0000000000000000       0x14 ./Startup/startup_stm32f411retx.o
 .data          0x0000000000000000        0x0 ./Startup/startup_stm32f411retx.o
 .bss           0x0000000000000000        0x0 ./Startup/startup_stm32f411retx.o
 .group         0x0000000000000000        0xc C:\Users\ezque\STM32CubeIDE\workspace_1.9.0\DriversSTM32\Debug\libDriversSTM32.a(BasicTimer.o)
 .group         0x0000000000000000        0xc C:\Users\ezque\STM32CubeIDE\workspace_1.9.0\DriversSTM32\Debug\libDriversSTM32.a(BasicTimer.o)
 .group         0x0000000000000000        0xc C:\Users\ezque\STM32CubeIDE\workspace_1.9.0\DriversSTM32\Debug\libDriversSTM32.a(BasicTimer.o)
 .group         0x0000000000000000        0xc C:\Users\ezque\STM32CubeIDE\workspace_1.9.0\DriversSTM32\Debug\libDriversSTM32.a(BasicTimer.o)
 .group         0x0000000000000000        0xc C:\Users\ezque\STM32CubeIDE\workspace_1.9.0\DriversSTM32\Debug\libDriversSTM32.a(BasicTimer.o)
 .group         0x0000000000000000        0xc C:\Users\ezque\STM32CubeIDE\workspace_1.9.0\DriversSTM32\Debug\libDriversSTM32.a(BasicTimer.o)
 .group         0x0000000000000000        0xc C:\Users\ezque\STM32CubeIDE\workspace_1.9.0\DriversSTM32\Debug\libDriversSTM32.a(BasicTimer.o)
 .group         0x0000000000000000        0xc C:\Users\ezque\STM32CubeIDE\workspace_1.9.0\DriversSTM32\Debug\libDriversSTM32.a(BasicTimer.o)
 .group         0x0000000000000000        0xc C:\Users\ezque\STM32CubeIDE\workspace_1.9.0\DriversSTM32\Debug\libDriversSTM32.a(BasicTimer.o)
 .group         0x0000000000000000        0xc C:\Users\ezque\STM32CubeIDE\workspace_1.9.0\DriversSTM32\Debug\libDriversSTM32.a(BasicTimer.o)
 .group         0x0000000000000000        0xc C:\Users\ezque\STM32CubeIDE\workspace_1.9.0\DriversSTM32\Debug\libDriversSTM32.a(BasicTimer.o)
 .group         0x0000000000000000        0xc C:\Users\ezque\STM32CubeIDE\workspace_1.9.0\DriversSTM32\Debug\libDriversSTM32.a(BasicTimer.o)
 .group         0x0000000000000000        0xc C:\Users\ezque\STM32CubeIDE\workspace_1.9.0\DriversSTM32\Debug\libDriversSTM32.a(BasicTimer.o)
 .group         0x0000000000000000        0xc C:\Users\ezque\STM32CubeIDE\workspace_1.9.0\DriversSTM32\Debug\libDriversSTM32.a(BasicTimer.o)
 .group         0x0000000000000000        0xc C:\Users\ezque\STM32CubeIDE\workspace_1.9.0\DriversSTM32\Debug\libDriversSTM32.a(BasicTimer.o)
 .group         0x0000000000000000        0xc C:\Users\ezque\STM32CubeIDE\workspace_1.9.0\DriversSTM32\Debug\libDriversSTM32.a(BasicTimer.o)
 .group         0x0000000000000000        0xc C:\Users\ezque\STM32CubeIDE\workspace_1.9.0\DriversSTM32\Debug\libDriversSTM32.a(BasicTimer.o)
 .text          0x0000000000000000        0x0 C:\Users\ezque\STM32CubeIDE\workspace_1.9.0\DriversSTM32\Debug\libDriversSTM32.a(BasicTimer.o)
 .data          0x0000000000000000        0x0 C:\Users\ezque\STM32CubeIDE\workspace_1.9.0\DriversSTM32\Debug\libDriversSTM32.a(BasicTimer.o)
 .bss           0x0000000000000000        0x0 C:\Users\ezque\STM32CubeIDE\workspace_1.9.0\DriversSTM32\Debug\libDriversSTM32.a(BasicTimer.o)
 .text.startTimer
                0x0000000000000000       0x22 C:\Users\ezque\STM32CubeIDE\workspace_1.9.0\DriversSTM32\Debug\libDriversSTM32.a(BasicTimer.o)
 .text.stopTimer
                0x0000000000000000       0x22 C:\Users\ezque\STM32CubeIDE\workspace_1.9.0\DriversSTM32\Debug\libDriversSTM32.a(BasicTimer.o)
 .text.BTimer2_Callback
                0x0000000000000000        0xe C:\Users\ezque\STM32CubeIDE\workspace_1.9.0\DriversSTM32\Debug\libDriversSTM32.a(BasicTimer.o)
 .text.BTimer4_Callback
                0x0000000000000000        0xe C:\Users\ezque\STM32CubeIDE\workspace_1.9.0\DriversSTM32\Debug\libDriversSTM32.a(BasicTimer.o)
 .debug_macro   0x0000000000000000      0xa7e C:\Users\ezque\STM32CubeIDE\workspace_1.9.0\DriversSTM32\Debug\libDriversSTM32.a(BasicTimer.o)
 .debug_macro   0x0000000000000000       0x28 C:\Users\ezque\STM32CubeIDE\workspace_1.9.0\DriversSTM32\Debug\libDriversSTM32.a(BasicTimer.o)
 .debug_macro   0x0000000000000000       0x28 C:\Users\ezque\STM32CubeIDE\workspace_1.9.0\DriversSTM32\Debug\libDriversSTM32.a(BasicTimer.o)
 .debug_macro   0x0000000000000000       0x22 C:\Users\ezque\STM32CubeIDE\workspace_1.9.0\DriversSTM32\Debug\libDriversSTM32.a(BasicTimer.o)
 .debug_macro   0x0000000000000000       0x8e C:\Users\ezque\STM32CubeIDE\workspace_1.9.0\DriversSTM32\Debug\libDriversSTM32.a(BasicTimer.o)
 .debug_macro   0x0000000000000000       0x51 C:\Users\ezque\STM32CubeIDE\workspace_1.9.0\DriversSTM32\Debug\libDriversSTM32.a(BasicTimer.o)
 .debug_macro   0x0000000000000000      0x103 C:\Users\ezque\STM32CubeIDE\workspace_1.9.0\DriversSTM32\Debug\libDriversSTM32.a(BasicTimer.o)
 .debug_macro   0x0000000000000000       0x6a C:\Users\ezque\STM32CubeIDE\workspace_1.9.0\DriversSTM32\Debug\libDriversSTM32.a(BasicTimer.o)
 .debug_macro   0x0000000000000000      0x1df C:\Users\ezque\STM32CubeIDE\workspace_1.9.0\DriversSTM32\Debug\libDriversSTM32.a(BasicTimer.o)
 .debug_macro   0x0000000000000000       0x1c C:\Users\ezque\STM32CubeIDE\workspace_1.9.0\DriversSTM32\Debug\libDriversSTM32.a(BasicTimer.o)
 .debug_macro   0x0000000000000000       0x22 C:\Users\ezque\STM32CubeIDE\workspace_1.9.0\DriversSTM32\Debug\libDriversSTM32.a(BasicTimer.o)
 .debug_macro   0x0000000000000000       0xd9 C:\Users\ezque\STM32CubeIDE\workspace_1.9.0\DriversSTM32\Debug\libDriversSTM32.a(BasicTimer.o)
 .debug_macro   0x0000000000000000     0x102d C:\Users\ezque\STM32CubeIDE\workspace_1.9.0\DriversSTM32\Debug\libDriversSTM32.a(BasicTimer.o)
 .debug_macro   0x0000000000000000      0x11f C:\Users\ezque\STM32CubeIDE\workspace_1.9.0\DriversSTM32\Debug\libDriversSTM32.a(BasicTimer.o)
 .debug_macro   0x0000000000000000     0xb953 C:\Users\ezque\STM32CubeIDE\workspace_1.9.0\DriversSTM32\Debug\libDriversSTM32.a(BasicTimer.o)
 .debug_macro   0x0000000000000000       0x6d C:\Users\ezque\STM32CubeIDE\workspace_1.9.0\DriversSTM32\Debug\libDriversSTM32.a(BasicTimer.o)
 .group         0x0000000000000000        0xc C:\Users\ezque\STM32CubeIDE\workspace_1.9.0\DriversSTM32\Debug\libDriversSTM32.a(ExtiDriver.o)
 .group         0x0000000000000000        0xc C:\Users\ezque\STM32CubeIDE\workspace_1.9.0\DriversSTM32\Debug\libDriversSTM32.a(ExtiDriver.o)
 .group         0x0000000000000000        0xc C:\Users\ezque\STM32CubeIDE\workspace_1.9.0\DriversSTM32\Debug\libDriversSTM32.a(ExtiDriver.o)
 .group         0x0000000000000000        0xc C:\Users\ezque\STM32CubeIDE\workspace_1.9.0\DriversSTM32\Debug\libDriversSTM32.a(ExtiDriver.o)
 .group         0x0000000000000000        0xc C:\Users\ezque\STM32CubeIDE\workspace_1.9.0\DriversSTM32\Debug\libDriversSTM32.a(ExtiDriver.o)
 .group         0x0000000000000000        0xc C:\Users\ezque\STM32CubeIDE\workspace_1.9.0\DriversSTM32\Debug\libDriversSTM32.a(ExtiDriver.o)
 .group         0x0000000000000000        0xc C:\Users\ezque\STM32CubeIDE\workspace_1.9.0\DriversSTM32\Debug\libDriversSTM32.a(ExtiDriver.o)
 .group         0x0000000000000000        0xc C:\Users\ezque\STM32CubeIDE\workspace_1.9.0\DriversSTM32\Debug\libDriversSTM32.a(ExtiDriver.o)
 .group         0x0000000000000000        0xc C:\Users\ezque\STM32CubeIDE\workspace_1.9.0\DriversSTM32\Debug\libDriversSTM32.a(ExtiDriver.o)
 .group         0x0000000000000000        0xc C:\Users\ezque\STM32CubeIDE\workspace_1.9.0\DriversSTM32\Debug\libDriversSTM32.a(ExtiDriver.o)
 .group         0x0000000000000000        0xc C:\Users\ezque\STM32CubeIDE\workspace_1.9.0\DriversSTM32\Debug\libDriversSTM32.a(ExtiDriver.o)
 .group         0x0000000000000000        0xc C:\Users\ezque\STM32CubeIDE\workspace_1.9.0\DriversSTM32\Debug\libDriversSTM32.a(ExtiDriver.o)
 .group         0x0000000000000000        0xc C:\Users\ezque\STM32CubeIDE\workspace_1.9.0\DriversSTM32\Debug\libDriversSTM32.a(ExtiDriver.o)
 .group         0x0000000000000000        0xc C:\Users\ezque\STM32CubeIDE\workspace_1.9.0\DriversSTM32\Debug\libDriversSTM32.a(ExtiDriver.o)
 .group         0x0000000000000000        0xc C:\Users\ezque\STM32CubeIDE\workspace_1.9.0\DriversSTM32\Debug\libDriversSTM32.a(ExtiDriver.o)
 .group         0x0000000000000000        0xc C:\Users\ezque\STM32CubeIDE\workspace_1.9.0\DriversSTM32\Debug\libDriversSTM32.a(ExtiDriver.o)
 .group         0x0000000000000000        0xc C:\Users\ezque\STM32CubeIDE\workspace_1.9.0\DriversSTM32\Debug\libDriversSTM32.a(ExtiDriver.o)
 .group         0x0000000000000000        0xc C:\Users\ezque\STM32CubeIDE\workspace_1.9.0\DriversSTM32\Debug\libDriversSTM32.a(ExtiDriver.o)
 .text          0x0000000000000000        0x0 C:\Users\ezque\STM32CubeIDE\workspace_1.9.0\DriversSTM32\Debug\libDriversSTM32.a(ExtiDriver.o)
 .data          0x0000000000000000        0x0 C:\Users\ezque\STM32CubeIDE\workspace_1.9.0\DriversSTM32\Debug\libDriversSTM32.a(ExtiDriver.o)
 .bss           0x0000000000000000        0x0 C:\Users\ezque\STM32CubeIDE\workspace_1.9.0\DriversSTM32\Debug\libDriversSTM32.a(ExtiDriver.o)
 .text.Exti10_Callback
                0x0000000000000000        0xe C:\Users\ezque\STM32CubeIDE\workspace_1.9.0\DriversSTM32\Debug\libDriversSTM32.a(ExtiDriver.o)
 .debug_macro   0x0000000000000000      0xa7e C:\Users\ezque\STM32CubeIDE\workspace_1.9.0\DriversSTM32\Debug\libDriversSTM32.a(ExtiDriver.o)
 .debug_macro   0x0000000000000000       0x28 C:\Users\ezque\STM32CubeIDE\workspace_1.9.0\DriversSTM32\Debug\libDriversSTM32.a(ExtiDriver.o)
 .debug_macro   0x0000000000000000       0x28 C:\Users\ezque\STM32CubeIDE\workspace_1.9.0\DriversSTM32\Debug\libDriversSTM32.a(ExtiDriver.o)
 .debug_macro   0x0000000000000000       0x22 C:\Users\ezque\STM32CubeIDE\workspace_1.9.0\DriversSTM32\Debug\libDriversSTM32.a(ExtiDriver.o)
 .debug_macro   0x0000000000000000       0x8e C:\Users\ezque\STM32CubeIDE\workspace_1.9.0\DriversSTM32\Debug\libDriversSTM32.a(ExtiDriver.o)
 .debug_macro   0x0000000000000000       0x51 C:\Users\ezque\STM32CubeIDE\workspace_1.9.0\DriversSTM32\Debug\libDriversSTM32.a(ExtiDriver.o)
 .debug_macro   0x0000000000000000      0x103 C:\Users\ezque\STM32CubeIDE\workspace_1.9.0\DriversSTM32\Debug\libDriversSTM32.a(ExtiDriver.o)
 .debug_macro   0x0000000000000000       0x6a C:\Users\ezque\STM32CubeIDE\workspace_1.9.0\DriversSTM32\Debug\libDriversSTM32.a(ExtiDriver.o)
 .debug_macro   0x0000000000000000      0x1df C:\Users\ezque\STM32CubeIDE\workspace_1.9.0\DriversSTM32\Debug\libDriversSTM32.a(ExtiDriver.o)
 .debug_macro   0x0000000000000000       0x1c C:\Users\ezque\STM32CubeIDE\workspace_1.9.0\DriversSTM32\Debug\libDriversSTM32.a(ExtiDriver.o)
 .debug_macro   0x0000000000000000       0x22 C:\Users\ezque\STM32CubeIDE\workspace_1.9.0\DriversSTM32\Debug\libDriversSTM32.a(ExtiDriver.o)
 .debug_macro   0x0000000000000000       0xd9 C:\Users\ezque\STM32CubeIDE\workspace_1.9.0\DriversSTM32\Debug\libDriversSTM32.a(ExtiDriver.o)
 .debug_macro   0x0000000000000000     0x102d C:\Users\ezque\STM32CubeIDE\workspace_1.9.0\DriversSTM32\Debug\libDriversSTM32.a(ExtiDriver.o)
 .debug_macro   0x0000000000000000      0x11f C:\Users\ezque\STM32CubeIDE\workspace_1.9.0\DriversSTM32\Debug\libDriversSTM32.a(ExtiDriver.o)
 .debug_macro   0x0000000000000000     0xb953 C:\Users\ezque\STM32CubeIDE\workspace_1.9.0\DriversSTM32\Debug\libDriversSTM32.a(ExtiDriver.o)
 .debug_macro   0x0000000000000000       0x6d C:\Users\ezque\STM32CubeIDE\workspace_1.9.0\DriversSTM32\Debug\libDriversSTM32.a(ExtiDriver.o)
 .debug_macro   0x0000000000000000      0x11e C:\Users\ezque\STM32CubeIDE\workspace_1.9.0\DriversSTM32\Debug\libDriversSTM32.a(ExtiDriver.o)
 .group         0x0000000000000000        0xc C:\Users\ezque\STM32CubeIDE\workspace_1.9.0\DriversSTM32\Debug\libDriversSTM32.a(GPIOxDriver.o)
 .group         0x0000000000000000        0xc C:\Users\ezque\STM32CubeIDE\workspace_1.9.0\DriversSTM32\Debug\libDriversSTM32.a(GPIOxDriver.o)
 .group         0x0000000000000000        0xc C:\Users\ezque\STM32CubeIDE\workspace_1.9.0\DriversSTM32\Debug\libDriversSTM32.a(GPIOxDriver.o)
 .group         0x0000000000000000        0xc C:\Users\ezque\STM32CubeIDE\workspace_1.9.0\DriversSTM32\Debug\libDriversSTM32.a(GPIOxDriver.o)
 .group         0x0000000000000000        0xc C:\Users\ezque\STM32CubeIDE\workspace_1.9.0\DriversSTM32\Debug\libDriversSTM32.a(GPIOxDriver.o)
 .group         0x0000000000000000        0xc C:\Users\ezque\STM32CubeIDE\workspace_1.9.0\DriversSTM32\Debug\libDriversSTM32.a(GPIOxDriver.o)
 .group         0x0000000000000000        0xc C:\Users\ezque\STM32CubeIDE\workspace_1.9.0\DriversSTM32\Debug\libDriversSTM32.a(GPIOxDriver.o)
 .group         0x0000000000000000        0xc C:\Users\ezque\STM32CubeIDE\workspace_1.9.0\DriversSTM32\Debug\libDriversSTM32.a(GPIOxDriver.o)
 .group         0x0000000000000000        0xc C:\Users\ezque\STM32CubeIDE\workspace_1.9.0\DriversSTM32\Debug\libDriversSTM32.a(GPIOxDriver.o)
 .group         0x0000000000000000        0xc C:\Users\ezque\STM32CubeIDE\workspace_1.9.0\DriversSTM32\Debug\libDriversSTM32.a(GPIOxDriver.o)
 .group         0x0000000000000000        0xc C:\Users\ezque\STM32CubeIDE\workspace_1.9.0\DriversSTM32\Debug\libDriversSTM32.a(GPIOxDriver.o)
 .group         0x0000000000000000        0xc C:\Users\ezque\STM32CubeIDE\workspace_1.9.0\DriversSTM32\Debug\libDriversSTM32.a(GPIOxDriver.o)
 .group         0x0000000000000000        0xc C:\Users\ezque\STM32CubeIDE\workspace_1.9.0\DriversSTM32\Debug\libDriversSTM32.a(GPIOxDriver.o)
 .group         0x0000000000000000        0xc C:\Users\ezque\STM32CubeIDE\workspace_1.9.0\DriversSTM32\Debug\libDriversSTM32.a(GPIOxDriver.o)
 .group         0x0000000000000000        0xc C:\Users\ezque\STM32CubeIDE\workspace_1.9.0\DriversSTM32\Debug\libDriversSTM32.a(GPIOxDriver.o)
 .group         0x0000000000000000        0xc C:\Users\ezque\STM32CubeIDE\workspace_1.9.0\DriversSTM32\Debug\libDriversSTM32.a(GPIOxDriver.o)
 .group         0x0000000000000000        0xc C:\Users\ezque\STM32CubeIDE\workspace_1.9.0\DriversSTM32\Debug\libDriversSTM32.a(GPIOxDriver.o)
 .text          0x0000000000000000        0x0 C:\Users\ezque\STM32CubeIDE\workspace_1.9.0\DriversSTM32\Debug\libDriversSTM32.a(GPIOxDriver.o)
 .data          0x0000000000000000        0x0 C:\Users\ezque\STM32CubeIDE\workspace_1.9.0\DriversSTM32\Debug\libDriversSTM32.a(GPIOxDriver.o)
 .bss           0x0000000000000000        0x0 C:\Users\ezque\STM32CubeIDE\workspace_1.9.0\DriversSTM32\Debug\libDriversSTM32.a(GPIOxDriver.o)
 .debug_macro   0x0000000000000000      0xa7e C:\Users\ezque\STM32CubeIDE\workspace_1.9.0\DriversSTM32\Debug\libDriversSTM32.a(GPIOxDriver.o)
 .debug_macro   0x0000000000000000       0x28 C:\Users\ezque\STM32CubeIDE\workspace_1.9.0\DriversSTM32\Debug\libDriversSTM32.a(GPIOxDriver.o)
 .debug_macro   0x0000000000000000       0x28 C:\Users\ezque\STM32CubeIDE\workspace_1.9.0\DriversSTM32\Debug\libDriversSTM32.a(GPIOxDriver.o)
 .debug_macro   0x0000000000000000       0x22 C:\Users\ezque\STM32CubeIDE\workspace_1.9.0\DriversSTM32\Debug\libDriversSTM32.a(GPIOxDriver.o)
 .debug_macro   0x0000000000000000       0x8e C:\Users\ezque\STM32CubeIDE\workspace_1.9.0\DriversSTM32\Debug\libDriversSTM32.a(GPIOxDriver.o)
 .debug_macro   0x0000000000000000       0x51 C:\Users\ezque\STM32CubeIDE\workspace_1.9.0\DriversSTM32\Debug\libDriversSTM32.a(GPIOxDriver.o)
 .debug_macro   0x0000000000000000      0x103 C:\Users\ezque\STM32CubeIDE\workspace_1.9.0\DriversSTM32\Debug\libDriversSTM32.a(GPIOxDriver.o)
 .debug_macro   0x0000000000000000       0x6a C:\Users\ezque\STM32CubeIDE\workspace_1.9.0\DriversSTM32\Debug\libDriversSTM32.a(GPIOxDriver.o)
 .debug_macro   0x0000000000000000      0x1df C:\Users\ezque\STM32CubeIDE\workspace_1.9.0\DriversSTM32\Debug\libDriversSTM32.a(GPIOxDriver.o)
 .debug_macro   0x0000000000000000       0x1c C:\Users\ezque\STM32CubeIDE\workspace_1.9.0\DriversSTM32\Debug\libDriversSTM32.a(GPIOxDriver.o)
 .debug_macro   0x0000000000000000       0x22 C:\Users\ezque\STM32CubeIDE\workspace_1.9.0\DriversSTM32\Debug\libDriversSTM32.a(GPIOxDriver.o)
 .debug_macro   0x0000000000000000       0xd9 C:\Users\ezque\STM32CubeIDE\workspace_1.9.0\DriversSTM32\Debug\libDriversSTM32.a(GPIOxDriver.o)
 .debug_macro   0x0000000000000000     0x102d C:\Users\ezque\STM32CubeIDE\workspace_1.9.0\DriversSTM32\Debug\libDriversSTM32.a(GPIOxDriver.o)
 .debug_macro   0x0000000000000000      0x11f C:\Users\ezque\STM32CubeIDE\workspace_1.9.0\DriversSTM32\Debug\libDriversSTM32.a(GPIOxDriver.o)
 .debug_macro   0x0000000000000000     0xb953 C:\Users\ezque\STM32CubeIDE\workspace_1.9.0\DriversSTM32\Debug\libDriversSTM32.a(GPIOxDriver.o)
 .debug_macro   0x0000000000000000       0x6d C:\Users\ezque\STM32CubeIDE\workspace_1.9.0\DriversSTM32\Debug\libDriversSTM32.a(GPIOxDriver.o)
 .text          0x0000000000000000        0x0 c:/st/stm32cubeide_1.9.0/stm32cubeide/plugins/com.st.stm32cube.ide.mcu.externaltools.gnu-tools-for-stm32.10.3-2021.10.win32_1.0.0.202111181127/tools/bin/../lib/gcc/arm-none-eabi/10.3.1/../../../../arm-none-eabi/lib/thumb/v7e-m/nofp\libc_nano.a(lib_a-errno.o)
 .data          0x0000000000000000        0x0 c:/st/stm32cubeide_1.9.0/stm32cubeide/plugins/com.st.stm32cube.ide.mcu.externaltools.gnu-tools-for-stm32.10.3-2021.10.win32_1.0.0.202111181127/tools/bin/../lib/gcc/arm-none-eabi/10.3.1/../../../../arm-none-eabi/lib/thumb/v7e-m/nofp\libc_nano.a(lib_a-errno.o)
 .bss           0x0000000000000000        0x0 c:/st/stm32cubeide_1.9.0/stm32cubeide/plugins/com.st.stm32cube.ide.mcu.externaltools.gnu-tools-for-stm32.10.3-2021.10.win32_1.0.0.202111181127/tools/bin/../lib/gcc/arm-none-eabi/10.3.1/../../../../arm-none-eabi/lib/thumb/v7e-m/nofp\libc_nano.a(lib_a-errno.o)
 .text.__errno  0x0000000000000000        0xc c:/st/stm32cubeide_1.9.0/stm32cubeide/plugins/com.st.stm32cube.ide.mcu.externaltools.gnu-tools-for-stm32.10.3-2021.10.win32_1.0.0.202111181127/tools/bin/../lib/gcc/arm-none-eabi/10.3.1/../../../../arm-none-eabi/lib/thumb/v7e-m/nofp\libc_nano.a(lib_a-errno.o)
 .debug_frame   0x0000000000000000       0x20 c:/st/stm32cubeide_1.9.0/stm32cubeide/plugins/com.st.stm32cube.ide.mcu.externaltools.gnu-tools-for-stm32.10.3-2021.10.win32_1.0.0.202111181127/tools/bin/../lib/gcc/arm-none-eabi/10.3.1/../../../../arm-none-eabi/lib/thumb/v7e-m/nofp\libc_nano.a(lib_a-errno.o)
 .ARM.attributes
                0x0000000000000000       0x2e c:/st/stm32cubeide_1.9.0/stm32cubeide/plugins/com.st.stm32cube.ide.mcu.externaltools.gnu-tools-for-stm32.10.3-2021.10.win32_1.0.0.202111181127/tools/bin/../lib/gcc/arm-none-eabi/10.3.1/../../../../arm-none-eabi/lib/thumb/v7e-m/nofp\libc_nano.a(lib_a-errno.o)
 .text          0x0000000000000000        0x0 c:/st/stm32cubeide_1.9.0/stm32cubeide/plugins/com.st.stm32cube.ide.mcu.externaltools.gnu-tools-for-stm32.10.3-2021.10.win32_1.0.0.202111181127/tools/bin/../lib/gcc/arm-none-eabi/10.3.1/../../../../arm-none-eabi/lib/thumb/v7e-m/nofp\libc_nano.a(lib_a-exit.o)
 .data          0x0000000000000000        0x0 c:/st/stm32cubeide_1.9.0/stm32cubeide/plugins/com.st.stm32cube.ide.mcu.externaltools.gnu-tools-for-stm32.10.3-2021.10.win32_1.0.0.202111181127/tools/bin/../lib/gcc/arm-none-eabi/10.3.1/../../../../arm-none-eabi/lib/thumb/v7e-m/nofp\libc_nano.a(lib_a-exit.o)
 .bss           0x0000000000000000        0x0 c:/st/stm32cubeide_1.9.0/stm32cubeide/plugins/com.st.stm32cube.ide.mcu.externaltools.gnu-tools-for-stm32.10.3-2021.10.win32_1.0.0.202111181127/tools/bin/../lib/gcc/arm-none-eabi/10.3.1/../../../../arm-none-eabi/lib/thumb/v7e-m/nofp\libc_nano.a(lib_a-exit.o)
 .text.exit     0x0000000000000000       0x28 c:/st/stm32cubeide_1.9.0/stm32cubeide/plugins/com.st.stm32cube.ide.mcu.externaltools.gnu-tools-for-stm32.10.3-2021.10.win32_1.0.0.202111181127/tools/bin/../lib/gcc/arm-none-eabi/10.3.1/../../../../arm-none-eabi/lib/thumb/v7e-m/nofp\libc_nano.a(lib_a-exit.o)
 .debug_frame   0x0000000000000000       0x28 c:/st/stm32cubeide_1.9.0/stm32cubeide/plugins/com.st.stm32cube.ide.mcu.externaltools.gnu-tools-for-stm32.10.3-2021.10.win32_1.0.0.202111181127/tools/bin/../lib/gcc/arm-none-eabi/10.3.1/../../../../arm-none-eabi/lib/thumb/v7e-m/nofp\libc_nano.a(lib_a-exit.o)
 .ARM.attributes
                0x0000000000000000       0x2e c:/st/stm32cubeide_1.9.0/stm32cubeide/plugins/com.st.stm32cube.ide.mcu.externaltools.gnu-tools-for-stm32.10.3-2021.10.win32_1.0.0.202111181127/tools/bin/../lib/gcc/arm-none-eabi/10.3.1/../../../../arm-none-eabi/lib/thumb/v7e-m/nofp\libc_nano.a(lib_a-exit.o)
 .text          0x0000000000000000        0x0 c:/st/stm32cubeide_1.9.0/stm32cubeide/plugins/com.st.stm32cube.ide.mcu.externaltools.gnu-tools-for-stm32.10.3-2021.10.win32_1.0.0.202111181127/tools/bin/../lib/gcc/arm-none-eabi/10.3.1/../../../../arm-none-eabi/lib/thumb/v7e-m/nofp\libc_nano.a(lib_a-impure.o)
 .data          0x0000000000000000        0x0 c:/st/stm32cubeide_1.9.0/stm32cubeide/plugins/com.st.stm32cube.ide.mcu.externaltools.gnu-tools-for-stm32.10.3-2021.10.win32_1.0.0.202111181127/tools/bin/../lib/gcc/arm-none-eabi/10.3.1/../../../../arm-none-eabi/lib/thumb/v7e-m/nofp\libc_nano.a(lib_a-impure.o)
 .bss           0x0000000000000000        0x0 c:/st/stm32cubeide_1.9.0/stm32cubeide/plugins/com.st.stm32cube.ide.mcu.externaltools.gnu-tools-for-stm32.10.3-2021.10.win32_1.0.0.202111181127/tools/bin/../lib/gcc/arm-none-eabi/10.3.1/../../../../arm-none-eabi/lib/thumb/v7e-m/nofp\libc_nano.a(lib_a-impure.o)
 .data._impure_ptr
                0x0000000000000000        0x4 c:/st/stm32cubeide_1.9.0/stm32cubeide/plugins/com.st.stm32cube.ide.mcu.externaltools.gnu-tools-for-stm32.10.3-2021.10.win32_1.0.0.202111181127/tools/bin/../lib/gcc/arm-none-eabi/10.3.1/../../../../arm-none-eabi/lib/thumb/v7e-m/nofp\libc_nano.a(lib_a-impure.o)
 .data.impure_data
                0x0000000000000000       0x60 c:/st/stm32cubeide_1.9.0/stm32cubeide/plugins/com.st.stm32cube.ide.mcu.externaltools.gnu-tools-for-stm32.10.3-2021.10.win32_1.0.0.202111181127/tools/bin/../lib/gcc/arm-none-eabi/10.3.1/../../../../arm-none-eabi/lib/thumb/v7e-m/nofp\libc_nano.a(lib_a-impure.o)
 .rodata._global_impure_ptr
                0x0000000000000000        0x4 c:/st/stm32cubeide_1.9.0/stm32cubeide/plugins/com.st.stm32cube.ide.mcu.externaltools.gnu-tools-for-stm32.10.3-2021.10.win32_1.0.0.202111181127/tools/bin/../lib/gcc/arm-none-eabi/10.3.1/../../../../arm-none-eabi/lib/thumb/v7e-m/nofp\libc_nano.a(lib_a-impure.o)
 .ARM.attributes
                0x0000000000000000       0x2e c:/st/stm32cubeide_1.9.0/stm32cubeide/plugins/com.st.stm32cube.ide.mcu.externaltools.gnu-tools-for-stm32.10.3-2021.10.win32_1.0.0.202111181127/tools/bin/../lib/gcc/arm-none-eabi/10.3.1/../../../../arm-none-eabi/lib/thumb/v7e-m/nofp\libc_nano.a(lib_a-impure.o)
 .text          0x0000000000000000        0x0 c:/st/stm32cubeide_1.9.0/stm32cubeide/plugins/com.st.stm32cube.ide.mcu.externaltools.gnu-tools-for-stm32.10.3-2021.10.win32_1.0.0.202111181127/tools/bin/../lib/gcc/arm-none-eabi/10.3.1/../../../../arm-none-eabi/lib/thumb/v7e-m/nofp\libc_nano.a(lib_a-init.o)
 .data          0x0000000000000000        0x0 c:/st/stm32cubeide_1.9.0/stm32cubeide/plugins/com.st.stm32cube.ide.mcu.externaltools.gnu-tools-for-stm32.10.3-2021.10.win32_1.0.0.202111181127/tools/bin/../lib/gcc/arm-none-eabi/10.3.1/../../../../arm-none-eabi/lib/thumb/v7e-m/nofp\libc_nano.a(lib_a-init.o)
 .bss           0x0000000000000000        0x0 c:/st/stm32cubeide_1.9.0/stm32cubeide/plugins/com.st.stm32cube.ide.mcu.externaltools.gnu-tools-for-stm32.10.3-2021.10.win32_1.0.0.202111181127/tools/bin/../lib/gcc/arm-none-eabi/10.3.1/../../../../arm-none-eabi/lib/thumb/v7e-m/nofp\libc_nano.a(lib_a-init.o)
 .text          0x0000000000000000        0x0 c:/st/stm32cubeide_1.9.0/stm32cubeide/plugins/com.st.stm32cube.ide.mcu.externaltools.gnu-tools-for-stm32.10.3-2021.10.win32_1.0.0.202111181127/tools/bin/../lib/gcc/arm-none-eabi/10.3.1/../../../../arm-none-eabi/lib/thumb/v7e-m/nofp\libc_nano.a(lib_a-memset.o)
 .data          0x0000000000000000        0x0 c:/st/stm32cubeide_1.9.0/stm32cubeide/plugins/com.st.stm32cube.ide.mcu.externaltools.gnu-tools-for-stm32.10.3-2021.10.win32_1.0.0.202111181127/tools/bin/../lib/gcc/arm-none-eabi/10.3.1/../../../../arm-none-eabi/lib/thumb/v7e-m/nofp\libc_nano.a(lib_a-memset.o)
 .bss           0x0000000000000000        0x0 c:/st/stm32cubeide_1.9.0/stm32cubeide/plugins/com.st.stm32cube.ide.mcu.externaltools.gnu-tools-for-stm32.10.3-2021.10.win32_1.0.0.202111181127/tools/bin/../lib/gcc/arm-none-eabi/10.3.1/../../../../arm-none-eabi/lib/thumb/v7e-m/nofp\libc_nano.a(lib_a-memset.o)
 .text.memset   0x0000000000000000       0x10 c:/st/stm32cubeide_1.9.0/stm32cubeide/plugins/com.st.stm32cube.ide.mcu.externaltools.gnu-tools-for-stm32.10.3-2021.10.win32_1.0.0.202111181127/tools/bin/../lib/gcc/arm-none-eabi/10.3.1/../../../../arm-none-eabi/lib/thumb/v7e-m/nofp\libc_nano.a(lib_a-memset.o)
 .debug_frame   0x0000000000000000       0x20 c:/st/stm32cubeide_1.9.0/stm32cubeide/plugins/com.st.stm32cube.ide.mcu.externaltools.gnu-tools-for-stm32.10.3-2021.10.win32_1.0.0.202111181127/tools/bin/../lib/gcc/arm-none-eabi/10.3.1/../../../../arm-none-eabi/lib/thumb/v7e-m/nofp\libc_nano.a(lib_a-memset.o)
 .ARM.attributes
                0x0000000000000000       0x2e c:/st/stm32cubeide_1.9.0/stm32cubeide/plugins/com.st.stm32cube.ide.mcu.externaltools.gnu-tools-for-stm32.10.3-2021.10.win32_1.0.0.202111181127/tools/bin/../lib/gcc/arm-none-eabi/10.3.1/../../../../arm-none-eabi/lib/thumb/v7e-m/nofp\libc_nano.a(lib_a-memset.o)
 .text          0x0000000000000000        0x0 c:/st/stm32cubeide_1.9.0/stm32cubeide/plugins/com.st.stm32cube.ide.mcu.externaltools.gnu-tools-for-stm32.10.3-2021.10.win32_1.0.0.202111181127/tools/bin/../lib/gcc/arm-none-eabi/10.3.1/thumb/v7e-m/nofp/crtend.o
 .data          0x0000000000000000        0x0 c:/st/stm32cubeide_1.9.0/stm32cubeide/plugins/com.st.stm32cube.ide.mcu.externaltools.gnu-tools-for-stm32.10.3-2021.10.win32_1.0.0.202111181127/tools/bin/../lib/gcc/arm-none-eabi/10.3.1/thumb/v7e-m/nofp/crtend.o
 .bss           0x0000000000000000        0x0 c:/st/stm32cubeide_1.9.0/stm32cubeide/plugins/com.st.stm32cube.ide.mcu.externaltools.gnu-tools-for-stm32.10.3-2021.10.win32_1.0.0.202111181127/tools/bin/../lib/gcc/arm-none-eabi/10.3.1/thumb/v7e-m/nofp/crtend.o
 .rodata        0x0000000000000000       0x24 c:/st/stm32cubeide_1.9.0/stm32cubeide/plugins/com.st.stm32cube.ide.mcu.externaltools.gnu-tools-for-stm32.10.3-2021.10.win32_1.0.0.202111181127/tools/bin/../lib/gcc/arm-none-eabi/10.3.1/thumb/v7e-m/nofp/crtend.o
 .eh_frame      0x0000000000000000        0x4 c:/st/stm32cubeide_1.9.0/stm32cubeide/plugins/com.st.stm32cube.ide.mcu.externaltools.gnu-tools-for-stm32.10.3-2021.10.win32_1.0.0.202111181127/tools/bin/../lib/gcc/arm-none-eabi/10.3.1/thumb/v7e-m/nofp/crtend.o
 .ARM.attributes
                0x0000000000000000       0x2e c:/st/stm32cubeide_1.9.0/stm32cubeide/plugins/com.st.stm32cube.ide.mcu.externaltools.gnu-tools-for-stm32.10.3-2021.10.win32_1.0.0.202111181127/tools/bin/../lib/gcc/arm-none-eabi/10.3.1/thumb/v7e-m/nofp/crtend.o
 .text          0x0000000000000000        0x0 c:/st/stm32cubeide_1.9.0/stm32cubeide/plugins/com.st.stm32cube.ide.mcu.externaltools.gnu-tools-for-stm32.10.3-2021.10.win32_1.0.0.202111181127/tools/bin/../lib/gcc/arm-none-eabi/10.3.1/thumb/v7e-m/nofp/crtn.o
 .data          0x0000000000000000        0x0 c:/st/stm32cubeide_1.9.0/stm32cubeide/plugins/com.st.stm32cube.ide.mcu.externaltools.gnu-tools-for-stm32.10.3-2021.10.win32_1.0.0.202111181127/tools/bin/../lib/gcc/arm-none-eabi/10.3.1/thumb/v7e-m/nofp/crtn.o
 .bss           0x0000000000000000        0x0 c:/st/stm32cubeide_1.9.0/stm32cubeide/plugins/com.st.stm32cube.ide.mcu.externaltools.gnu-tools-for-stm32.10.3-2021.10.win32_1.0.0.202111181127/tools/bin/../lib/gcc/arm-none-eabi/10.3.1/thumb/v7e-m/nofp/crtn.o

Memory Configuration

Name             Origin             Length             Attributes
RAM              0x0000000020000000 0x0000000000020000 xrw
FLASH            0x0000000008000000 0x0000000000080000 xr
*default*        0x0000000000000000 0xffffffffffffffff

Linker script and memory map

LOAD c:/st/stm32cubeide_1.9.0/stm32cubeide/plugins/com.st.stm32cube.ide.mcu.externaltools.gnu-tools-for-stm32.10.3-2021.10.win32_1.0.0.202111181127/tools/bin/../lib/gcc/arm-none-eabi/10.3.1/thumb/v7e-m/nofp/crti.o
LOAD c:/st/stm32cubeide_1.9.0/stm32cubeide/plugins/com.st.stm32cube.ide.mcu.externaltools.gnu-tools-for-stm32.10.3-2021.10.win32_1.0.0.202111181127/tools/bin/../lib/gcc/arm-none-eabi/10.3.1/thumb/v7e-m/nofp/crtbegin.o
LOAD c:/st/stm32cubeide_1.9.0/stm32cubeide/plugins/com.st.stm32cube.ide.mcu.externaltools.gnu-tools-for-stm32.10.3-2021.10.win32_1.0.0.202111181127/tools/bin/../lib/gcc/arm-none-eabi/10.3.1/../../../../arm-none-eabi/lib/thumb/v7e-m/nofp/crt0.o
LOAD ./Src/EXTI_Main.o
LOAD ./Src/syscalls.o
LOAD ./Src/sysmem.o
LOAD ./Startup/startup_stm32f411retx.o
LOAD C:\Users\ezque\STM32CubeIDE\workspace_1.9.0\DriversSTM32\Debug\libDriversSTM32.a
START GROUP
LOAD c:/st/stm32cubeide_1.9.0/stm32cubeide/plugins/com.st.stm32cube.ide.mcu.externaltools.gnu-tools-for-stm32.10.3-2021.10.win32_1.0.0.202111181127/tools/bin/../lib/gcc/arm-none-eabi/10.3.1/../../../../arm-none-eabi/lib/thumb/v7e-m/nofp\libc_nano.a
LOAD c:/st/stm32cubeide_1.9.0/stm32cubeide/plugins/com.st.stm32cube.ide.mcu.externaltools.gnu-tools-for-stm32.10.3-2021.10.win32_1.0.0.202111181127/tools/bin/../lib/gcc/arm-none-eabi/10.3.1/../../../../arm-none-eabi/lib/thumb/v7e-m/nofp\libm.a
END GROUP
START GROUP
LOAD c:/st/stm32cubeide_1.9.0/stm32cubeide/plugins/com.st.stm32cube.ide.mcu.externaltools.gnu-tools-for-stm32.10.3-2021.10.win32_1.0.0.202111181127/tools/bin/../lib/gcc/arm-none-eabi/10.3.1/thumb/v7e-m/nofp\libgcc.a
LOAD c:/st/stm32cubeide_1.9.0/stm32cubeide/plugins/com.st.stm32cube.ide.mcu.externaltools.gnu-tools-for-stm32.10.3-2021.10.win32_1.0.0.202111181127/tools/bin/../lib/gcc/arm-none-eabi/10.3.1/../../../../arm-none-eabi/lib/thumb/v7e-m/nofp\libc_nano.a
END GROUP
START GROUP
LOAD c:/st/stm32cubeide_1.9.0/stm32cubeide/plugins/com.st.stm32cube.ide.mcu.externaltools.gnu-tools-for-stm32.10.3-2021.10.win32_1.0.0.202111181127/tools/bin/../lib/gcc/arm-none-eabi/10.3.1/thumb/v7e-m/nofp\libgcc.a
LOAD c:/st/stm32cubeide_1.9.0/stm32cubeide/plugins/com.st.stm32cube.ide.mcu.externaltools.gnu-tools-for-stm32.10.3-2021.10.win32_1.0.0.202111181127/tools/bin/../lib/gcc/arm-none-eabi/10.3.1/../../../../arm-none-eabi/lib/thumb/v7e-m/nofp\libc_nano.a
LOAD c:/st/stm32cubeide_1.9.0/stm32cubeide/plugins/com.st.stm32cube.ide.mcu.externaltools.gnu-tools-for-stm32.10.3-2021.10.win32_1.0.0.202111181127/tools/bin/../lib/gcc/arm-none-eabi/10.3.1/../../../../arm-none-eabi/lib/thumb/v7e-m/nofp\libnosys.a
END GROUP
START GROUP
LOAD c:/st/stm32cubeide_1.9.0/stm32cubeide/plugins/com.st.stm32cube.ide.mcu.externaltools.gnu-tools-for-stm32.10.3-2021.10.win32_1.0.0.202111181127/tools/bin/../lib/gcc/arm-none-eabi/10.3.1/thumb/v7e-m/nofp\libgcc.a
LOAD c:/st/stm32cubeide_1.9.0/stm32cubeide/plugins/com.st.stm32cube.ide.mcu.externaltools.gnu-tools-for-stm32.10.3-2021.10.win32_1.0.0.202111181127/tools/bin/../lib/gcc/arm-none-eabi/10.3.1/../../../../arm-none-eabi/lib/thumb/v7e-m/nofp\libc_nano.a
LOAD c:/st/stm32cubeide_1.9.0/stm32cubeide/plugins/com.st.stm32cube.ide.mcu.externaltools.gnu-tools-for-stm32.10.3-2021.10.win32_1.0.0.202111181127/tools/bin/../lib/gcc/arm-none-eabi/10.3.1/../../../../arm-none-eabi/lib/thumb/v7e-m/nofp\libnosys.a
END GROUP
LOAD c:/st/stm32cubeide_1.9.0/stm32cubeide/plugins/com.st.stm32cube.ide.mcu.externaltools.gnu-tools-for-stm32.10.3-2021.10.win32_1.0.0.202111181127/tools/bin/../lib/gcc/arm-none-eabi/10.3.1/thumb/v7e-m/nofp/crtend.o
LOAD c:/st/stm32cubeide_1.9.0/stm32cubeide/plugins/com.st.stm32cube.ide.mcu.externaltools.gnu-tools-for-stm32.10.3-2021.10.win32_1.0.0.202111181127/tools/bin/../lib/gcc/arm-none-eabi/10.3.1/thumb/v7e-m/nofp/crtn.o
                0x0000000020020000                _estack = (ORIGIN (RAM) + LENGTH (RAM))
                0x0000000000000200                _Min_Heap_Size = 0x200
                0x0000000000000400                _Min_Stack_Size = 0x400

.isr_vector     0x0000000008000000      0x198
                0x0000000008000000                . = ALIGN (0x4)
 *(.isr_vector)
 .isr_vector    0x0000000008000000      0x198 ./Startup/startup_stm32f411retx.o
                0x0000000008000000                g_pfnVectors
                0x0000000008000198                . = ALIGN (0x4)

.text           0x0000000008000198     0x1030
                0x0000000008000198                . = ALIGN (0x4)
 *(.text)
 .text          0x0000000008000198       0x40 c:/st/stm32cubeide_1.9.0/stm32cubeide/plugins/com.st.stm32cube.ide.mcu.externaltools.gnu-tools-for-stm32.10.3-2021.10.win32_1.0.0.202111181127/tools/bin/../lib/gcc/arm-none-eabi/10.3.1/thumb/v7e-m/nofp/crtbegin.o
 *(.text*)
 .text.main     0x00000000080001d8       0x70 ./Src/EXTI_Main.o
                0x00000000080001d8                main
 .text.initSystem
                0x0000000008000248      0x24c ./Src/EXTI_Main.o
                0x0000000008000248                initSystem
 .text.BTimer2_Callback
                0x0000000008000494       0x20 ./Src/EXTI_Main.o
                0x0000000008000494                BTimer2_Callback
 .text.BTimer4_Callback
                0x00000000080004b4       0x40 ./Src/EXTI_Main.o
                0x00000000080004b4                BTimer4_Callback
 .text.Exti10_Callback
                0x00000000080004f4       0x5c ./Src/EXTI_Main.o
                0x00000000080004f4                Exti10_Callback
 .text.Display_WriteNumber
                0x0000000008000550       0xf4 ./Src/EXTI_Main.o
                0x0000000008000550                Display_WriteNumber
 .text.Reset_Handler
                0x0000000008000644       0x50 ./Startup/startup_stm32f411retx.o
                0x0000000008000644                Reset_Handler
 .text.Default_Handler
                0x0000000008000694        0x2 ./Startup/startup_stm32f411retx.o
                0x0000000008000694                RTC_Alarm_IRQHandler
                0x0000000008000694                DebugMon_Handler
                0x0000000008000694                SPI4_IRQHandler
                0x0000000008000694                TIM1_CC_IRQHandler
                0x0000000008000694                DMA2_Stream5_IRQHandler
                0x0000000008000694                HardFault_Handler
                0x0000000008000694                DMA1_Stream5_IRQHandler
                0x0000000008000694                SysTick_Handler
                0x0000000008000694                PVD_IRQHandler
                0x0000000008000694                SDIO_IRQHandler
                0x0000000008000694                TAMP_STAMP_IRQHandler
                0x0000000008000694                PendSV_Handler
                0x0000000008000694                NMI_Handler
                0x0000000008000694                TIM1_UP_TIM10_IRQHandler
                0x0000000008000694                I2C3_ER_IRQHandler
                0x0000000008000694                I2C2_EV_IRQHandler
                0x0000000008000694                DMA1_Stream2_IRQHandler
                0x0000000008000694                FPU_IRQHandler
                0x0000000008000694                UsageFault_Handler
                0x0000000008000694                DMA2_Stream2_IRQHandler
                0x0000000008000694                SPI1_IRQHandler
                0x0000000008000694                TIM1_BRK_TIM9_IRQHandler
                0x0000000008000694                DMA2_Stream3_IRQHandler
                0x0000000008000694                USART6_IRQHandler
                0x0000000008000694                DMA2_Stream0_IRQHandler
                0x0000000008000694                I2C1_EV_IRQHandler
                0x0000000008000694                DMA1_Stream6_IRQHandler
                0x0000000008000694                DMA1_Stream1_IRQHandler
                0x0000000008000694                RCC_IRQHandler
                0x0000000008000694                Default_Handler
                0x0000000008000694                ADC_IRQHandler
                0x0000000008000694                DMA1_Stream7_IRQHandler
                0x0000000008000694                SPI5_IRQHandler
                0x0000000008000694                TIM5_IRQHandler
                0x0000000008000694                DMA2_Stream7_IRQHandler
                0x0000000008000694                I2C3_EV_IRQHandler
                0x0000000008000694                RTC_WKUP_IRQHandler
                0x0000000008000694                SPI2_IRQHandler
                0x0000000008000694                MemManage_Handler
                0x0000000008000694                DMA1_Stream0_IRQHandler
                0x0000000008000694                SVC_Handler
                0x0000000008000694                WWDG_IRQHandler
                0x0000000008000694                OTG_FS_WKUP_IRQHandler
                0x0000000008000694                TIM1_TRG_COM_TIM11_IRQHandler
                0x0000000008000694                USART2_IRQHandler
                0x0000000008000694                I2C2_ER_IRQHandler
                0x0000000008000694                DMA2_Stream1_IRQHandler
                0x0000000008000694                FLASH_IRQHandler
                0x0000000008000694                DMA2_Stream4_IRQHandler
                0x0000000008000694                BusFault_Handler
                0x0000000008000694                USART1_IRQHandler
                0x0000000008000694                OTG_FS_IRQHandler
                0x0000000008000694                SPI3_IRQHandler
                0x0000000008000694                DMA1_Stream4_IRQHandler
                0x0000000008000694                I2C1_ER_IRQHandler
                0x0000000008000694                DMA2_Stream6_IRQHandler
                0x0000000008000694                DMA1_Stream3_IRQHandler
 *fill*         0x0000000008000696        0x2 
 .text.__NVIC_EnableIRQ
                0x0000000008000698       0x38 C:\Users\ezque\STM32CubeIDE\workspace_1.9.0\DriversSTM32\Debug\libDriversSTM32.a(BasicTimer.o)
 .text.__NVIC_SetPriority
                0x00000000080006d0       0x54 C:\Users\ezque\STM32CubeIDE\workspace_1.9.0\DriversSTM32\Debug\libDriversSTM32.a(BasicTimer.o)
 .text.BTimer_Config
                0x0000000008000724      0x138 C:\Users\ezque\STM32CubeIDE\workspace_1.9.0\DriversSTM32\Debug\libDriversSTM32.a(BasicTimer.o)
                0x0000000008000724                BTimer_Config
 .text.BTimer3_Callback
                0x000000000800085c        0xe C:\Users\ezque\STM32CubeIDE\workspace_1.9.0\DriversSTM32\Debug\libDriversSTM32.a(BasicTimer.o)
                0x000000000800085c                BTimer3_Callback
 .text.TIM2_IRQHandler
                0x000000000800086a       0x1c C:\Users\ezque\STM32CubeIDE\workspace_1.9.0\DriversSTM32\Debug\libDriversSTM32.a(BasicTimer.o)
                0x000000000800086a                TIM2_IRQHandler
 *fill*         0x0000000008000886        0x2 
 .text.TIM3_IRQHandler
                0x0000000008000888       0x1c C:\Users\ezque\STM32CubeIDE\workspace_1.9.0\DriversSTM32\Debug\libDriversSTM32.a(BasicTimer.o)
                0x0000000008000888                TIM3_IRQHandler
 .text.TIM4_IRQHandler
                0x00000000080008a4       0x1c C:\Users\ezque\STM32CubeIDE\workspace_1.9.0\DriversSTM32\Debug\libDriversSTM32.a(BasicTimer.o)
                0x00000000080008a4                TIM4_IRQHandler
 .text.__NVIC_EnableIRQ
                0x00000000080008c0       0x38 C:\Users\ezque\STM32CubeIDE\workspace_1.9.0\DriversSTM32\Debug\libDriversSTM32.a(ExtiDriver.o)
 .text.exti_Config
                0x00000000080008f8      0x1f4 C:\Users\ezque\STM32CubeIDE\workspace_1.9.0\DriversSTM32\Debug\libDriversSTM32.a(ExtiDriver.o)
                0x00000000080008f8                exti_Config
 .text.EXTI0_IRQHandler
                0x0000000008000aec       0x28 C:\Users\ezque\STM32CubeIDE\workspace_1.9.0\DriversSTM32\Debug\libDriversSTM32.a(ExtiDriver.o)
                0x0000000008000aec                EXTI0_IRQHandler
 .text.EXTI1_IRQHandler
                0x0000000008000b14       0x28 C:\Users\ezque\STM32CubeIDE\workspace_1.9.0\DriversSTM32\Debug\libDriversSTM32.a(ExtiDriver.o)
                0x0000000008000b14                EXTI1_IRQHandler
 .text.EXTI2_IRQHandler
                0x0000000008000b3c       0x28 C:\Users\ezque\STM32CubeIDE\workspace_1.9.0\DriversSTM32\Debug\libDriversSTM32.a(ExtiDriver.o)
                0x0000000008000b3c                EXTI2_IRQHandler
 .text.EXTI3_IRQHandler
                0x0000000008000b64       0x28 C:\Users\ezque\STM32CubeIDE\workspace_1.9.0\DriversSTM32\Debug\libDriversSTM32.a(ExtiDriver.o)
                0x0000000008000b64                EXTI3_IRQHandler
 .text.EXTI4_IRQHandler
                0x0000000008000b8c       0x28 C:\Users\ezque\STM32CubeIDE\workspace_1.9.0\DriversSTM32\Debug\libDriversSTM32.a(ExtiDriver.o)
                0x0000000008000b8c                EXTI4_IRQHandler
 .text.EXTI9_5_IRQHandler
                0x0000000008000bb4       0xa0 C:\Users\ezque\STM32CubeIDE\workspace_1.9.0\DriversSTM32\Debug\libDriversSTM32.a(ExtiDriver.o)
                0x0000000008000bb4                EXTI9_5_IRQHandler
 .text.EXTI15_10_IRQHandler
                0x0000000008000c54       0xc0 C:\Users\ezque\STM32CubeIDE\workspace_1.9.0\DriversSTM32\Debug\libDriversSTM32.a(ExtiDriver.o)
                0x0000000008000c54                EXTI15_10_IRQHandler
 .text.Exti0_Callback
                0x0000000008000d14        0xe C:\Users\ezque\STM32CubeIDE\workspace_1.9.0\DriversSTM32\Debug\libDriversSTM32.a(ExtiDriver.o)
                0x0000000008000d14                Exti0_Callback
 .text.Exti1_Callback
                0x0000000008000d22        0xe C:\Users\ezque\STM32CubeIDE\workspace_1.9.0\DriversSTM32\Debug\libDriversSTM32.a(ExtiDriver.o)
                0x0000000008000d22                Exti1_Callback
 .text.Exti2_Callback
                0x0000000008000d30        0xe C:\Users\ezque\STM32CubeIDE\workspace_1.9.0\DriversSTM32\Debug\libDriversSTM32.a(ExtiDriver.o)
                0x0000000008000d30                Exti2_Callback
 .text.Exti3_Callback
                0x0000000008000d3e        0xe C:\Users\ezque\STM32CubeIDE\workspace_1.9.0\DriversSTM32\Debug\libDriversSTM32.a(ExtiDriver.o)
                0x0000000008000d3e                Exti3_Callback
 .text.Exti4_Callback
                0x0000000008000d4c        0xe C:\Users\ezque\STM32CubeIDE\workspace_1.9.0\DriversSTM32\Debug\libDriversSTM32.a(ExtiDriver.o)
                0x0000000008000d4c                Exti4_Callback
 .text.Exti5_Callback
                0x0000000008000d5a        0xe C:\Users\ezque\STM32CubeIDE\workspace_1.9.0\DriversSTM32\Debug\libDriversSTM32.a(ExtiDriver.o)
                0x0000000008000d5a                Exti5_Callback
 .text.Exti6_Callback
                0x0000000008000d68        0xe C:\Users\ezque\STM32CubeIDE\workspace_1.9.0\DriversSTM32\Debug\libDriversSTM32.a(ExtiDriver.o)
                0x0000000008000d68                Exti6_Callback
 .text.Exti7_Callback
                0x0000000008000d76        0xe C:\Users\ezque\STM32CubeIDE\workspace_1.9.0\DriversSTM32\Debug\libDriversSTM32.a(ExtiDriver.o)
                0x0000000008000d76                Exti7_Callback
 .text.Exti8_Callback
                0x0000000008000d84        0xe C:\Users\ezque\STM32CubeIDE\workspace_1.9.0\DriversSTM32\Debug\libDriversSTM32.a(ExtiDriver.o)
                0x0000000008000d84                Exti8_Callback
 .text.Exti9_Callback
                0x0000000008000d92        0xe C:\Users\ezque\STM32CubeIDE\workspace_1.9.0\DriversSTM32\Debug\libDriversSTM32.a(ExtiDriver.o)
                0x0000000008000d92                Exti9_Callback
 .text.Exti11_Callback
                0x0000000008000da0        0xe C:\Users\ezque\STM32CubeIDE\workspace_1.9.0\DriversSTM32\Debug\libDriversSTM32.a(ExtiDriver.o)
                0x0000000008000da0                Exti11_Callback
 .text.Exti12_Callback
                0x0000000008000dae        0xe C:\Users\ezque\STM32CubeIDE\workspace_1.9.0\DriversSTM32\Debug\libDriversSTM32.a(ExtiDriver.o)
                0x0000000008000dae                Exti12_Callback
 .text.Exti13_Callback
                0x0000000008000dbc        0xe C:\Users\ezque\STM32CubeIDE\workspace_1.9.0\DriversSTM32\Debug\libDriversSTM32.a(ExtiDriver.o)
                0x0000000008000dbc                Exti13_Callback
 .text.Exti14_Callback
                0x0000000008000dca        0xe C:\Users\ezque\STM32CubeIDE\workspace_1.9.0\DriversSTM32\Debug\libDriversSTM32.a(ExtiDriver.o)
                0x0000000008000dca                Exti14_Callback
 .text.Exti15_Callback
                0x0000000008000dd8        0xe C:\Users\ezque\STM32CubeIDE\workspace_1.9.0\DriversSTM32\Debug\libDriversSTM32.a(ExtiDriver.o)
                0x0000000008000dd8                Exti15_Callback
 *fill*         0x0000000008000de6        0x2 
 .text.configExtiPin
                0x0000000008000de8       0xac C:\Users\ezque\STM32CubeIDE\workspace_1.9.0\DriversSTM32\Debug\libDriversSTM32.a(ExtiDriver.o)
                0x0000000008000de8                configExtiPin
 .text.GPIO_Config
                0x0000000008000e94      0x250 C:\Users\ezque\STM32CubeIDE\workspace_1.9.0\DriversSTM32\Debug\libDriversSTM32.a(GPIOxDriver.o)
                0x0000000008000e94                GPIO_Config
 .text.GPIO_WritePin
                0x00000000080010e4       0x54 C:\Users\ezque\STM32CubeIDE\workspace_1.9.0\DriversSTM32\Debug\libDriversSTM32.a(GPIOxDriver.o)
                0x00000000080010e4                GPIO_WritePin
 .text.GPIO_ReadPin
                0x0000000008001138       0x2e C:\Users\ezque\STM32CubeIDE\workspace_1.9.0\DriversSTM32\Debug\libDriversSTM32.a(GPIOxDriver.o)
                0x0000000008001138                GPIO_ReadPin
 *fill*         0x0000000008001166        0x2 
 .text.__libc_init_array
                0x0000000008001168       0x48 c:/st/stm32cubeide_1.9.0/stm32cubeide/plugins/com.st.stm32cube.ide.mcu.externaltools.gnu-tools-for-stm32.10.3-2021.10.win32_1.0.0.202111181127/tools/bin/../lib/gcc/arm-none-eabi/10.3.1/../../../../arm-none-eabi/lib/thumb/v7e-m/nofp\libc_nano.a(lib_a-init.o)
                0x0000000008001168                __libc_init_array
 *(.glue_7)
 .glue_7        0x00000000080011b0        0x0 linker stubs
 *(.glue_7t)
 .glue_7t       0x00000000080011b0        0x0 linker stubs
 *(.eh_frame)
 .eh_frame      0x00000000080011b0        0x0 c:/st/stm32cubeide_1.9.0/stm32cubeide/plugins/com.st.stm32cube.ide.mcu.externaltools.gnu-tools-for-stm32.10.3-2021.10.win32_1.0.0.202111181127/tools/bin/../lib/gcc/arm-none-eabi/10.3.1/thumb/v7e-m/nofp/crtbegin.o
 *(.init)
 .init          0x00000000080011b0        0x4 c:/st/stm32cubeide_1.9.0/stm32cubeide/plugins/com.st.stm32cube.ide.mcu.externaltools.gnu-tools-for-stm32.10.3-2021.10.win32_1.0.0.202111181127/tools/bin/../lib/gcc/arm-none-eabi/10.3.1/thumb/v7e-m/nofp/crti.o
                0x00000000080011b0                _init
 .init          0x00000000080011b4        0x8 c:/st/stm32cubeide_1.9.0/stm32cubeide/plugins/com.st.stm32cube.ide.mcu.externaltools.gnu-tools-for-stm32.10.3-2021.10.win32_1.0.0.202111181127/tools/bin/../lib/gcc/arm-none-eabi/10.3.1/thumb/v7e-m/nofp/crtn.o
 *(.fini)
 .fini          0x00000000080011bc        0x4 c:/st/stm32cubeide_1.9.0/stm32cubeide/plugins/com.st.stm32cube.ide.mcu.externaltools.gnu-tools-for-stm32.10.3-2021.10.win32_1.0.0.202111181127/tools/bin/../lib/gcc/arm-none-eabi/10.3.1/thumb/v7e-m/nofp/crti.o
                0x00000000080011bc                _fini
 .fini          0x00000000080011c0        0x8 c:/st/stm32cubeide_1.9.0/stm32cubeide/plugins/com.st.stm32cube.ide.mcu.externaltools.gnu-tools-for-stm32.10.3-2021.10.win32_1.0.0.202111181127/tools/bin/../lib/gcc/arm-none-eabi/10.3.1/thumb/v7e-m/nofp/crtn.o
                0x00000000080011c8                . = ALIGN (0x4)
                0x00000000080011c8                _etext = .

.vfp11_veneer   0x00000000080011c8        0x0
 .vfp11_veneer  0x00000000080011c8        0x0 linker stubs

.v4_bx          0x00000000080011c8        0x0
 .v4_bx         0x00000000080011c8        0x0 linker stubs

.iplt           0x00000000080011c8        0x0
 .iplt          0x00000000080011c8        0x0 c:/st/stm32cubeide_1.9.0/stm32cubeide/plugins/com.st.stm32cube.ide.mcu.externaltools.gnu-tools-for-stm32.10.3-2021.10.win32_1.0.0.202111181127/tools/bin/../lib/gcc/arm-none-eabi/10.3.1/thumb/v7e-m/nofp/crtbegin.o

.rel.dyn        0x00000000080011c8        0x0
 .rel.iplt      0x00000000080011c8        0x0 c:/st/stm32cubeide_1.9.0/stm32cubeide/plugins/com.st.stm32cube.ide.mcu.externaltools.gnu-tools-for-stm32.10.3-2021.10.win32_1.0.0.202111181127/tools/bin/../lib/gcc/arm-none-eabi/10.3.1/thumb/v7e-m/nofp/crtbegin.o

.rodata         0x00000000080011c8        0x0
                0x00000000080011c8                . = ALIGN (0x4)
 *(.rodata)
 *(.rodata*)
                0x00000000080011c8                . = ALIGN (0x4)

.ARM.extab      0x00000000080011c8        0x0
                0x00000000080011c8                . = ALIGN (0x4)
 *(.ARM.extab* .gnu.linkonce.armextab.*)
                0x00000000080011c8                . = ALIGN (0x4)

.ARM            0x00000000080011c8        0x0
                0x00000000080011c8                . = ALIGN (0x4)
                0x00000000080011c8                __exidx_start = .
 *(.ARM.exidx*)
                0x00000000080011c8                __exidx_end = .
                0x00000000080011c8                . = ALIGN (0x4)

.preinit_array  0x00000000080011c8        0x0
                0x00000000080011c8                . = ALIGN (0x4)
                0x00000000080011c8                PROVIDE (__preinit_array_start = .)
 *(.preinit_array*)
                0x00000000080011c8                PROVIDE (__preinit_array_end = .)
                0x00000000080011c8                . = ALIGN (0x4)

.init_array     0x00000000080011c8        0x4
                0x00000000080011c8                . = ALIGN (0x4)
                0x00000000080011c8                PROVIDE (__init_array_start = .)
 *(SORT_BY_NAME(.init_array.*))
 *(.init_array*)
 .init_array    0x00000000080011c8        0x4 c:/st/stm32cubeide_1.9.0/stm32cubeide/plugins/com.st.stm32cube.ide.mcu.externaltools.gnu-tools-for-stm32.10.3-2021.10.win32_1.0.0.202111181127/tools/bin/../lib/gcc/arm-none-eabi/10.3.1/thumb/v7e-m/nofp/crtbegin.o
                0x00000000080011cc                PROVIDE (__init_array_end = .)
                0x00000000080011cc                . = ALIGN (0x4)

.fini_array     0x00000000080011cc        0x4
                0x00000000080011cc                . = ALIGN (0x4)
                [!provide]                        PROVIDE (__fini_array_start = .)
 *(SORT_BY_NAME(.fini_array.*))
 *(.fini_array*)
 .fini_array    0x00000000080011cc        0x4 c:/st/stm32cubeide_1.9.0/stm32cubeide/plugins/com.st.stm32cube.ide.mcu.externaltools.gnu-tools-for-stm32.10.3-2021.10.win32_1.0.0.202111181127/tools/bin/../lib/gcc/arm-none-eabi/10.3.1/thumb/v7e-m/nofp/crtbegin.o
                [!provide]                        PROVIDE (__fini_array_end = .)
                0x00000000080011d0                . = ALIGN (0x4)
                0x00000000080011d0                _sidata = LOADADDR (.data)

.data           0x0000000020000000        0xc load address 0x00000000080011d0
                0x0000000020000000                . = ALIGN (0x4)
                0x0000000020000000                _sdata = .
 *(.data)
 *(.data*)
 .data.numbers  0x0000000020000000        0xa ./Src/EXTI_Main.o
                0x0000000020000000                numbers
 *(.RamFunc)
 *(.RamFunc*)
                0x000000002000000c                . = ALIGN (0x4)
 *fill*         0x000000002000000a        0x2 
                0x000000002000000c                _edata = .

.igot.plt       0x000000002000000c        0x0 load address 0x00000000080011dc
 .igot.plt      0x000000002000000c        0x0 c:/st/stm32cubeide_1.9.0/stm32cubeide/plugins/com.st.stm32cube.ide.mcu.externaltools.gnu-tools-for-stm32.10.3-2021.10.win32_1.0.0.202111181127/tools/bin/../lib/gcc/arm-none-eabi/10.3.1/thumb/v7e-m/nofp/crtbegin.o
                0x000000002000000c                . = ALIGN (0x4)

.bss            0x000000002000000c       0xd8 load address 0x00000000080011dc
                0x000000002000000c                _sbss = .
                0x000000002000000c                __bss_start__ = _sbss
 *(.bss)
 .bss           0x000000002000000c       0x1c c:/st/stm32cubeide_1.9.0/stm32cubeide/plugins/com.st.stm32cube.ide.mcu.externaltools.gnu-tools-for-stm32.10.3-2021.10.win32_1.0.0.202111181127/tools/bin/../lib/gcc/arm-none-eabi/10.3.1/thumb/v7e-m/nofp/crtbegin.o
 *(.bss*)
 .bss.handlerStateLED
                0x0000000020000028        0xc ./Src/EXTI_Main.o
                0x0000000020000028                handlerStateLED
 .bss.handlerStateLedTimer
                0x0000000020000034       0x10 ./Src/EXTI_Main.o
                0x0000000020000034                handlerStateLedTimer
 .bss.handlerDisplayTimer
                0x0000000020000044       0x10 ./Src/EXTI_Main.o
                0x0000000020000044                handlerDisplayTimer
 .bss.handlerDisplay1
                0x0000000020000054        0xc ./Src/EXTI_Main.o
                0x0000000020000054                handlerDisplay1
 .bss.handlerDisplay2
                0x0000000020000060        0xc ./Src/EXTI_Main.o
                0x0000000020000060                handlerDisplay2
 .bss.LedA      0x000000002000006c        0xc ./Src/EXTI_Main.o
                0x000000002000006c                LedA
 .bss.LedB      0x0000000020000078        0xc ./Src/EXTI_Main.o
                0x0000000020000078                LedB
 .bss.LedC      0x0000000020000084        0xc ./Src/EXTI_Main.o
                0x0000000020000084                LedC
 .bss.LedD      0x0000000020000090        0xc ./Src/EXTI_Main.o
                0x0000000020000090                LedD
 .bss.LedE      0x000000002000009c        0xc ./Src/EXTI_Main.o
                0x000000002000009c                LedE
 .bss.LedF      0x00000000200000a8        0xc ./Src/EXTI_Main.o
                0x00000000200000a8                LedF
 .bss.LedG      0x00000000200000b4        0xc ./Src/EXTI_Main.o
                0x00000000200000b4                LedG
 .bss.LedDP     0x00000000200000c0        0xc ./Src/EXTI_Main.o
                0x00000000200000c0                LedDP
 .bss.extiConfig
                0x00000000200000cc        0x4 ./Src/EXTI_Main.o
                0x00000000200000cc                extiConfig
 .bss.display2State
                0x00000000200000d0        0x1 ./Src/EXTI_Main.o
                0x00000000200000d0                display2State
 .bss.units     0x00000000200000d1        0x1 ./Src/EXTI_Main.o
                0x00000000200000d1                units
 .bss.tens      0x00000000200000d2        0x1 ./Src/EXTI_Main.o
                0x00000000200000d2                tens
 .bss.displaySet
                0x00000000200000d3        0x1 ./Src/EXTI_Main.o
                0x00000000200000d3                displaySet
 .bss.ptrTimerUsed
                0x00000000200000d4        0x4 C:\Users\ezque\STM32CubeIDE\workspace_1.9.0\DriversSTM32\Debug\libDriversSTM32.a(BasicTimer.o)
                0x00000000200000d4                ptrTimerUsed
 .bss.handlerExtiPIN
                0x00000000200000d8        0xc C:\Users\ezque\STM32CubeIDE\workspace_1.9.0\DriversSTM32\Debug\libDriversSTM32.a(ExtiDriver.o)
                0x00000000200000d8                handlerExtiPIN
 *(COMMON)
                0x00000000200000e4                . = ALIGN (0x4)
                0x00000000200000e4                _ebss = .
                0x00000000200000e4                __bss_end__ = _ebss

._user_heap_stack
                0x00000000200000e4      0x604 load address 0x00000000080011dc
                0x00000000200000e8                . = ALIGN (0x8)
 *fill*         0x00000000200000e4        0x4 
                [!provide]                        PROVIDE (end = .)
                0x00000000200000e8                PROVIDE (_end = .)
                0x00000000200002e8                . = (. + _Min_Heap_Size)
 *fill*         0x00000000200000e8      0x200 
                0x00000000200006e8                . = (. + _Min_Stack_Size)
 *fill*         0x00000000200002e8      0x400 
                0x00000000200006e8                . = ALIGN (0x8)

/DISCARD/
 libc.a(*)
 libm.a(*)
 libgcc.a(*)

.ARM.attributes
                0x0000000000000000       0x2a
 *(.ARM.attributes)
 .ARM.attributes
                0x0000000000000000       0x1e c:/st/stm32cubeide_1.9.0/stm32cubeide/plugins/com.st.stm32cube.ide.mcu.externaltools.gnu-tools-for-stm32.10.3-2021.10.win32_1.0.0.202111181127/tools/bin/../lib/gcc/arm-none-eabi/10.3.1/thumb/v7e-m/nofp/crti.o
 .ARM.attributes
                0x000000000000001e       0x2e c:/st/stm32cubeide_1.9.0/stm32cubeide/plugins/com.st.stm32cube.ide.mcu.externaltools.gnu-tools-for-stm32.10.3-2021.10.win32_1.0.0.202111181127/tools/bin/../lib/gcc/arm-none-eabi/10.3.1/thumb/v7e-m/nofp/crtbegin.o
 .ARM.attributes
                0x000000000000004c       0x2e ./Src/EXTI_Main.o
 .ARM.attributes
                0x000000000000007a       0x21 ./Startup/startup_stm32f411retx.o
 .ARM.attributes
                0x000000000000009b       0x2e C:\Users\ezque\STM32CubeIDE\workspace_1.9.0\DriversSTM32\Debug\libDriversSTM32.a(BasicTimer.o)
 .ARM.attributes
                0x00000000000000c9       0x2e C:\Users\ezque\STM32CubeIDE\workspace_1.9.0\DriversSTM32\Debug\libDriversSTM32.a(ExtiDriver.o)
 .ARM.attributes
                0x00000000000000f7       0x2e C:\Users\ezque\STM32CubeIDE\workspace_1.9.0\DriversSTM32\Debug\libDriversSTM32.a(GPIOxDriver.o)
 .ARM.attributes
                0x0000000000000125       0x2e c:/st/stm32cubeide_1.9.0/stm32cubeide/plugins/com.st.stm32cube.ide.mcu.externaltools.gnu-tools-for-stm32.10.3-2021.10.win32_1.0.0.202111181127/tools/bin/../lib/gcc/arm-none-eabi/10.3.1/../../../../arm-none-eabi/lib/thumb/v7e-m/nofp\libc_nano.a(lib_a-init.o)
 .ARM.attributes
                0x0000000000000153       0x1e c:/st/stm32cubeide_1.9.0/stm32cubeide/plugins/com.st.stm32cube.ide.mcu.externaltools.gnu-tools-for-stm32.10.3-2021.10.win32_1.0.0.202111181127/tools/bin/../lib/gcc/arm-none-eabi/10.3.1/thumb/v7e-m/nofp/crtn.o
OUTPUT(EXTI.elf elf32-littlearm)
LOAD linker stubs
LOAD c:/st/stm32cubeide_1.9.0/stm32cubeide/plugins/com.st.stm32cube.ide.mcu.externaltools.gnu-tools-for-stm32.10.3-2021.10.win32_1.0.0.202111181127/tools/bin/../lib/gcc/arm-none-eabi/10.3.1/../../../../arm-none-eabi/lib/thumb/v7e-m/nofp\libc.a
LOAD c:/st/stm32cubeide_1.9.0/stm32cubeide/plugins/com.st.stm32cube.ide.mcu.externaltools.gnu-tools-for-stm32.10.3-2021.10.win32_1.0.0.202111181127/tools/bin/../lib/gcc/arm-none-eabi/10.3.1/../../../../arm-none-eabi/lib/thumb/v7e-m/nofp\libm.a
LOAD c:/st/stm32cubeide_1.9.0/stm32cubeide/plugins/com.st.stm32cube.ide.mcu.externaltools.gnu-tools-for-stm32.10.3-2021.10.win32_1.0.0.202111181127/tools/bin/../lib/gcc/arm-none-eabi/10.3.1/thumb/v7e-m/nofp\libgcc.a

.debug_info     0x0000000000000000     0x2077
 .debug_info    0x0000000000000000      0x6a2 ./Src/EXTI_Main.o
 .debug_info    0x00000000000006a2       0x22 ./Startup/startup_stm32f411retx.o
 .debug_info    0x00000000000006c4      0xa9e C:\Users\ezque\STM32CubeIDE\workspace_1.9.0\DriversSTM32\Debug\libDriversSTM32.a(BasicTimer.o)
 .debug_info    0x0000000000001162      0xa65 C:\Users\ezque\STM32CubeIDE\workspace_1.9.0\DriversSTM32\Debug\libDriversSTM32.a(ExtiDriver.o)
 .debug_info    0x0000000000001bc7      0x4b0 C:\Users\ezque\STM32CubeIDE\workspace_1.9.0\DriversSTM32\Debug\libDriversSTM32.a(GPIOxDriver.o)

.debug_abbrev   0x0000000000000000      0x72e
 .debug_abbrev  0x0000000000000000      0x1b7 ./Src/EXTI_Main.o
 .debug_abbrev  0x00000000000001b7       0x12 ./Startup/startup_stm32f411retx.o
 .debug_abbrev  0x00000000000001c9      0x201 C:\Users\ezque\STM32CubeIDE\workspace_1.9.0\DriversSTM32\Debug\libDriversSTM32.a(BasicTimer.o)
 .debug_abbrev  0x00000000000003ca      0x20b C:\Users\ezque\STM32CubeIDE\workspace_1.9.0\DriversSTM32\Debug\libDriversSTM32.a(ExtiDriver.o)
 .debug_abbrev  0x00000000000005d5      0x159 C:\Users\ezque\STM32CubeIDE\workspace_1.9.0\DriversSTM32\Debug\libDriversSTM32.a(GPIOxDriver.o)

.debug_aranges  0x0000000000000000      0x1f8
 .debug_aranges
                0x0000000000000000       0x48 ./Src/EXTI_Main.o
 .debug_aranges
                0x0000000000000048       0x28 ./Startup/startup_stm32f411retx.o
 .debug_aranges
                0x0000000000000070       0x70 C:\Users\ezque\STM32CubeIDE\workspace_1.9.0\DriversSTM32\Debug\libDriversSTM32.a(BasicTimer.o)
 .debug_aranges
                0x00000000000000e0       0xe8 C:\Users\ezque\STM32CubeIDE\workspace_1.9.0\DriversSTM32\Debug\libDriversSTM32.a(ExtiDriver.o)
 .debug_aranges
                0x00000000000001c8       0x30 C:\Users\ezque\STM32CubeIDE\workspace_1.9.0\DriversSTM32\Debug\libDriversSTM32.a(GPIOxDriver.o)

.debug_ranges   0x0000000000000000      0x1b0
 .debug_ranges  0x0000000000000000       0x38 ./Src/EXTI_Main.o
 .debug_ranges  0x0000000000000038       0x20 ./Startup/startup_stm32f411retx.o
 .debug_ranges  0x0000000000000058       0x60 C:\Users\ezque\STM32CubeIDE\workspace_1.9.0\DriversSTM32\Debug\libDriversSTM32.a(BasicTimer.o)
 .debug_ranges  0x00000000000000b8       0xd8 C:\Users\ezque\STM32CubeIDE\workspace_1.9.0\DriversSTM32\Debug\libDriversSTM32.a(ExtiDriver.o)
 .debug_ranges  0x0000000000000190       0x20 C:\Users\ezque\STM32CubeIDE\workspace_1.9.0\DriversSTM32\Debug\libDriversSTM32.a(GPIOxDriver.o)

.debug_macro    0x0000000000000000     0xf0b7
 .debug_macro   0x0000000000000000      0x286 ./Src/EXTI_Main.o
 .debug_macro   0x0000000000000286      0xa7e ./Src/EXTI_Main.o
 .debug_macro   0x0000000000000d04       0x28 ./Src/EXTI_Main.o
 .debug_macro   0x0000000000000d2c       0x28 ./Src/EXTI_Main.o
 .debug_macro   0x0000000000000d54       0x22 ./Src/EXTI_Main.o
 .debug_macro   0x0000000000000d76       0x8e ./Src/EXTI_Main.o
 .debug_macro   0x0000000000000e04       0x51 ./Src/EXTI_Main.o
 .debug_macro   0x0000000000000e55      0x103 ./Src/EXTI_Main.o
 .debug_macro   0x0000000000000f58       0x6a ./Src/EXTI_Main.o
 .debug_macro   0x0000000000000fc2      0x1df ./Src/EXTI_Main.o
 .debug_macro   0x00000000000011a1       0x1c ./Src/EXTI_Main.o
 .debug_macro   0x00000000000011bd       0x22 ./Src/EXTI_Main.o
 .debug_macro   0x00000000000011df       0xd9 ./Src/EXTI_Main.o
 .debug_macro   0x00000000000012b8     0x102d ./Src/EXTI_Main.o
 .debug_macro   0x00000000000022e5      0x11f ./Src/EXTI_Main.o
 .debug_macro   0x0000000000002404     0xb953 ./Src/EXTI_Main.o
 .debug_macro   0x000000000000dd57       0x6d ./Src/EXTI_Main.o
 .debug_macro   0x000000000000ddc4       0x52 ./Src/EXTI_Main.o
 .debug_macro   0x000000000000de16       0x18 ./Src/EXTI_Main.o
 .debug_macro   0x000000000000de2e       0x3c ./Src/EXTI_Main.o
 .debug_macro   0x000000000000de6a       0x34 ./Src/EXTI_Main.o
 .debug_macro   0x000000000000de9e       0x16 ./Src/EXTI_Main.o
 .debug_macro   0x000000000000deb4       0x97 ./Src/EXTI_Main.o
 .debug_macro   0x000000000000df4b      0x341 ./Src/EXTI_Main.o
 .debug_macro   0x000000000000e28c       0xfd ./Src/EXTI_Main.o
 .debug_macro   0x000000000000e389       0x10 ./Src/EXTI_Main.o
 .debug_macro   0x000000000000e399       0x16 ./Src/EXTI_Main.o
 .debug_macro   0x000000000000e3af       0x43 ./Src/EXTI_Main.o
 .debug_macro   0x000000000000e3f2       0x34 ./Src/EXTI_Main.o
 .debug_macro   0x000000000000e426       0x10 ./Src/EXTI_Main.o
 .debug_macro   0x000000000000e436       0x58 ./Src/EXTI_Main.o
 .debug_macro   0x000000000000e48e       0x71 ./Src/EXTI_Main.o
 .debug_macro   0x000000000000e4ff       0x1c ./Src/EXTI_Main.o
 .debug_macro   0x000000000000e51b      0x12a ./Src/EXTI_Main.o
 .debug_macro   0x000000000000e645       0x10 ./Src/EXTI_Main.o
 .debug_macro   0x000000000000e655       0x1c ./Src/EXTI_Main.o
 .debug_macro   0x000000000000e671       0x52 ./Src/EXTI_Main.o
 .debug_macro   0x000000000000e6c3       0x22 ./Src/EXTI_Main.o
 .debug_macro   0x000000000000e6e5       0x10 ./Src/EXTI_Main.o
 .debug_macro   0x000000000000e6f5       0x52 ./Src/EXTI_Main.o
 .debug_macro   0x000000000000e747       0xd5 ./Src/EXTI_Main.o
 .debug_macro   0x000000000000e81c       0x1c ./Src/EXTI_Main.o
 .debug_macro   0x000000000000e838       0x3d ./Src/EXTI_Main.o
 .debug_macro   0x000000000000e875       0x16 ./Src/EXTI_Main.o
 .debug_macro   0x000000000000e88b      0x145 ./Src/EXTI_Main.o
 .debug_macro   0x000000000000e9d0       0x22 ./Src/EXTI_Main.o
 .debug_macro   0x000000000000e9f2       0x16 ./Src/EXTI_Main.o
 .debug_macro   0x000000000000ea08       0x35 ./Src/EXTI_Main.o
 .debug_macro   0x000000000000ea3d       0x20 ./Src/EXTI_Main.o
 .debug_macro   0x000000000000ea5d      0x11e ./Src/EXTI_Main.o
 .debug_macro   0x000000000000eb7b       0x28 ./Src/EXTI_Main.o
 .debug_macro   0x000000000000eba3       0xa0 ./Src/EXTI_Main.o
 .debug_macro   0x000000000000ec43       0xdd C:\Users\ezque\STM32CubeIDE\workspace_1.9.0\DriversSTM32\Debug\libDriversSTM32.a(BasicTimer.o)
 .debug_macro   0x000000000000ed20       0x22 C:\Users\ezque\STM32CubeIDE\workspace_1.9.0\DriversSTM32\Debug\libDriversSTM32.a(BasicTimer.o)
 .debug_macro   0x000000000000ed42       0xe6 C:\Users\ezque\STM32CubeIDE\workspace_1.9.0\DriversSTM32\Debug\libDriversSTM32.a(ExtiDriver.o)
 .debug_macro   0x000000000000ee28       0x9a C:\Users\ezque\STM32CubeIDE\workspace_1.9.0\DriversSTM32\Debug\libDriversSTM32.a(ExtiDriver.o)
 .debug_macro   0x000000000000eec2       0xdd C:\Users\ezque\STM32CubeIDE\workspace_1.9.0\DriversSTM32\Debug\libDriversSTM32.a(GPIOxDriver.o)
 .debug_macro   0x000000000000ef9f      0x118 C:\Users\ezque\STM32CubeIDE\workspace_1.9.0\DriversSTM32\Debug\libDriversSTM32.a(GPIOxDriver.o)

.debug_line     0x0000000000000000     0x2138
 .debug_line    0x0000000000000000      0x955 ./Src/EXTI_Main.o
 .debug_line    0x0000000000000955       0x84 ./Startup/startup_stm32f411retx.o
 .debug_line    0x00000000000009d9      0x6c4 C:\Users\ezque\STM32CubeIDE\workspace_1.9.0\DriversSTM32\Debug\libDriversSTM32.a(BasicTimer.o)
 .debug_line    0x000000000000109d      0xa0b C:\Users\ezque\STM32CubeIDE\workspace_1.9.0\DriversSTM32\Debug\libDriversSTM32.a(ExtiDriver.o)
 .debug_line    0x0000000000001aa8      0x690 C:\Users\ezque\STM32CubeIDE\workspace_1.9.0\DriversSTM32\Debug\libDriversSTM32.a(GPIOxDriver.o)

.debug_str      0x0000000000000000    0x54894
 .debug_str     0x0000000000000000    0x5400f ./Src/EXTI_Main.o
                                      0x5420b (size before relaxing)
 .debug_str     0x000000000005400f       0x31 ./Startup/startup_stm32f411retx.o
                                         0x68 (size before relaxing)
 .debug_str     0x0000000000054040      0x621 C:\Users\ezque\STM32CubeIDE\workspace_1.9.0\DriversSTM32\Debug\libDriversSTM32.a(BasicTimer.o)
                                      0x5012f (size before relaxing)
 .debug_str     0x0000000000054661      0x1dd C:\Users\ezque\STM32CubeIDE\workspace_1.9.0\DriversSTM32\Debug\libDriversSTM32.a(ExtiDriver.o)
                                      0x50546 (size before relaxing)
 .debug_str     0x000000000005483e       0x56 C:\Users\ezque\STM32CubeIDE\workspace_1.9.0\DriversSTM32\Debug\libDriversSTM32.a(GPIOxDriver.o)
                                      0x4fe5d (size before relaxing)

.comment        0x0000000000000000       0x50
 .comment       0x0000000000000000       0x50 ./Src/EXTI_Main.o
                                         0x51 (size before relaxing)
 .comment       0x0000000000000050       0x51 C:\Users\ezque\STM32CubeIDE\workspace_1.9.0\DriversSTM32\Debug\libDriversSTM32.a(BasicTimer.o)
 .comment       0x0000000000000050       0x51 C:\Users\ezque\STM32CubeIDE\workspace_1.9.0\DriversSTM32\Debug\libDriversSTM32.a(ExtiDriver.o)
 .comment       0x0000000000000050       0x51 C:\Users\ezque\STM32CubeIDE\workspace_1.9.0\DriversSTM32\Debug\libDriversSTM32.a(GPIOxDriver.o)

.debug_frame    0x0000000000000000      0x64c
 .debug_frame   0x0000000000000000       0xcc ./Src/EXTI_Main.o
 .debug_frame   0x00000000000000cc      0x188 C:\Users\ezque\STM32CubeIDE\workspace_1.9.0\DriversSTM32\Debug\libDriversSTM32.a(BasicTimer.o)
 .debug_frame   0x0000000000000254      0x344 C:\Users\ezque\STM32CubeIDE\workspace_1.9.0\DriversSTM32\Debug\libDriversSTM32.a(ExtiDriver.o)
 .debug_frame   0x0000000000000598       0x88 C:\Users\ezque\STM32CubeIDE\workspace_1.9.0\DriversSTM32\Debug\libDriversSTM32.a(GPIOxDriver.o)
 .debug_frame   0x0000000000000620       0x2c c:/st/stm32cubeide_1.9.0/stm32cubeide/plugins/com.st.stm32cube.ide.mcu.externaltools.gnu-tools-for-stm32.10.3-2021.10.win32_1.0.0.202111181127/tools/bin/../lib/gcc/arm-none-eabi/10.3.1/../../../../arm-none-eabi/lib/thumb/v7e-m/nofp\libc_nano.a(lib_a-init.o)
