../Drivers/CMSIS/Include/core_cm4.h:1724:22:__NVIC_DisableIRQ	16	static,ignoring_inline_asm
../Core/Src/main.c:95:5:main	8	static
../Core/Src/main.c:165:6:SystemClock_Config	88	static
../Core/Src/main.c:212:13:MX_TIM5_Init	32	static
../Core/Src/main.c:257:13:MX_USART2_UART_Init	8	static
../Core/Src/main.c:290:13:MX_GPIO_Init	48	static
../Core/Src/main.c:331:6:initSystem	8	static
../Core/Src/main.c:387:6:BTimer3_Callback	4	static
../Core/Src/main.c:392:6:Exti10_Callback	8	static
../Core/Src/main.c:406:6:Exti9_Callback	16	static
../Core/Src/main.c:411:6:send_uart2	24	static
../Core/Src/main.c:423:6:Error_Handler	4	static,ignoring_inline_asm
