../Drivers/CMSIS/Include/core_cm4.h:1777:22:__NVIC_ClearPendingIRQ	16	static
D:/Escritorio/UNAL X/Taller V/Sensor LiDAR 2D/VL53L3CX/Software STM/en.en.bare_driver_VL53L3CX/BareDriver/VL53L3CX_API_1.2.8/example/Drivers/BSP/53L3A2/53l3a2.c:222:13:_I2cFailRecover	48	static
D:/Escritorio/UNAL X/Taller V/Sensor LiDAR 2D/VL53L3CX/Software STM/en.en.bare_driver_VL53L3CX/BareDriver/VL53L3CX_API_1.2.8/example/Drivers/BSP/53L3A2/53l3a2.c:275:5:XNUCLEO53L3A2_I2C1Configure	40	static
D:/Escritorio/UNAL X/Taller V/Sensor LiDAR 2D/VL53L3CX/Software STM/en.en.bare_driver_VL53L3CX/BareDriver/VL53L3CX_API_1.2.8/example/Drivers/BSP/53L3A2/53l3a2.c:314:5:XNUCLEO53L3A2_SetIntrStateId	32	static
D:/Escritorio/UNAL X/Taller V/Sensor LiDAR 2D/VL53L3CX/Software STM/en.en.bare_driver_VL53L3CX/BareDriver/VL53L3CX_API_1.2.8/example/Drivers/BSP/53L3A2/53l3a2.c:386:5:XNUCLEO53L3A2_Init	16	static
D:/Escritorio/UNAL X/Taller V/Sensor LiDAR 2D/VL53L3CX/Software STM/en.en.bare_driver_VL53L3CX/BareDriver/VL53L3CX_API_1.2.8/example/Drivers/BSP/53L3A2/53l3a2.c:432:5:XNUCLEO53L3A2_GetPB1	24	static
D:/Escritorio/UNAL X/Taller V/Sensor LiDAR 2D/VL53L3CX/Software STM/en.en.bare_driver_VL53L3CX/BareDriver/VL53L3CX_API_1.2.8/example/Drivers/BSP/53L3A2/53l3a2.c:449:5:XNUCLEO53L3A2_ResetId	24	static
D:/Escritorio/UNAL X/Taller V/Sensor LiDAR 2D/VL53L3CX/Software STM/en.en.bare_driver_VL53L3CX/BareDriver/VL53L3CX_API_1.2.8/example/Drivers/BSP/53L3A2/53l3a2.c:487:6:VL53L3A2_EXTI_IOConfigure	56	static
D:/Escritorio/UNAL X/Taller V/Sensor LiDAR 2D/VL53L3CX/Software STM/en.en.bare_driver_VL53L3CX/BareDriver/VL53L3CX_API_1.2.8/example/Drivers/BSP/53L3A2/53l3a2.c:528:6:VL53L3A2_EXTI_IOUnconfigure	16	static
D:/Escritorio/UNAL X/Taller V/Sensor LiDAR 2D/VL53L3CX/Software STM/en.en.bare_driver_VL53L3CX/BareDriver/VL53L3CX_API_1.2.8/example/Drivers/BSP/53L3A2/53l3a2.c:558:12:_ExpandersSetAllIO	16	static
D:/Escritorio/UNAL X/Taller V/Sensor LiDAR 2D/VL53L3CX/Software STM/en.en.bare_driver_VL53L3CX/BareDriver/VL53L3CX_API_1.2.8/example/Drivers/BSP/53L3A2/53l3a2.c:577:12:_ExpanderRd	40	static
D:/Escritorio/UNAL X/Taller V/Sensor LiDAR 2D/VL53L3CX/Software STM/en.en.bare_driver_VL53L3CX/BareDriver/VL53L3CX_API_1.2.8/example/Drivers/BSP/53L3A2/53l3a2.c:601:12:_ExpanderWR	56	static
D:/Escritorio/UNAL X/Taller V/Sensor LiDAR 2D/VL53L3CX/Software STM/en.en.bare_driver_VL53L3CX/BareDriver/VL53L3CX_API_1.2.8/example/Drivers/BSP/53L3A2/53l3a2.c:765:5:XNUCLEO53L3A2_SetDisplayString	32	static
