C:/Users/ezque/STM32CubeIDE/workspace_1.9.0/mcu_headers/CMSIS/Include/core_cm4.h:1688:22:__NVIC_EnableIRQ	16	static
../Src/ExtiDriver.c:15:6:exti_Config	16	static,ignoring_inline_asm
../Src/ExtiDriver.c:97:6:EXTI0_IRQHandler	8	static
../Src/ExtiDriver.c:104:6:EXTI1_IRQHandler	8	static
../Src/ExtiDriver.c:111:6:EXTI2_IRQHandler	8	static
../Src/ExtiDriver.c:118:6:EXTI3_IRQHandler	8	static
../Src/ExtiDriver.c:125:6:EXTI4_IRQHandler	8	static
../Src/ExtiDriver.c:132:6:EXTI9_5_IRQHandler	8	static
../Src/ExtiDriver.c:155:6:EXTI15_10_IRQHandler	8	static
../Src/ExtiDriver.c:183:29:Exti0_Callback	4	static,ignoring_inline_asm
../Src/ExtiDriver.c:186:29:Exti1_Callback	4	static,ignoring_inline_asm
../Src/ExtiDriver.c:189:29:Exti2_Callback	4	static,ignoring_inline_asm
../Src/ExtiDriver.c:192:29:Exti3_Callback	4	static,ignoring_inline_asm
../Src/ExtiDriver.c:195:29:Exti4_Callback	4	static,ignoring_inline_asm
../Src/ExtiDriver.c:198:29:Exti5_Callback	4	static,ignoring_inline_asm
../Src/ExtiDriver.c:201:29:Exti6_Callback	4	static,ignoring_inline_asm
../Src/ExtiDriver.c:204:29:Exti7_Callback	4	static,ignoring_inline_asm
../Src/ExtiDriver.c:208:29:Exti8_Callback	4	static,ignoring_inline_asm
../Src/ExtiDriver.c:211:29:Exti9_Callback	4	static,ignoring_inline_asm
../Src/ExtiDriver.c:214:29:Exti10_Callback	4	static,ignoring_inline_asm
../Src/ExtiDriver.c:217:29:Exti11_Callback	4	static,ignoring_inline_asm
../Src/ExtiDriver.c:220:29:Exti12_Callback	4	static,ignoring_inline_asm
../Src/ExtiDriver.c:223:29:Exti13_Callback	4	static,ignoring_inline_asm
../Src/ExtiDriver.c:226:29:Exti14_Callback	4	static,ignoring_inline_asm
../Src/ExtiDriver.c:229:29:Exti15_Callback	4	static,ignoring_inline_asm
../Src/ExtiDriver.c:233:6:configExtiPin	16	static
