C:/Users/ezque/STM32CubeIDE/workspace_1.9.0/mcu_headers/CMSIS/Include/core_cm4.h:1688:22:__NVIC_EnableIRQ	16	static
C:/Users/ezque/STM32CubeIDE/workspace_1.9.0/mcu_headers/CMSIS/Include/core_cm4.h:1724:22:__NVIC_DisableIRQ	16	static,ignoring_inline_asm
C:/Users/ezque/STM32CubeIDE/workspace_1.9.0/mcu_headers/CMSIS/Include/core_cm4.h:1816:22:__NVIC_SetPriority	16	static
../Src/USARTxDriver.c:19:6:USART_Config	16	static,ignoring_inline_asm
../Src/USARTxDriver.c:217:6:writeChar	16	static,ignoring_inline_asm
../Src/USARTxDriver.c:231:6:writeMsg	16	static
../Src/USARTxDriver.c:239:6:readChar	24	static
../Src/USARTxDriver.c:245:6:getRxData	4	static
../Src/USARTxDriver.c:255:28:Usart1_TX_Callback	4	static,ignoring_inline_asm
../Src/USARTxDriver.c:259:28:Usart2_TX_Callback	4	static,ignoring_inline_asm
../Src/USARTxDriver.c:263:28:Usart6_TX_Callback	4	static,ignoring_inline_asm
../Src/USARTxDriver.c:267:28:Usart1_RX_Callback	4	static,ignoring_inline_asm
../Src/USARTxDriver.c:271:28:Usart2_RX_Callback	4	static,ignoring_inline_asm
../Src/USARTxDriver.c:275:28:Usart6_RX_Callback	4	static,ignoring_inline_asm
../Src/USARTxDriver.c:282:6:USART1_IRQHandler	8	static
../Src/USARTxDriver.c:295:6:USART2_IRQHandler	8	static
../Src/USARTxDriver.c:308:6:USART6_IRQHandler	8	static
