C:/Users/ezque/STM32CubeIDE/workspace_1.9.0/mcu_headers/CMSIS/Include/core_cm4.h:1688:22:__NVIC_EnableIRQ	16	static
C:/Users/ezque/STM32CubeIDE/workspace_1.9.0/mcu_headers/CMSIS/Include/core_cm4.h:1816:22:__NVIC_SetPriority	16	static
../Drivers/Src/BasicTimer.c:17:6:BTimer_Config	16	static,ignoring_inline_asm
../Drivers/Src/BasicTimer.c:79:28:BTimer2_Callback	4	static,ignoring_inline_asm
../Drivers/Src/BasicTimer.c:83:28:BTimer3_Callback	4	static,ignoring_inline_asm
../Drivers/Src/BasicTimer.c:88:6:TIM2_IRQHandler	8	static
../Drivers/Src/BasicTimer.c:95:6:TIM3_IRQHandler	8	static
