../Middlewares/tensorflow/tensorflow/lite/core/api/flatbuffer_conversions.cc:124:15:TfLitePadding tflite::{anonymous}::ConvertPadding(tflite::Padding)	0	static
../Middlewares/tensorflow/tensorflow/lite/core/api/flatbuffer_conversions.cc:79:14:TfLiteStatus tflite::{anonymous}::FlatBufferIntVectorToArray(int, const flatbuffers::Vector<long int>*, int*, tflite::ErrorReporter*, const char*)	16	static
../Middlewares/tensorflow/tensorflow/lite/core/api/flatbuffer_conversions.cc:43:10:void tflite::{anonymous}::SafeBuiltinDataAllocator::BuiltinDataDeleter::operator()(void*)	0	static
../Middlewares/tensorflow/third_party/flatbuffers/include/flatbuffers/table.h:35:13:flatbuffers::voffset_t flatbuffers::Table::GetOptionalFieldOffset(flatbuffers::voffset_t) const	0	static
../Middlewares/tensorflow/tensorflow/lite/schema/schema_generated.h:11673:15:const void* tflite::Operator::builtin_options() const	8	static
../Middlewares/tensorflow/tensorflow/lite/kernels/op_macros.h:24:13:void AbortImpl()	8	static
../Middlewares/tensorflow/tensorflow/lite/core/api/flatbuffer_conversions.cc:67:6:void tflite::{anonymous}::CheckParsePointerParams(const tflite::Operator*, tflite::ErrorReporter*, tflite::BuiltinDataAllocator*, void**)	8	static
../Middlewares/tensorflow/tensorflow/lite/core/api/flatbuffer_conversions.cc:898:14:TfLiteStatus tflite::ConvertTensorType(tflite::TensorType, TfLiteType*, tflite::ErrorReporter*)	8	static
../Middlewares/tensorflow/tensorflow/lite/core/api/flatbuffer_conversions.cc:963:14:TfLiteStatus tflite::ParseAbs(const tflite::Operator*, tflite::ErrorReporter*, tflite::BuiltinDataAllocator*, void**)	0	static
../Middlewares/tensorflow/tensorflow/lite/core/api/flatbuffer_conversions.cc:993:14:TfLiteStatus tflite::ParseAddN(const tflite::Operator*, tflite::ErrorReporter*, tflite::BuiltinDataAllocator*, void**)	0	static
../Middlewares/tensorflow/tensorflow/lite/core/api/flatbuffer_conversions.cc:1051:14:TfLiteStatus tflite::ParseAssignVariable(const tflite::Operator*, tflite::ErrorReporter*, tflite::BuiltinDataAllocator*, void**)	0	static
../Middlewares/tensorflow/tensorflow/lite/core/api/flatbuffer_conversions.cc:1080:14:TfLiteStatus tflite::ParseBatchToSpaceNd(const tflite::Operator*, tflite::ErrorReporter*, tflite::BuiltinDataAllocator*, void**)	0	static
../Middlewares/tensorflow/tensorflow/lite/core/api/flatbuffer_conversions.cc:1088:14:TfLiteStatus tflite::ParseBroadcastArgs(const tflite::Operator*, tflite::ErrorReporter*, tflite::BuiltinDataAllocator*, void**)	0	static
../Middlewares/tensorflow/tensorflow/lite/core/api/flatbuffer_conversions.cc:1096:14:TfLiteStatus tflite::ParseBroadcastTo(const tflite::Operator*, tflite::ErrorReporter*, tflite::BuiltinDataAllocator*, void**)	0	static
../Middlewares/tensorflow/tensorflow/lite/core/api/flatbuffer_conversions.cc:1152:14:TfLiteStatus tflite::ParseCeil(const tflite::Operator*, tflite::ErrorReporter*, tflite::BuiltinDataAllocator*, void**)	0	static
../Middlewares/tensorflow/tensorflow/lite/core/api/flatbuffer_conversions.cc:1238:14:TfLiteStatus tflite::ParseCos(const tflite::Operator*, tflite::ErrorReporter*, tflite::BuiltinDataAllocator*, void**)	0	static
../Middlewares/tensorflow/tensorflow/lite/core/api/flatbuffer_conversions.cc:1307:14:TfLiteStatus tflite::ParseDequantize(const tflite::Operator*, tflite::ErrorReporter*, tflite::BuiltinDataAllocator*, void**)	0	static
../Middlewares/tensorflow/tensorflow/lite/core/api/flatbuffer_conversions.cc:1330:14:TfLiteStatus tflite::ParseElu(const tflite::Operator*, tflite::ErrorReporter*, tflite::BuiltinDataAllocator*, void**)	0	static
../Middlewares/tensorflow/tensorflow/lite/core/api/flatbuffer_conversions.cc:1338:14:TfLiteStatus tflite::ParseEqual(const tflite::Operator*, tflite::ErrorReporter*, tflite::BuiltinDataAllocator*, void**)	0	static
../Middlewares/tensorflow/tensorflow/lite/core/api/flatbuffer_conversions.cc:1346:14:TfLiteStatus tflite::ParseExp(const tflite::Operator*, tflite::ErrorReporter*, tflite::BuiltinDataAllocator*, void**)	0	static
../Middlewares/tensorflow/tensorflow/lite/core/api/flatbuffer_conversions.cc:1354:14:TfLiteStatus tflite::ParseExpandDims(const tflite::Operator*, tflite::ErrorReporter*, tflite::BuiltinDataAllocator*, void**)	0	static
../Middlewares/tensorflow/tensorflow/lite/core/api/flatbuffer_conversions.cc:1362:14:TfLiteStatus tflite::ParseFill(const tflite::Operator*, tflite::ErrorReporter*, tflite::BuiltinDataAllocator*, void**)	0	static
../Middlewares/tensorflow/tensorflow/lite/core/api/flatbuffer_conversions.cc:1370:14:TfLiteStatus tflite::ParseFloor(const tflite::Operator*, tflite::ErrorReporter*, tflite::BuiltinDataAllocator*, void**)	0	static
../Middlewares/tensorflow/tensorflow/lite/core/api/flatbuffer_conversions.cc:1378:14:TfLiteStatus tflite::ParseFloorDiv(const tflite::Operator*, tflite::ErrorReporter*, tflite::BuiltinDataAllocator*, void**)	0	static
../Middlewares/tensorflow/tensorflow/lite/core/api/flatbuffer_conversions.cc:1386:14:TfLiteStatus tflite::ParseFloorMod(const tflite::Operator*, tflite::ErrorReporter*, tflite::BuiltinDataAllocator*, void**)	0	static
../Middlewares/tensorflow/tensorflow/lite/core/api/flatbuffer_conversions.cc:1461:14:TfLiteStatus tflite::ParseGatherNd(const tflite::Operator*, tflite::ErrorReporter*, tflite::BuiltinDataAllocator*, void**)	0	static
../Middlewares/tensorflow/tensorflow/lite/core/api/flatbuffer_conversions.cc:1469:14:TfLiteStatus tflite::ParseGreater(const tflite::Operator*, tflite::ErrorReporter*, tflite::BuiltinDataAllocator*, void**)	0	static
../Middlewares/tensorflow/tensorflow/lite/core/api/flatbuffer_conversions.cc:1477:14:TfLiteStatus tflite::ParseGreaterEqual(const tflite::Operator*, tflite::ErrorReporter*, tflite::BuiltinDataAllocator*, void**)	0	static
../Middlewares/tensorflow/tensorflow/lite/core/api/flatbuffer_conversions.cc:1485:14:TfLiteStatus tflite::ParseHardSwish(const tflite::Operator*, tflite::ErrorReporter*, tflite::BuiltinDataAllocator*, void**)	0	static
../Middlewares/tensorflow/tensorflow/lite/core/api/flatbuffer_conversions.cc:1560:14:TfLiteStatus tflite::ParseLess(const tflite::Operator*, tflite::ErrorReporter*, tflite::BuiltinDataAllocator*, void**)	0	static
../Middlewares/tensorflow/tensorflow/lite/core/api/flatbuffer_conversions.cc:1568:14:TfLiteStatus tflite::ParseLessEqual(const tflite::Operator*, tflite::ErrorReporter*, tflite::BuiltinDataAllocator*, void**)	0	static
../Middlewares/tensorflow/tensorflow/lite/core/api/flatbuffer_conversions.cc:1576:14:TfLiteStatus tflite::ParseLog(const tflite::Operator*, tflite::ErrorReporter*, tflite::BuiltinDataAllocator*, void**)	0	static
../Middlewares/tensorflow/tensorflow/lite/core/api/flatbuffer_conversions.cc:1584:14:TfLiteStatus tflite::ParseLogicalAnd(const tflite::Operator*, tflite::ErrorReporter*, tflite::BuiltinDataAllocator*, void**)	0	static
../Middlewares/tensorflow/tensorflow/lite/core/api/flatbuffer_conversions.cc:1592:14:TfLiteStatus tflite::ParseLogicalNot(const tflite::Operator*, tflite::ErrorReporter*, tflite::BuiltinDataAllocator*, void**)	0	static
../Middlewares/tensorflow/tensorflow/lite/core/api/flatbuffer_conversions.cc:1600:14:TfLiteStatus tflite::ParseLogicalOr(const tflite::Operator*, tflite::ErrorReporter*, tflite::BuiltinDataAllocator*, void**)	0	static
../Middlewares/tensorflow/tensorflow/lite/core/api/flatbuffer_conversions.cc:1608:14:TfLiteStatus tflite::ParseLogistic(const tflite::Operator*, tflite::ErrorReporter*, tflite::BuiltinDataAllocator*, void**)	0	static
../Middlewares/tensorflow/tensorflow/lite/core/api/flatbuffer_conversions.cc:1616:14:TfLiteStatus tflite::ParseLogSoftmax(const tflite::Operator*, tflite::ErrorReporter*, tflite::BuiltinDataAllocator*, void**)	0	static
../Middlewares/tensorflow/tensorflow/lite/core/api/flatbuffer_conversions.cc:1658:14:TfLiteStatus tflite::ParseMaximum(const tflite::Operator*, tflite::ErrorReporter*, tflite::BuiltinDataAllocator*, void**)	0	static
../Middlewares/tensorflow/tensorflow/lite/core/api/flatbuffer_conversions.cc:1666:14:TfLiteStatus tflite::ParseMinimum(const tflite::Operator*, tflite::ErrorReporter*, tflite::BuiltinDataAllocator*, void**)	0	static
../Middlewares/tensorflow/tensorflow/lite/core/api/flatbuffer_conversions.cc:1724:14:TfLiteStatus tflite::ParseNeg(const tflite::Operator*, tflite::ErrorReporter*, tflite::BuiltinDataAllocator*, void**)	0	static
../Middlewares/tensorflow/tensorflow/lite/core/api/flatbuffer_conversions.cc:1732:14:TfLiteStatus tflite::ParseNotEqual(const tflite::Operator*, tflite::ErrorReporter*, tflite::BuiltinDataAllocator*, void**)	0	static
../Middlewares/tensorflow/tensorflow/lite/core/api/flatbuffer_conversions.cc:1765:14:TfLiteStatus tflite::ParsePad(const tflite::Operator*, tflite::ErrorReporter*, tflite::BuiltinDataAllocator*, void**)	0	static
../Middlewares/tensorflow/tensorflow/lite/core/api/flatbuffer_conversions.cc:1773:14:TfLiteStatus tflite::ParsePadV2(const tflite::Operator*, tflite::ErrorReporter*, tflite::BuiltinDataAllocator*, void**)	0	static
../Middlewares/tensorflow/tensorflow/lite/core/api/flatbuffer_conversions.cc:1811:14:TfLiteStatus tflite::ParsePow(const tflite::Operator*, tflite::ErrorReporter*, tflite::BuiltinDataAllocator*, void**)	0	static
../Middlewares/tensorflow/tensorflow/lite/core/api/flatbuffer_conversions.cc:1819:14:TfLiteStatus tflite::ParsePrelu(const tflite::Operator*, tflite::ErrorReporter*, tflite::BuiltinDataAllocator*, void**)	0	static
../Middlewares/tensorflow/tensorflow/lite/core/api/flatbuffer_conversions.cc:1827:14:TfLiteStatus tflite::ParseQuantize(const tflite::Operator*, tflite::ErrorReporter*, tflite::BuiltinDataAllocator*, void**)	0	static
../Middlewares/tensorflow/tensorflow/lite/core/api/flatbuffer_conversions.cc:1835:14:TfLiteStatus tflite::ParseReadVariable(const tflite::Operator*, tflite::ErrorReporter*, tflite::BuiltinDataAllocator*, void**)	0	static
../Middlewares/tensorflow/tensorflow/lite/core/api/flatbuffer_conversions.cc:1869:14:TfLiteStatus tflite::ParseRelu(const tflite::Operator*, tflite::ErrorReporter*, tflite::BuiltinDataAllocator*, void**)	0	static
../Middlewares/tensorflow/tensorflow/lite/core/api/flatbuffer_conversions.cc:1877:14:TfLiteStatus tflite::ParseRelu6(const tflite::Operator*, tflite::ErrorReporter*, tflite::BuiltinDataAllocator*, void**)	0	static
../Middlewares/tensorflow/tensorflow/lite/core/api/flatbuffer_conversions.cc:1976:14:TfLiteStatus tflite::ParseRound(const tflite::Operator*, tflite::ErrorReporter*, tflite::BuiltinDataAllocator*, void**)	0	static
../Middlewares/tensorflow/tensorflow/lite/core/api/flatbuffer_conversions.cc:1984:14:TfLiteStatus tflite::ParseRsqrt(const tflite::Operator*, tflite::ErrorReporter*, tflite::BuiltinDataAllocator*, void**)	0	static
../Middlewares/tensorflow/tensorflow/lite/core/api/flatbuffer_conversions.cc:1992:14:TfLiteStatus tflite::ParseSelectV2(const tflite::Operator*, tflite::ErrorReporter*, tflite::BuiltinDataAllocator*, void**)	0	static
../Middlewares/tensorflow/tensorflow/lite/core/api/flatbuffer_conversions.cc:2023:14:TfLiteStatus tflite::ParseSin(const tflite::Operator*, tflite::ErrorReporter*, tflite::BuiltinDataAllocator*, void**)	0	static
../Middlewares/tensorflow/tensorflow/lite/core/api/flatbuffer_conversions.cc:2031:14:TfLiteStatus tflite::ParseSlice(const tflite::Operator*, tflite::ErrorReporter*, tflite::BuiltinDataAllocator*, void**)	0	static
../Middlewares/tensorflow/tensorflow/lite/core/api/flatbuffer_conversions.cc:2064:14:TfLiteStatus tflite::ParseSpaceToBatchNd(const tflite::Operator*, tflite::ErrorReporter*, tflite::BuiltinDataAllocator*, void**)	0	static
../Middlewares/tensorflow/tensorflow/lite/core/api/flatbuffer_conversions.cc:2201:14:TfLiteStatus tflite::ParseSqrt(const tflite::Operator*, tflite::ErrorReporter*, tflite::BuiltinDataAllocator*, void**)	0	static
../Middlewares/tensorflow/tensorflow/lite/core/api/flatbuffer_conversions.cc:2209:14:TfLiteStatus tflite::ParseSquare(const tflite::Operator*, tflite::ErrorReporter*, tflite::BuiltinDataAllocator*, void**)	0	static
../Middlewares/tensorflow/tensorflow/lite/core/api/flatbuffer_conversions.cc:2217:14:TfLiteStatus tflite::ParseSquaredDifference(const tflite::Operator*, tflite::ErrorReporter*, tflite::BuiltinDataAllocator*, void**)	0	static
../Middlewares/tensorflow/tensorflow/lite/core/api/flatbuffer_conversions.cc:2308:14:TfLiteStatus tflite::ParseTanh(const tflite::Operator*, tflite::ErrorReporter*, tflite::BuiltinDataAllocator*, void**)	0	static
../Middlewares/tensorflow/tensorflow/lite/core/api/flatbuffer_conversions.cc:2316:14:TfLiteStatus tflite::ParseTranspose(const tflite::Operator*, tflite::ErrorReporter*, tflite::BuiltinDataAllocator*, void**)	0	static
../Middlewares/tensorflow/tensorflow/lite/core/api/flatbuffer_conversions.cc:2431:14:TfLiteStatus tflite::ParseZerosLike(const tflite::Operator*, tflite::ErrorReporter*, tflite::BuiltinDataAllocator*, void**)	0	static
../Middlewares/tensorflow/tensorflow/lite/core/api/flatbuffer_conversions.cc:2436:14:TfLiteStatus tflite::ParseOpData(const tflite::Operator*, tflite::BuiltinOperator, tflite::ErrorReporter*, tflite::BuiltinDataAllocator*, void**)	8	static
../Middlewares/tensorflow/third_party/flatbuffers/include/flatbuffers/table.h:45:26:T flatbuffers::Table::GetField(flatbuffers::voffset_t, T) const [with T = unsigned char]	16	static
../Middlewares/tensorflow/tensorflow/lite/schema/schema_generated.h:11670:26:tflite::BuiltinOptions tflite::Operator::builtin_options_type() const	8	static
../Middlewares/tensorflow/tensorflow/lite/core/api/flatbuffer_conversions.cc:1882:14:TfLiteStatus tflite::ParseReshape(const tflite::Operator*, tflite::ErrorReporter*, tflite::BuiltinDataAllocator*, void**)	32	static
../Middlewares/tensorflow/tensorflow/lite/core/api/flatbuffer_conversions.cc:2165:14:TfLiteStatus tflite::ParseSqueeze(const tflite::Operator*, tflite::ErrorReporter*, tflite::BuiltinDataAllocator*, void**)	32	static
../Middlewares/tensorflow/tensorflow/lite/core/api/flatbuffer_conversions.cc:2372:14:TfLiteStatus tflite::ParseVarHandle(const tflite::Operator*, tflite::ErrorReporter*, tflite::BuiltinDataAllocator*, void**)	16	static
../Middlewares/tensorflow/tensorflow/lite/core/api/flatbuffer_conversions.cc:1059:14:TfLiteStatus tflite::ParseBatchMatMul(const tflite::Operator*, tflite::ErrorReporter*, tflite::BuiltinDataAllocator*, void**)	24	static
../Middlewares/tensorflow/tensorflow/lite/core/api/flatbuffer_conversions.cc:1220:14:TfLiteStatus tflite::ParseCumsum(const tflite::Operator*, tflite::ErrorReporter*, tflite::BuiltinDataAllocator*, void**)	24	static
../Middlewares/tensorflow/tensorflow/lite/core/api/flatbuffer_conversions.cc:1840:14:TfLiteStatus tflite::ParseReducer(const tflite::Operator*, tflite::ErrorReporter*, tflite::BuiltinDataAllocator*, void**)	24	static
../Middlewares/tensorflow/tensorflow/lite/core/api/flatbuffer_conversions.cc:1919:14:TfLiteStatus tflite::ParseResizeBilinear(const tflite::Operator*, tflite::ErrorReporter*, tflite::BuiltinDataAllocator*, void**)	24	static
../Middlewares/tensorflow/tensorflow/lite/core/api/flatbuffer_conversions.cc:1946:14:TfLiteStatus tflite::ParseResizeNearestNeighbor(const tflite::Operator*, tflite::ErrorReporter*, tflite::BuiltinDataAllocator*, void**)	24	static
../Middlewares/tensorflow/third_party/flatbuffers/include/flatbuffers/table.h:45:26:T flatbuffers::Table::GetField(flatbuffers::voffset_t, T) const [with T = long int]	16	static
../Middlewares/tensorflow/tensorflow/lite/core/api/flatbuffer_conversions.cc:1101:14:TfLiteStatus tflite::ParseCallOnce(const tflite::Operator*, tflite::ErrorReporter*, tflite::BuiltinDataAllocator*, void**)	24	static
../Middlewares/tensorflow/tensorflow/lite/core/api/flatbuffer_conversions.cc:1243:14:TfLiteStatus tflite::ParseDepthToSpace(const tflite::Operator*, tflite::ErrorReporter*, tflite::BuiltinDataAllocator*, void**)	24	static
../Middlewares/tensorflow/tensorflow/lite/core/api/flatbuffer_conversions.cc:1440:14:TfLiteStatus tflite::ParseGather(const tflite::Operator*, tflite::ErrorReporter*, tflite::BuiltinDataAllocator*, void**)	24	static
../Middlewares/tensorflow/tensorflow/lite/core/api/flatbuffer_conversions.cc:1490:14:TfLiteStatus tflite::ParseIf(const tflite::Operator*, tflite::ErrorReporter*, tflite::BuiltinDataAllocator*, void**)	24	static
../Middlewares/tensorflow/tensorflow/lite/core/api/flatbuffer_conversions.cc:1737:14:TfLiteStatus tflite::ParsePack(const tflite::Operator*, tflite::ErrorReporter*, tflite::BuiltinDataAllocator*, void**)	24	static
../Middlewares/tensorflow/tensorflow/lite/core/api/flatbuffer_conversions.cc:2069:14:TfLiteStatus tflite::ParseSpaceToDepth(const tflite::Operator*, tflite::ErrorReporter*, tflite::BuiltinDataAllocator*, void**)	24	static
../Middlewares/tensorflow/tensorflow/lite/core/api/flatbuffer_conversions.cc:2094:14:TfLiteStatus tflite::ParseSplit(const tflite::Operator*, tflite::ErrorReporter*, tflite::BuiltinDataAllocator*, void**)	24	static
../Middlewares/tensorflow/tensorflow/lite/core/api/flatbuffer_conversions.cc:2118:14:TfLiteStatus tflite::ParseSplitV(const tflite::Operator*, tflite::ErrorReporter*, tflite::BuiltinDataAllocator*, void**)	24	static
../Middlewares/tensorflow/tensorflow/lite/core/api/flatbuffer_conversions.cc:2222:14:TfLiteStatus tflite::ParseStridedSlice(const tflite::Operator*, tflite::ErrorReporter*, tflite::BuiltinDataAllocator*, void**)	16	static
../Middlewares/tensorflow/tensorflow/lite/core/api/flatbuffer_conversions.cc:2347:14:TfLiteStatus tflite::ParseUnpack(const tflite::Operator*, tflite::ErrorReporter*, tflite::BuiltinDataAllocator*, void**)	24	static
../Middlewares/tensorflow/tensorflow/lite/core/api/flatbuffer_conversions.cc:2403:14:TfLiteStatus tflite::ParseWhile(const tflite::Operator*, tflite::ErrorReporter*, tflite::BuiltinDataAllocator*, void**)	24	static
../Middlewares/tensorflow/third_party/flatbuffers/include/flatbuffers/table.h:45:26:T flatbuffers::Table::GetField(flatbuffers::voffset_t, T) const [with T = signed char]	16	static
../Middlewares/tensorflow/tensorflow/lite/core/api/flatbuffer_conversions.cc:968:14:TfLiteStatus tflite::ParseAdd(const tflite::Operator*, tflite::ErrorReporter*, tflite::BuiltinDataAllocator*, void**)	24	static
../Middlewares/tensorflow/tensorflow/lite/core/api/flatbuffer_conversions.cc:998:14:TfLiteStatus tflite::ParseArgMax(const tflite::Operator*, tflite::ErrorReporter*, tflite::BuiltinDataAllocator*, void**)	32	static
../Middlewares/tensorflow/tensorflow/lite/core/api/flatbuffer_conversions.cc:1023:14:TfLiteStatus tflite::ParseArgMin(const tflite::Operator*, tflite::ErrorReporter*, tflite::BuiltinDataAllocator*, void**)	32	static
../Middlewares/tensorflow/tensorflow/lite/core/api/flatbuffer_conversions.cc:1131:14:TfLiteStatus tflite::ParseCast(const tflite::Operator*, tflite::ErrorReporter*, tflite::BuiltinDataAllocator*, void**)	32	static
../Middlewares/tensorflow/tensorflow/lite/core/api/flatbuffer_conversions.cc:1157:14:TfLiteStatus tflite::ParseConcatenation(const tflite::Operator*, tflite::ErrorReporter*, tflite::BuiltinDataAllocator*, void**)	24	static
../Middlewares/tensorflow/tensorflow/lite/core/api/flatbuffer_conversions.cc:1186:14:TfLiteStatus tflite::ParseConv2D(const tflite::Operator*, tflite::ErrorReporter*, tflite::BuiltinDataAllocator*, void**)	24	static
../Middlewares/tensorflow/tensorflow/lite/core/api/flatbuffer_conversions.cc:1268:14:TfLiteStatus tflite::ParseDepthwiseConv2D(const tflite::Operator*, tflite::ErrorReporter*, tflite::BuiltinDataAllocator*, void**)	16	static
../Middlewares/tensorflow/tensorflow/lite/core/api/flatbuffer_conversions.cc:1312:14:TfLiteStatus tflite::ParseDiv(const tflite::Operator*, tflite::ErrorReporter*, tflite::BuiltinDataAllocator*, void**)	24	static
../Middlewares/tensorflow/tensorflow/lite/core/api/flatbuffer_conversions.cc:1391:14:TfLiteStatus tflite::ParseFullyConnected(const tflite::Operator*, tflite::ErrorReporter*, tflite::BuiltinDataAllocator*, void**)	40	static
../Middlewares/tensorflow/tensorflow/lite/core/api/flatbuffer_conversions.cc:1514:14:TfLiteStatus tflite::ParseL2Normalization(const tflite::Operator*, tflite::ErrorReporter*, tflite::BuiltinDataAllocator*, void**)	24	static
../Middlewares/tensorflow/tensorflow/lite/core/api/flatbuffer_conversions.cc:1671:14:TfLiteStatus tflite::ParseMirrorPad(const tflite::Operator*, tflite::ErrorReporter*, tflite::BuiltinDataAllocator*, void**)	24	static
../Middlewares/tensorflow/tensorflow/lite/core/api/flatbuffer_conversions.cc:1697:14:TfLiteStatus tflite::ParseMul(const tflite::Operator*, tflite::ErrorReporter*, tflite::BuiltinDataAllocator*, void**)	24	static
../Middlewares/tensorflow/tensorflow/lite/core/api/flatbuffer_conversions.cc:1778:14:TfLiteStatus tflite::ParsePool(const tflite::Operator*, tflite::ErrorReporter*, tflite::BuiltinDataAllocator*, void**)	16	static
../Middlewares/tensorflow/tensorflow/lite/core/api/flatbuffer_conversions.cc:1997:14:TfLiteStatus tflite::ParseShape(const tflite::Operator*, tflite::ErrorReporter*, tflite::BuiltinDataAllocator*, void**)	32	static
../Middlewares/tensorflow/tensorflow/lite/core/api/flatbuffer_conversions.cc:2253:14:TfLiteStatus tflite::ParseSub(const tflite::Operator*, tflite::ErrorReporter*, tflite::BuiltinDataAllocator*, void**)	24	static
../Middlewares/tensorflow/tensorflow/lite/core/api/flatbuffer_conversions.cc:2278:14:TfLiteStatus tflite::ParseSvdf(const tflite::Operator*, tflite::ErrorReporter*, tflite::BuiltinDataAllocator*, void**)	24	static
../Middlewares/tensorflow/tensorflow/lite/core/api/flatbuffer_conversions.cc:2321:14:TfLiteStatus tflite::ParseTransposeConv(const tflite::Operator*, tflite::ErrorReporter*, tflite::BuiltinDataAllocator*, void**)	24	static
../Middlewares/tensorflow/third_party/flatbuffers/include/flatbuffers/table.h:45:26:T flatbuffers::Table::GetField(flatbuffers::voffset_t, T) const [with T = float]	16	static
../Middlewares/tensorflow/tensorflow/lite/core/api/flatbuffer_conversions.cc:1541:14:TfLiteStatus tflite::ParseLeakyRelu(const tflite::Operator*, tflite::ErrorReporter*, tflite::BuiltinDataAllocator*, void**)	24	static
../Middlewares/tensorflow/tensorflow/lite/core/api/flatbuffer_conversions.cc:1621:14:TfLiteStatus tflite::ParseLSTM(const tflite::Operator*, tflite::ErrorReporter*, tflite::BuiltinDataAllocator*, void**)	32	static
../Middlewares/tensorflow/tensorflow/lite/core/api/flatbuffer_conversions.cc:2036:14:TfLiteStatus tflite::ParseSoftmax(const tflite::Operator*, tflite::ErrorReporter*, tflite::BuiltinDataAllocator*, void**)	24	static
../Middlewares/tensorflow/tensorflow/lite/core/api/flatbuffer_conversions.cc:2142:14:TfLiteStatus tflite::ParseUnidirectionalSequenceLSTM(const tflite::Operator*, tflite::ErrorReporter*, tflite::BuiltinDataAllocator*, void**)	16	static
