../Core/Src/main.c:82:5:main	8	static
../Core/Src/main.c:131:6:SystemClock_Config	88	static
../Core/Src/main.c:178:13:MX_ADC1_Init	24	static
../Core/Src/main.c:230:13:MX_TIM4_Init	32	static
../Core/Src/main.c:275:13:MX_USART2_UART_Init	8	static
../Core/Src/main.c:306:13:MX_DMA_Init	16	static
../Core/Src/main.c:324:13:MX_GPIO_Init	48	static
../Core/Src/main.c:354:6:HAL_ADC_ConvHalfCpltCallback	24	static
../Core/Src/main.c:372:6:HAL_ADC_ConvCpltCallback	24	static
../Core/Src/main.c:393:6:send_uart2	24	static
../Core/Src/main.c:404:6:Error_Handler	4	static,ignoring_inline_asm
