Archive member included to satisfy reference by file (symbol)

C:\Users\ezque\STM32CubeIDE\workspace_1.9.0\DriversSTM32\Debug\libDriversSTM32.a(BasicTimer.o)
                              ./Src/ServoMotorPwmMain.o (BTimer_Config)
C:\Users\ezque\STM32CubeIDE\workspace_1.9.0\DriversSTM32\Debug\libDriversSTM32.a(GPIOxDriver.o)
                              ./Src/ServoMotorPwmMain.o (GPIO_Config)
C:\Users\ezque\STM32CubeIDE\workspace_1.9.0\DriversSTM32\Debug\libDriversSTM32.a(PwmDriver.o)
                              ./Src/ServoMotorPwmMain.o (PWM_Config)
C:\Users\ezque\STM32CubeIDE\workspace_1.9.0\DriversSTM32\Debug\libDriversSTM32.a(USARTxDriver.o)
                              ./Src/ServoMotorPwmMain.o (USART_Config)
c:/st/stm32cubeide_1.9.0/stm32cubeide/plugins/com.st.stm32cube.ide.mcu.externaltools.gnu-tools-for-stm32.10.3-2021.10.win32_1.0.0.202111181127/tools/bin/../lib/gcc/arm-none-eabi/10.3.1/../../../../arm-none-eabi/lib/thumb/v7e-m/nofp\libc_nano.a(lib_a-errno.o)
                              ./Src/syscalls.o (__errno)
c:/st/stm32cubeide_1.9.0/stm32cubeide/plugins/com.st.stm32cube.ide.mcu.externaltools.gnu-tools-for-stm32.10.3-2021.10.win32_1.0.0.202111181127/tools/bin/../lib/gcc/arm-none-eabi/10.3.1/../../../../arm-none-eabi/lib/thumb/v7e-m/nofp\libc_nano.a(lib_a-exit.o)
                              c:/st/stm32cubeide_1.9.0/stm32cubeide/plugins/com.st.stm32cube.ide.mcu.externaltools.gnu-tools-for-stm32.10.3-2021.10.win32_1.0.0.202111181127/tools/bin/../lib/gcc/arm-none-eabi/10.3.1/../../../../arm-none-eabi/lib/thumb/v7e-m/nofp/crt0.o (exit)
c:/st/stm32cubeide_1.9.0/stm32cubeide/plugins/com.st.stm32cube.ide.mcu.externaltools.gnu-tools-for-stm32.10.3-2021.10.win32_1.0.0.202111181127/tools/bin/../lib/gcc/arm-none-eabi/10.3.1/../../../../arm-none-eabi/lib/thumb/v7e-m/nofp\libc_nano.a(lib_a-impure.o)
                              c:/st/stm32cubeide_1.9.0/stm32cubeide/plugins/com.st.stm32cube.ide.mcu.externaltools.gnu-tools-for-stm32.10.3-2021.10.win32_1.0.0.202111181127/tools/bin/../lib/gcc/arm-none-eabi/10.3.1/../../../../arm-none-eabi/lib/thumb/v7e-m/nofp\libc_nano.a(lib_a-exit.o) (_global_impure_ptr)
c:/st/stm32cubeide_1.9.0/stm32cubeide/plugins/com.st.stm32cube.ide.mcu.externaltools.gnu-tools-for-stm32.10.3-2021.10.win32_1.0.0.202111181127/tools/bin/../lib/gcc/arm-none-eabi/10.3.1/../../../../arm-none-eabi/lib/thumb/v7e-m/nofp\libc_nano.a(lib_a-init.o)
                              c:/st/stm32cubeide_1.9.0/stm32cubeide/plugins/com.st.stm32cube.ide.mcu.externaltools.gnu-tools-for-stm32.10.3-2021.10.win32_1.0.0.202111181127/tools/bin/../lib/gcc/arm-none-eabi/10.3.1/../../../../arm-none-eabi/lib/thumb/v7e-m/nofp/crt0.o (__libc_init_array)
c:/st/stm32cubeide_1.9.0/stm32cubeide/plugins/com.st.stm32cube.ide.mcu.externaltools.gnu-tools-for-stm32.10.3-2021.10.win32_1.0.0.202111181127/tools/bin/../lib/gcc/arm-none-eabi/10.3.1/../../../../arm-none-eabi/lib/thumb/v7e-m/nofp\libc_nano.a(lib_a-memset.o)
                              c:/st/stm32cubeide_1.9.0/stm32cubeide/plugins/com.st.stm32cube.ide.mcu.externaltools.gnu-tools-for-stm32.10.3-2021.10.win32_1.0.0.202111181127/tools/bin/../lib/gcc/arm-none-eabi/10.3.1/../../../../arm-none-eabi/lib/thumb/v7e-m/nofp/crt0.o (memset)
c:/st/stm32cubeide_1.9.0/stm32cubeide/plugins/com.st.stm32cube.ide.mcu.externaltools.gnu-tools-for-stm32.10.3-2021.10.win32_1.0.0.202111181127/tools/bin/../lib/gcc/arm-none-eabi/10.3.1/../../../../arm-none-eabi/lib/thumb/v7e-m/nofp\libc_nano.a(lib_a-sprintf.o)
                              ./Src/ServoMotorPwmMain.o (sprintf)
c:/st/stm32cubeide_1.9.0/stm32cubeide/plugins/com.st.stm32cube.ide.mcu.externaltools.gnu-tools-for-stm32.10.3-2021.10.win32_1.0.0.202111181127/tools/bin/../lib/gcc/arm-none-eabi/10.3.1/../../../../arm-none-eabi/lib/thumb/v7e-m/nofp\libc_nano.a(lib_a-nano-svfprintf.o)
                              c:/st/stm32cubeide_1.9.0/stm32cubeide/plugins/com.st.stm32cube.ide.mcu.externaltools.gnu-tools-for-stm32.10.3-2021.10.win32_1.0.0.202111181127/tools/bin/../lib/gcc/arm-none-eabi/10.3.1/../../../../arm-none-eabi/lib/thumb/v7e-m/nofp\libc_nano.a(lib_a-sprintf.o) (_svfprintf_r)
c:/st/stm32cubeide_1.9.0/stm32cubeide/plugins/com.st.stm32cube.ide.mcu.externaltools.gnu-tools-for-stm32.10.3-2021.10.win32_1.0.0.202111181127/tools/bin/../lib/gcc/arm-none-eabi/10.3.1/../../../../arm-none-eabi/lib/thumb/v7e-m/nofp\libc_nano.a(lib_a-nano-vfprintf_i.o)
                              c:/st/stm32cubeide_1.9.0/stm32cubeide/plugins/com.st.stm32cube.ide.mcu.externaltools.gnu-tools-for-stm32.10.3-2021.10.win32_1.0.0.202111181127/tools/bin/../lib/gcc/arm-none-eabi/10.3.1/../../../../arm-none-eabi/lib/thumb/v7e-m/nofp\libc_nano.a(lib_a-nano-svfprintf.o) (_printf_i)
c:/st/stm32cubeide_1.9.0/stm32cubeide/plugins/com.st.stm32cube.ide.mcu.externaltools.gnu-tools-for-stm32.10.3-2021.10.win32_1.0.0.202111181127/tools/bin/../lib/gcc/arm-none-eabi/10.3.1/../../../../arm-none-eabi/lib/thumb/v7e-m/nofp\libc_nano.a(lib_a-memchr.o)
[...]
Memory Configuration

Name             Origin             Length             Attributes
RAM              0x0000000020000000 0x0000000000020000 xrw
FLASH            0x0000000008000000 0x0000000000080000 xr
*default*        0x0000000000000000 0xffffffffffffffff

Linker script and memory map

LOAD c:/st/stm32cubeide_1.9.0/stm32cubeide/plugins/com.st.stm32cube.ide.mcu.externaltools.gnu-tools-for-stm32.10.3-2021.10.win32_1.0.0.202111181127/tools/bin/../lib/gcc/arm-none-eabi/10.3.1/thumb/v7e-m/nofp/crti.o
LOAD c:/st/stm32cubeide_1.9.0/stm32cubeide/plugins/com.st.stm32cube.ide.mcu.externaltools.gnu-tools-for-stm32.10.3-2021.10.win32_1.0.0.202111181127/tools/bin/../lib/gcc/arm-none-eabi/10.3.1/thumb/v7e-m/nofp/crtbegin.o
LOAD c:/st/stm32cubeide_1.9.0/stm32cubeide/plugins/com.st.stm32cube.ide.mcu.externaltools.gnu-tools-for-stm32.10.3-2021.10.win32_1.0.0.202111181127/tools/bin/../lib/gcc/arm-none-eabi/10.3.1/../../../../arm-none-eabi/lib/thumb/v7e-m/nofp/crt0.o
LOAD ./Src/ServoMotorPwmMain.o
LOAD ./Src/syscalls.o
LOAD ./Src/sysmem.o
LOAD ./Startup/startup_stm32f411retx.o
LOAD C:\Users\ezque\STM32CubeIDE\workspace_1.9.0\DriversSTM32\Debug\libDriversSTM32.a
START GROUP
LOAD c:/st/stm32cubeide_1.9.0/stm32cubeide/plugins/com.st.stm32cube.ide.mcu.externaltools.gnu-tools-for-stm32.10.3-2021.10.win32_1.0.0.202111181127/tools/bin/../lib/gcc/arm-none-eabi/10.3.1/../../../../arm-none-eabi/lib/thumb/v7e-m/nofp\libc_nano.a
LOAD c:/st/stm32cubeide_1.9.0/stm32cubeide/plugins/com.st.stm32cube.ide.mcu.externaltools.gnu-tools-for-stm32.10.3-2021.10.win32_1.0.0.202111181127/tools/bin/../lib/gcc/arm-none-eabi/10.3.1/../../../../arm-none-eabi/lib/thumb/v7e-m/nofp\libm.a
END GROUP
START GROUP
LOAD c:/st/stm32cubeide_1.9.0/stm32cubeide/plugins/com.st.stm32cube.ide.mcu.externaltools.gnu-tools-for-stm32.10.3-2021.10.win32_1.0.0.202111181127/tools/bin/../lib/gcc/arm-none-eabi/10.3.1/thumb/v7e-m/nofp\libgcc.a
LOAD c:/st/stm32cubeide_1.9.0/stm32cubeide/plugins/com.st.stm32cube.ide.mcu.externaltools.gnu-tools-for-stm32.10.3-2021.10.win32_1.0.0.202111181127/tools/bin/../lib/gcc/arm-none-eabi/10.3.1/../../../../arm-none-eabi/lib/thumb/v7e-m/nofp\libc_nano.a
END GROUP
START GROUP
LOAD c:/st/stm32cubeide_1.9.0/stm32cubeide/plugins/com.st.stm32cube.ide.mcu.externaltools.gnu-tools-for-stm32.10.3-2021.10.win32_1.0.0.202111181127/tools/bin/../lib/gcc/arm-none-eabi/10.3.1/thumb/v7e-m/nofp\libgcc.a
LOAD c:/st/stm32cubeide_1.9.0/stm32cubeide/plugins/com.st.stm32cube.ide.mcu.externaltools.gnu-tools-for-stm32.10.3-2021.10.win32_1.0.0.202111181127/tools/bin/../lib/gcc/arm-none-eabi/10.3.1/../../../../arm-none-eabi/lib/thumb/v7e-m/nofp\libc_nano.a
LOAD c:/st/stm32cubeide_1.9.0/stm32cubeide/plugins/com.st.stm32cube.ide.mcu.externaltools.gnu-tools-for-stm32.10.3-2021.10.win32_1.0.0.202111181127/tools/bin/../lib/gcc/arm-none-eabi/10.3.1/../../../../arm-none-eabi/lib/thumb/v7e-m/nofp\libnosys.a
END GROUP
START GROUP
LOAD c:/st/stm32cubeide_1.9.0/stm32cubeide/plugins/com.st.stm32cube.ide.mcu.externaltools.gnu-tools-for-stm32.10.3-2021.10.win32_1.0.0.202111181127/tools/bin/../lib/gcc/arm-none-eabi/10.3.1/thumb/v7e-m/nofp\libgcc.a
LOAD c:/st/stm32cubeide_1.9.0/stm32cubeide/plugins/com.st.stm32cube.ide.mcu.externaltools.gnu-tools-for-stm32.10.3-2021.10.win32_1.0.0.202111181127/tools/bin/../lib/gcc/arm-none-eabi/10.3.1/../../../../arm-none-eabi/lib/thumb/v7e-m/nofp\libc_nano.a
LOAD c:/st/stm32cubeide_1.9.0/stm32cubeide/plugins/com.st.stm32cube.ide.mcu.externaltools.gnu-tools-for-stm32.10.3-2021.10.win32_1.0.0.202111181127/tools/bin/../lib/gcc/arm-none-eabi/10.3.1/../../../../arm-none-eabi/lib/thumb/v7e-m/nofp\libnosys.a
END GROUP
LOAD c:/st/stm32cubeide_1.9.0/stm32cubeide/plugins/com.st.stm32cube.ide.mcu.externaltools.gnu-tools-for-stm32.10.3-2021.10.win32_1.0.0.202111181127/tools/bin/../lib/gcc/arm-none-eabi/10.3.1/thumb/v7e-m/nofp/crtend.o
LOAD c:/st/stm32cubeide_1.9.0/stm32cubeide/plugins/com.st.stm32cube.ide.mcu.externaltools.gnu-tools-for-stm32.10.3-2021.10.win32_1.0.0.202111181127/tools/bin/../lib/gcc/arm-none-eabi/10.3.1/thumb/v7e-m/nofp/crtn.o
                0x0000000020020000                _estack = (ORIGIN (RAM) + LENGTH (RAM))
                0x0000000000000200                _Min_Heap_Size = 0x200
                0x0000000000000400                _Min_Stack_Size = 0x400

.isr_vector     0x0000000008000000      0x198
                0x0000000008000000                . = ALIGN (0x4)
 *(.isr_vector)
 .isr_vector    0x0000000008000000      0x198 ./Startup/startup_stm32f411retx.o
                0x0000000008000000                g_pfnVectors
                0x0000000008000198                . = ALIGN (0x4)

.text           0x00000000080001a0     0x19f0
                0x00000000080001a0                . = ALIGN (0x4)
 *(.text)
 .text          0x00000000080001a0       0x40 c:/st/stm32cubeide_1.9.0/stm32cubeide/plugins/com.st.stm32cube.ide.mcu.externaltools.gnu-tools-for-stm32.10.3-2021.10.win32_1.0.0.202111181127/tools/bin/../lib/gcc/arm-none-eabi/10.3.1/thumb/v7e-m/nofp/crtbegin.o
 .text          0x00000000080001e0       0xa0 c:/st/stm32cubeide_1.9.0/stm32cubeide/plugins/com.st.stm32cube.ide.mcu.externaltools.gnu-tools-for-stm32.10.3-2021.10.win32_1.0.0.202111181127/tools/bin/../lib/gcc/arm-none-eabi/10.3.1/../../../../arm-none-eabi/lib/thumb/v7e-m/nofp\libc_nano.a(lib_a-memchr.o)
                0x00000000080001e0                memchr
 *(.text*)
 .text.main     0x0000000008000280       0xe4 ./Src/ServoMotorPwmMain.o
                0x0000000008000280                main
 .text.initSystem
                0x0000000008000364      0x160 ./Src/ServoMotorPwmMain.o
                0x0000000008000364                initSystem
 .text.BTimer2_Callback
                0x00000000080004c4       0x20 ./Src/ServoMotorPwmMain.o
                0x00000000080004c4                BTimer2_Callback
 .text.Usart2_RX_Callback
                0x00000000080004e4       0x30 ./Src/ServoMotorPwmMain.o
                0x00000000080004e4                Usart2_RX_Callback
 .text.Usart2_TX_Callback
                0x0000000008000514        0xe ./Src/ServoMotorPwmMain.o
                0x0000000008000514                Usart2_TX_Callback
 *fill*         0x0000000008000522        0x2 
 .text._sbrk    0x0000000008000524       0x6c ./Src/sysmem.o
                0x0000000008000524                _sbrk
 .text.Reset_Handler
                0x0000000008000590       0x50 ./Startup/startup_stm32f411retx.o
                0x0000000008000590                Reset_Handler
 .text.Default_Handler
                0x00000000080005e0        0x2 ./Startup/startup_stm32f411retx.o
                0x00000000080005e0                RTC_Alarm_IRQHandler
                0x00000000080005e0                EXTI2_IRQHandler
                0x00000000080005e0                DebugMon_Handler
                0x00000000080005e0                SPI4_IRQHandler
                0x00000000080005e0                TIM1_CC_IRQHandler
                0x00000000080005e0                DMA2_Stream5_IRQHandler
                0x00000000080005e0                HardFault_Handler
                0x00000000080005e0                DMA1_Stream5_IRQHandler
                0x00000000080005e0                SysTick_Handler
                0x00000000080005e0                PVD_IRQHandler
                0x00000000080005e0                SDIO_IRQHandler
                0x00000000080005e0                TAMP_STAMP_IRQHandler
                0x00000000080005e0                PendSV_Handler
                0x00000000080005e0                NMI_Handler
                0x00000000080005e0                EXTI3_IRQHandler
                0x00000000080005e0                TIM1_UP_TIM10_IRQHandler
                0x00000000080005e0                I2C3_ER_IRQHandler
                0x00000000080005e0                EXTI0_IRQHandler
                0x00000000080005e0                I2C2_EV_IRQHandler
                0x00000000080005e0                DMA1_Stream2_IRQHandler
                0x00000000080005e0                FPU_IRQHandler
                0x00000000080005e0                UsageFault_Handler
                0x00000000080005e0                DMA2_Stream2_IRQHandler
                0x00000000080005e0                SPI1_IRQHandler
                0x00000000080005e0                TIM1_BRK_TIM9_IRQHandler
                0x00000000080005e0                DMA2_Stream3_IRQHandler
                0x00000000080005e0                DMA2_Stream0_IRQHandler
                0x00000000080005e0                I2C1_EV_IRQHandler
                0x00000000080005e0                DMA1_Stream6_IRQHandler
                0x00000000080005e0                DMA1_Stream1_IRQHandler
                0x00000000080005e0                RCC_IRQHandler
                0x00000000080005e0                Default_Handler
                0x00000000080005e0                EXTI15_10_IRQHandler
                0x00000000080005e0                ADC_IRQHandler
                0x00000000080005e0                DMA1_Stream7_IRQHandler
                0x00000000080005e0                SPI5_IRQHandler
                0x00000000080005e0                TIM5_IRQHandler
                0x00000000080005e0                DMA2_Stream7_IRQHandler
                0x00000000080005e0                I2C3_EV_IRQHandler
                0x00000000080005e0                EXTI9_5_IRQHandler
                0x00000000080005e0                RTC_WKUP_IRQHandler
                0x00000000080005e0                SPI2_IRQHandler
                0x00000000080005e0                MemManage_Handler
                0x00000000080005e0                DMA1_Stream0_IRQHandler
                0x00000000080005e0                SVC_Handler
                0x00000000080005e0                EXTI4_IRQHandler
                0x00000000080005e0                WWDG_IRQHandler
                0x00000000080005e0                OTG_FS_WKUP_IRQHandler
                0x00000000080005e0                TIM1_TRG_COM_TIM11_IRQHandler
                0x00000000080005e0                EXTI1_IRQHandler
                0x00000000080005e0                I2C2_ER_IRQHandler
                0x00000000080005e0                DMA2_Stream1_IRQHandler
                0x00000000080005e0                FLASH_IRQHandler
                0x00000000080005e0                DMA2_Stream4_IRQHandler
                0x00000000080005e0                BusFault_Handler
                0x00000000080005e0                OTG_FS_IRQHandler
                0x00000000080005e0                SPI3_IRQHandler
                0x00000000080005e0                DMA1_Stream4_IRQHandler
                0x00000000080005e0                I2C1_ER_IRQHandler
                0x00000000080005e0                DMA2_Stream6_IRQHandler
                0x00000000080005e0                DMA1_Stream3_IRQHandler
 *fill*         0x00000000080005e2        0x2 
 .text.__NVIC_EnableIRQ
                0x00000000080005e4       0x38 C:\Users\ezque\STM32CubeIDE\workspace_1.9.0\DriversSTM32\Debug\libDriversSTM32.a(BasicTimer.o)
 .text.__NVIC_SetPriority
                0x000000000800061c       0x54 C:\Users\ezque\STM32CubeIDE\workspace_1.9.0\DriversSTM32\Debug\libDriversSTM32.a(BasicTimer.o)
 .text.BTimer_Config
                0x0000000008000670      0x138 C:\Users\ezque\STM32CubeIDE\workspace_1.9.0\DriversSTM32\Debug\libDriversSTM32.a(BasicTimer.o)
                0x0000000008000670                BTimer_Config
 .text.BTimer3_Callback
                0x00000000080007a8        0xe C:\Users\ezque\STM32CubeIDE\workspace_1.9.0\DriversSTM32\Debug\libDriversSTM32.a(BasicTimer.o)
                0x00000000080007a8                BTimer3_Callback
 .text.BTimer4_Callback
                0x00000000080007b6        0xe C:\Users\ezque\STM32CubeIDE\workspace_1.9.0\DriversSTM32\Debug\libDriversSTM32.a(BasicTimer.o)
                0x00000000080007b6                BTimer4_Callback
 .text.TIM2_IRQHandler
                0x00000000080007c4       0x1c C:\Users\ezque\STM32CubeIDE\workspace_1.9.0\DriversSTM32\Debug\libDriversSTM32.a(BasicTimer.o)
                0x00000000080007c4                TIM2_IRQHandler
 .text.TIM3_IRQHandler
                0x00000000080007e0       0x1c C:\Users\ezque\STM32CubeIDE\workspace_1.9.0\DriversSTM32\Debug\libDriversSTM32.a(BasicTimer.o)
                0x00000000080007e0                TIM3_IRQHandler
 .text.TIM4_IRQHandler
                0x00000000080007fc       0x1c C:\Users\ezque\STM32CubeIDE\workspace_1.9.0\DriversSTM32\Debug\libDriversSTM32.a(BasicTimer.o)
                0x00000000080007fc                TIM4_IRQHandler
 .text.GPIO_Config
                0x0000000008000818      0x250 C:\Users\ezque\STM32CubeIDE\workspace_1.9.0\DriversSTM32\Debug\libDriversSTM32.a(GPIOxDriver.o)
                0x0000000008000818                GPIO_Config
 .text.PWM_Config
                0x0000000008000a68      0x1f8 C:\Users\ezque\STM32CubeIDE\workspace_1.9.0\DriversSTM32\Debug\libDriversSTM32.a(PwmDriver.o)
                0x0000000008000a68                PWM_Config
 .text.setPwmDuty
                0x0000000008000c60       0x70 C:\Users\ezque\STM32CubeIDE\workspace_1.9.0\DriversSTM32\Debug\libDriversSTM32.a(PwmDriver.o)
                0x0000000008000c60                setPwmDuty
 .text.__NVIC_EnableIRQ
                0x0000000008000cd0       0x38 C:\Users\ezque\STM32CubeIDE\workspace_1.9.0\DriversSTM32\Debug\libDriversSTM32.a(USARTxDriver.o)
 .text.__NVIC_DisableIRQ
                0x0000000008000d08       0x48 C:\Users\ezque\STM32CubeIDE\workspace_1.9.0\DriversSTM32\Debug\libDriversSTM32.a(USARTxDriver.o)
 .text.USART_Config
                0x0000000008000d50      0x328 C:\Users\ezque\STM32CubeIDE\workspace_1.9.0\DriversSTM32\Debug\libDriversSTM32.a(USARTxDriver.o)
                0x0000000008000d50                USART_Config
 .text.writeChar
                0x0000000008001078       0x5c C:\Users\ezque\STM32CubeIDE\workspace_1.9.0\DriversSTM32\Debug\libDriversSTM32.a(USARTxDriver.o)
                0x0000000008001078                writeChar
 .text.writeMsg
                0x00000000080010d4       0x30 C:\Users\ezque\STM32CubeIDE\workspace_1.9.0\DriversSTM32\Debug\libDriversSTM32.a(USARTxDriver.o)
                0x00000000080010d4                writeMsg
 .text.getRxData
                0x0000000008001104       0x14 C:\Users\ezque\STM32CubeIDE\workspace_1.9.0\DriversSTM32\Debug\libDriversSTM32.a(USARTxDriver.o)
                0x0000000008001104                getRxData
 .text.Usart1_TX_Callback
                0x0000000008001118        0xe C:\Users\ezque\STM32CubeIDE\workspace_1.9.0\DriversSTM32\Debug\libDriversSTM32.a(USARTxDriver.o)
                0x0000000008001118                Usart1_TX_Callback
 .text.Usart6_TX_Callback
                0x0000000008001126        0xe C:\Users\ezque\STM32CubeIDE\workspace_1.9.0\DriversSTM32\Debug\libDriversSTM32.a(USARTxDriver.o)
                0x0000000008001126                Usart6_TX_Callback
 .text.Usart1_RX_Callback
                0x0000000008001134        0xe C:\Users\ezque\STM32CubeIDE\workspace_1.9.0\DriversSTM32\Debug\libDriversSTM32.a(USARTxDriver.o)
                0x0000000008001134                Usart1_RX_Callback
 .text.Usart6_RX_Callback
                0x0000000008001142        0xe C:\Users\ezque\STM32CubeIDE\workspace_1.9.0\DriversSTM32\Debug\libDriversSTM32.a(USARTxDriver.o)
                0x0000000008001142                Usart6_RX_Callback
 .text.USART1_IRQHandler
                0x0000000008001150       0x54 C:\Users\ezque\STM32CubeIDE\workspace_1.9.0\DriversSTM32\Debug\libDriversSTM32.a(USARTxDriver.o)
                0x0000000008001150                USART1_IRQHandler
 .text.USART2_IRQHandler
                0x00000000080011a4       0x54 C:\Users\ezque\STM32CubeIDE\workspace_1.9.0\DriversSTM32\Debug\libDriversSTM32.a(USARTxDriver.o)
                0x00000000080011a4                USART2_IRQHandler
 .text.USART6_IRQHandler
                0x00000000080011f8       0x54 C:\Users\ezque\STM32CubeIDE\workspace_1.9.0\DriversSTM32\Debug\libDriversSTM32.a(USARTxDriver.o)
                0x00000000080011f8                USART6_IRQHandler
 .text.__errno  0x000000000800124c        0xc c:/st/stm32cubeide_1.9.0/stm32cubeide/plugins/com.st.stm32cube.ide.mcu.externaltools.gnu-tools-for-stm32.10.3-2021.10.win32_1.0.0.202111181127/tools/bin/../lib/gcc/arm-none-eabi/10.3.1/../../../../arm-none-eabi/lib/thumb/v7e-m/nofp\libc_nano.a(lib_a-errno.o)
                0x000000000800124c                __errno
 .text.__libc_init_array
                0x0000000008001258       0x48 c:/st/stm32cubeide_1.9.0/stm32cubeide/plugins/com.st.stm32cube.ide.mcu.externaltools.gnu-tools-for-stm32.10.3-2021.10.win32_1.0.0.202111181127/tools/bin/../lib/gcc/arm-none-eabi/10.3.1/../../../../arm-none-eabi/lib/thumb/v7e-m/nofp\libc_nano.a(lib_a-init.o)
                0x0000000008001258                __libc_init_array
 .text.sprintf  0x00000000080012a0       0x40 c:/st/stm32cubeide_1.9.0/stm32cubeide/plugins/com.st.stm32cube.ide.mcu.externaltools.gnu-tools-for-stm32.10.3-2021.10.win32_1.0.0.202111181127/tools/bin/../lib/gcc/arm-none-eabi/10.3.1/../../../../arm-none-eabi/lib/thumb/v7e-m/nofp\libc_nano.a(lib_a-sprintf.o)
                0x00000000080012a0                siprintf
                0x00000000080012a0                sprintf
 .text.__ssputs_r
                0x00000000080012e0       0xb6 c:/st/stm32cubeide_1.9.0/stm32cubeide/plugins/com.st.stm32cube.ide.mcu.externaltools.gnu-tools-for-stm32.10.3-2021.10.win32_1.0.0.202111181127/tools/bin/../lib/gcc/arm-none-eabi/10.3.1/../../../../arm-none-eabi/lib/thumb/v7e-m/nofp\libc_nano.a(lib_a-nano-svfprintf.o)
                0x00000000080012e0                __ssputs_r
 *fill*         0x0000000008001396        0x2 
 .text._svfprintf_r
                0x0000000008001398      0x200 c:/st/stm32cubeide_1.9.0/stm32cubeide/plugins/com.st.stm32cube.ide.mcu.externaltools.gnu-tools-for-stm32.10.3-2021.10.win32_1.0.0.202111181127/tools/bin/../lib/gcc/arm-none-eabi/10.3.1/../../../../arm-none-eabi/lib/thumb/v7e-m/nofp\libc_nano.a(lib_a-nano-svfprintf.o)
                0x0000000008001398                _svfiprintf_r
                0x0000000008001398                _svfprintf_r
 .text._printf_common
                0x0000000008001598       0xda c:/st/stm32cubeide_1.9.0/stm32cubeide/plugins/com.st.stm32cube.ide.mcu.externaltools.gnu-tools-for-stm32.10.3-2021.10.win32_1.0.0.202111181127/tools/bin/../lib/gcc/arm-none-eabi/10.3.1/../../../../arm-none-eabi/lib/thumb/v7e-m/nofp\libc_nano.a(lib_a-nano-vfprintf_i.o)
                0x0000000008001598                _printf_common
 *fill*         0x0000000008001672        0x2 
 .text._printf_i
                0x0000000008001674      0x24c c:/st/stm32cubeide_1.9.0/stm32cubeide/plugins/com.st.stm32cube.ide.mcu.externaltools.gnu-tools-for-stm32.10.3-2021.10.win32_1.0.0.202111181127/tools/bin/../lib/gcc/arm-none-eabi/10.3.1/../../../../arm-none-eabi/lib/thumb/v7e-m/nofp\libc_nano.a(lib_a-nano-vfprintf_i.o)
                0x0000000008001674                _printf_i
 .text.memcpy   0x00000000080018c0       0x1c c:/st/stm32cubeide_1.9.0/stm32cubeide/plugins/com.st.stm32cube.ide.mcu.externaltools.gnu-tools-for-stm32.10.3-2021.10.win32_1.0.0.202111181127/tools/bin/../lib/gcc/arm-none-eabi/10.3.1/../../../../arm-none-eabi/lib/thumb/v7e-m/nofp\libc_nano.a(lib_a-memcpy-stub.o)
                0x00000000080018c0                memcpy
 .text.memmove  0x00000000080018dc       0x34 c:/st/stm32cubeide_1.9.0/stm32cubeide/plugins/com.st.stm32cube.ide.mcu.externaltools.gnu-tools-for-stm32.10.3-2021.10.win32_1.0.0.202111181127/tools/bin/../lib/gcc/arm-none-eabi/10.3.1/../../../../arm-none-eabi/lib/thumb/v7e-m/nofp\libc_nano.a(lib_a-memmove.o)
                0x00000000080018dc                memmove
 .text._free_r  0x0000000008001910       0x94 c:/st/stm32cubeide_1.9.0/stm32cubeide/plugins/com.st.stm32cube.ide.mcu.externaltools.gnu-tools-for-stm32.10.3-2021.10.win32_1.0.0.202111181127/tools/bin/../lib/gcc/arm-none-eabi/10.3.1/../../../../arm-none-eabi/lib/thumb/v7e-m/nofp\libc_nano.a(lib_a-nano-freer.o)
                0x0000000008001910                _free_r
 .text.sbrk_aligned
                0x00000000080019a4       0x40 c:/st/stm32cubeide_1.9.0/stm32cubeide/plugins/com.st.stm32cube.ide.mcu.externaltools.gnu-tools-for-stm32.10.3-2021.10.win32_1.0.0.202111181127/tools/bin/../lib/gcc/arm-none-eabi/10.3.1/../../../../arm-none-eabi/lib/thumb/v7e-m/nofp\libc_nano.a(lib_a-nano-mallocr.o)
 .text._malloc_r
                0x00000000080019e4       0xe8 c:/st/stm32cubeide_1.9.0/stm32cubeide/plugins/com.st.stm32cube.ide.mcu.externaltools.gnu-tools-for-stm32.10.3-2021.10.win32_1.0.0.202111181127/tools/bin/../lib/gcc/arm-none-eabi/10.3.1/../../../../arm-none-eabi/lib/thumb/v7e-m/nofp\libc_nano.a(lib_a-nano-mallocr.o)
                0x00000000080019e4                _malloc_r
 .text._realloc_r
                0x0000000008001acc       0x5e c:/st/stm32cubeide_1.9.0/stm32cubeide/plugins/com.st.stm32cube.ide.mcu.externaltools.gnu-tools-for-stm32.10.3-2021.10.win32_1.0.0.202111181127/tools/bin/../lib/gcc/arm-none-eabi/10.3.1/../../../../arm-none-eabi/lib/thumb/v7e-m/nofp\libc_nano.a(lib_a-nano-reallocr.o)
                0x0000000008001acc                _realloc_r
 *fill*         0x0000000008001b2a        0x2 
 .text._sbrk_r  0x0000000008001b2c       0x20 c:/st/stm32cubeide_1.9.0/stm32cubeide/plugins/com.st.stm32cube.ide.mcu.externaltools.gnu-tools-for-stm32.10.3-2021.10.win32_1.0.0.202111181127/tools/bin/../lib/gcc/arm-none-eabi/10.3.1/../../../../arm-none-eabi/lib/thumb/v7e-m/nofp\libc_nano.a(lib_a-sbrkr.o)
                0x0000000008001b2c                _sbrk_r
 .text.__malloc_lock
                0x0000000008001b4c        0xc c:/st/stm32cubeide_1.9.0/stm32cubeide/plugins/com.st.stm32cube.ide.mcu.externaltools.gnu-tools-for-stm32.10.3-2021.10.win32_1.0.0.202111181127/tools/bin/../lib/gcc/arm-none-eabi/10.3.1/../../../../arm-none-eabi/lib/thumb/v7e-m/nofp\libc_nano.a(lib_a-mlock.o)
                0x0000000008001b4c                __malloc_lock
 .text.__malloc_unlock
                0x0000000008001b58        0xc c:/st/stm32cubeide_1.9.0/stm32cubeide/plugins/com.st.stm32cube.ide.mcu.externaltools.gnu-tools-for-stm32.10.3-2021.10.win32_1.0.0.202111181127/tools/bin/../lib/gcc/arm-none-eabi/10.3.1/../../../../arm-none-eabi/lib/thumb/v7e-m/nofp\libc_nano.a(lib_a-mlock.o)
                0x0000000008001b58                __malloc_unlock
 .text._malloc_usable_size_r
                0x0000000008001b64       0x10 c:/st/stm32cubeide_1.9.0/stm32cubeide/plugins/com.st.stm32cube.ide.mcu.externaltools.gnu-tools-for-stm32.10.3-2021.10.win32_1.0.0.202111181127/tools/bin/../lib/gcc/arm-none-eabi/10.3.1/../../../../arm-none-eabi/lib/thumb/v7e-m/nofp\libc_nano.a(lib_a-nano-msizer.o)
                0x0000000008001b64                _malloc_usable_size_r
 .text.__retarget_lock_acquire_recursive
                0x0000000008001b74        0x2 c:/st/stm32cubeide_1.9.0/stm32cubeide/plugins/com.st.stm32cube.ide.mcu.externaltools.gnu-tools-for-stm32.10.3-2021.10.win32_1.0.0.202111181127/tools/bin/../lib/gcc/arm-none-eabi/10.3.1/../../../../arm-none-eabi/lib/thumb/v7e-m/nofp\libc_nano.a(lib_a-lock.o)
                0x0000000008001b74                __retarget_lock_acquire_recursive
 .text.__retarget_lock_release_recursive
                0x0000000008001b76        0x2 c:/st/stm32cubeide_1.9.0/stm32cubeide/plugins/com.st.stm32cube.ide.mcu.externaltools.gnu-tools-for-stm32.10.3-2021.10.win32_1.0.0.202111181127/tools/bin/../lib/gcc/arm-none-eabi/10.3.1/../../../../arm-none-eabi/lib/thumb/v7e-m/nofp\libc_nano.a(lib_a-lock.o)
                0x0000000008001b76                __retarget_lock_release_recursive
 *(.glue_7)
 .glue_7        0x0000000008001b78        0x0 linker stubs
 *(.glue_7t)
 .glue_7t       0x0000000008001b78        0x0 linker stubs
 *(.eh_frame)
 .eh_frame      0x0000000008001b78        0x0 c:/st/stm32cubeide_1.9.0/stm32cubeide/plugins/com.st.stm32cube.ide.mcu.externaltools.gnu-tools-for-stm32.10.3-2021.10.win32_1.0.0.202111181127/tools/bin/../lib/gcc/arm-none-eabi/10.3.1/thumb/v7e-m/nofp/crtbegin.o
 *(.init)
 .init          0x0000000008001b78        0x4 c:/st/stm32cubeide_1.9.0/stm32cubeide/plugins/com.st.stm32cube.ide.mcu.externaltools.gnu-tools-for-stm32.10.3-2021.10.win32_1.0.0.202111181127/tools/bin/../lib/gcc/arm-none-eabi/10.3.1/thumb/v7e-m/nofp/crti.o
                0x0000000008001b78                _init
 .init          0x0000000008001b7c        0x8 c:/st/stm32cubeide_1.9.0/stm32cubeide/plugins/com.st.stm32cube.ide.mcu.externaltools.gnu-tools-for-stm32.10.3-2021.10.win32_1.0.0.202111181127/tools/bin/../lib/gcc/arm-none-eabi/10.3.1/thumb/v7e-m/nofp/crtn.o
 *(.fini)
 .fini          0x0000000008001b84        0x4 c:/st/stm32cubeide_1.9.0/stm32cubeide/plugins/com.st.stm32cube.ide.mcu.externaltools.gnu-tools-for-stm32.10.3-2021.10.win32_1.0.0.202111181127/tools/bin/../lib/gcc/arm-none-eabi/10.3.1/thumb/v7e-m/nofp/crti.o
                0x0000000008001b84                _fini
 .fini          0x0000000008001b88        0x8 c:/st/stm32cubeide_1.9.0/stm32cubeide/plugins/com.st.stm32cube.ide.mcu.externaltools.gnu-tools-for-stm32.10.3-2021.10.win32_1.0.0.202111181127/tools/bin/../lib/gcc/arm-none-eabi/10.3.1/thumb/v7e-m/nofp/crtn.o
                0x0000000008001b90                . = ALIGN (0x4)
                0x0000000008001b90                _etext = .

.vfp11_veneer   0x0000000008001b90        0x0
 .vfp11_veneer  0x0000000008001b90        0x0 linker stubs

.v4_bx          0x0000000008001b90        0x0
 .v4_bx         0x0000000008001b90        0x0 linker stubs

.iplt           0x0000000008001b90        0x0
 .iplt          0x0000000008001b90        0x0 c:/st/stm32cubeide_1.9.0/stm32cubeide/plugins/com.st.stm32cube.ide.mcu.externaltools.gnu-tools-for-stm32.10.3-2021.10.win32_1.0.0.202111181127/tools/bin/../lib/gcc/arm-none-eabi/10.3.1/thumb/v7e-m/nofp/crtbegin.o

.rodata         0x0000000008001b90       0x40
                0x0000000008001b90                . = ALIGN (0x4)
 *(.rodata)
 .rodata        0x0000000008001b90        0xc ./Src/ServoMotorPwmMain.o
 *(.rodata*)
 .rodata._svfprintf_r.str1.1
                0x0000000008001b9c       0x11 c:/st/stm32cubeide_1.9.0/stm32cubeide/plugins/com.st.stm32cube.ide.mcu.externaltools.gnu-tools-for-stm32.10.3-2021.10.win32_1.0.0.202111181127/tools/bin/../lib/gcc/arm-none-eabi/10.3.1/../../../../arm-none-eabi/lib/thumb/v7e-m/nofp\libc_nano.a(lib_a-nano-svfprintf.o)
 .rodata._printf_i.str1.1
                0x0000000008001bad       0x22 c:/st/stm32cubeide_1.9.0/stm32cubeide/plugins/com.st.stm32cube.ide.mcu.externaltools.gnu-tools-for-stm32.10.3-2021.10.win32_1.0.0.202111181127/tools/bin/../lib/gcc/arm-none-eabi/10.3.1/../../../../arm-none-eabi/lib/thumb/v7e-m/nofp\libc_nano.a(lib_a-nano-vfprintf_i.o)
                0x0000000008001bd0                . = ALIGN (0x4)
 *fill*         0x0000000008001bcf        0x1 

.rel.dyn        0x0000000008001bd0        0x0
 .rel.iplt      0x0000000008001bd0        0x0 c:/st/stm32cubeide_1.9.0/stm32cubeide/plugins/com.st.stm32cube.ide.mcu.externaltools.gnu-tools-for-stm32.10.3-2021.10.win32_1.0.0.202111181127/tools/bin/../lib/gcc/arm-none-eabi/10.3.1/thumb/v7e-m/nofp/crtbegin.o

.ARM.extab      0x0000000008001bd0        0x0
                0x0000000008001bd0                . = ALIGN (0x4)
 *(.ARM.extab* .gnu.linkonce.armextab.*)
                0x0000000008001bd0                . = ALIGN (0x4)

.ARM            0x0000000008001bd0        0x0
                0x0000000008001bd0                . = ALIGN (0x4)
                0x0000000008001bd0                __exidx_start = .
 *(.ARM.exidx*)
                0x0000000008001bd0                __exidx_end = .
                0x0000000008001bd0                . = ALIGN (0x4)

.preinit_array  0x0000000008001bd0        0x0
                0x0000000008001bd0                . = ALIGN (0x4)
                0x0000000008001bd0                PROVIDE (__preinit_array_start = .)
 *(.preinit_array*)
                0x0000000008001bd0                PROVIDE (__preinit_array_end = .)
                0x0000000008001bd0                . = ALIGN (0x4)

.init_array     0x0000000008001bd0        0x4
                0x0000000008001bd0                . = ALIGN (0x4)
                0x0000000008001bd0                PROVIDE (__init_array_start = .)
 *(SORT_BY_NAME(.init_array.*))
 *(.init_array*)
 .init_array    0x0000000008001bd0        0x4 c:/st/stm32cubeide_1.9.0/stm32cubeide/plugins/com.st.stm32cube.ide.mcu.externaltools.gnu-tools-for-stm32.10.3-2021.10.win32_1.0.0.202111181127/tools/bin/../lib/gcc/arm-none-eabi/10.3.1/thumb/v7e-m/nofp/crtbegin.o
                0x0000000008001bd4                PROVIDE (__init_array_end = .)
                0x0000000008001bd4                . = ALIGN (0x4)

.fini_array     0x0000000008001bd4        0x4
                0x0000000008001bd4                . = ALIGN (0x4)
                [!provide]                        PROVIDE (__fini_array_start = .)
 *(SORT_BY_NAME(.fini_array.*))
 *(.fini_array*)
 .fini_array    0x0000000008001bd4        0x4 c:/st/stm32cubeide_1.9.0/stm32cubeide/plugins/com.st.stm32cube.ide.mcu.externaltools.gnu-tools-for-stm32.10.3-2021.10.win32_1.0.0.202111181127/tools/bin/../lib/gcc/arm-none-eabi/10.3.1/thumb/v7e-m/nofp/crtbegin.o
                [!provide]                        PROVIDE (__fini_array_end = .)
                0x0000000008001bd8                . = ALIGN (0x4)
                0x0000000008001bd8                _sidata = LOADADDR (.data)

.data           0x0000000020000000       0xa4 load address 0x0000000008001bd8
                0x0000000020000000                . = ALIGN (0x4)
                0x0000000020000000                _sdata = .
 *(.data)
 *(.data*)
 .data.bufferData
                0x0000000020000000       0x40 ./Src/ServoMotorPwmMain.o
                0x0000000020000000                bufferData
 .data._impure_ptr
                0x0000000020000040        0x4 c:/st/stm32cubeide_1.9.0/stm32cubeide/plugins/com.st.stm32cube.ide.mcu.externaltools.gnu-tools-for-stm32.10.3-2021.10.win32_1.0.0.202111181127/tools/bin/../lib/gcc/arm-none-eabi/10.3.1/../../../../arm-none-eabi/lib/thumb/v7e-m/nofp\libc_nano.a(lib_a-impure.o)
                0x0000000020000040                _impure_ptr
 .data.impure_data
                0x0000000020000044       0x60 c:/st/stm32cubeide_1.9.0/stm32cubeide/plugins/com.st.stm32cube.ide.mcu.externaltools.gnu-tools-for-stm32.10.3-2021.10.win32_1.0.0.202111181127/tools/bin/../lib/gcc/arm-none-eabi/10.3.1/../../../../arm-none-eabi/lib/thumb/v7e-m/nofp\libc_nano.a(lib_a-impure.o)
 *(.RamFunc)
 *(.RamFunc*)
                0x00000000200000a4                . = ALIGN (0x4)
                0x00000000200000a4                _edata = .

.igot.plt       0x00000000200000a4        0x0 load address 0x0000000008001c7c
 .igot.plt      0x00000000200000a4        0x0 c:/st/stm32cubeide_1.9.0/stm32cubeide/plugins/com.st.stm32cube.ide.mcu.externaltools.gnu-tools-for-stm32.10.3-2021.10.win32_1.0.0.202111181127/tools/bin/../lib/gcc/arm-none-eabi/10.3.1/thumb/v7e-m/nofp/crtbegin.o
                0x00000000200000a4                . = ALIGN (0x4)

.bss            0x00000000200000a4      0x114 load address 0x0000000008001c7c
                0x00000000200000a4                _sbss = .
                0x00000000200000a4                __bss_start__ = _sbss
 *(.bss)
 .bss           0x00000000200000a4       0x1c c:/st/stm32cubeide_1.9.0/stm32cubeide/plugins/com.st.stm32cube.ide.mcu.externaltools.gnu-tools-for-stm32.10.3-2021.10.win32_1.0.0.202111181127/tools/bin/../lib/gcc/arm-none-eabi/10.3.1/thumb/v7e-m/nofp/crtbegin.o
 *(.bss*)
 .bss.handlerPWM
                0x00000000200000c0        0xc ./Src/ServoMotorPwmMain.o
                0x00000000200000c0                handlerPWM
 .bss.handlerPwmPin
                0x00000000200000cc        0xc ./Src/ServoMotorPwmMain.o
                0x00000000200000cc                handlerPwmPin
 .bss.handlerStateLED
                0x00000000200000d8        0xc ./Src/ServoMotorPwmMain.o
                0x00000000200000d8                handlerStateLED
 .bss.handlerStateLedTimer
                0x00000000200000e4       0x10 ./Src/ServoMotorPwmMain.o
                0x00000000200000e4                handlerStateLedTimer
 .bss.handlerUSART2
                0x00000000200000f4       0x8c ./Src/ServoMotorPwmMain.o
                0x00000000200000f4                handlerUSART2
 .bss.handlerRxPIN
                0x0000000020000180        0xc ./Src/ServoMotorPwmMain.o
                0x0000000020000180                handlerRxPIN
 .bss.handlerTxPIN
                0x000000002000018c        0xc ./Src/ServoMotorPwmMain.o
                0x000000002000018c                handlerTxPIN
 .bss.siuu      0x0000000020000198        0x1 ./Src/ServoMotorPwmMain.o
                0x0000000020000198                siuu
 .bss.rxData    0x0000000020000199        0x1 ./Src/ServoMotorPwmMain.o
                0x0000000020000199                rxData
 .bss.oldDuty   0x000000002000019a        0x2 ./Src/ServoMotorPwmMain.o
                0x000000002000019a                oldDuty
 .bss.__sbrk_heap_end
                0x000000002000019c        0x4 ./Src/sysmem.o
 .bss.ptrTimerUsed
                0x00000000200001a0        0x4 C:\Users\ezque\STM32CubeIDE\workspace_1.9.0\DriversSTM32\Debug\libDriversSTM32.a(BasicTimer.o)
                0x00000000200001a0                ptrTimerUsed
 .bss.auxRxData
                0x00000000200001a4        0x1 C:\Users\ezque\STM32CubeIDE\workspace_1.9.0\DriversSTM32\Debug\libDriversSTM32.a(USARTxDriver.o)
                0x00000000200001a4                auxRxData
 .bss.auxDataToSend
                0x00000000200001a5        0x1 C:\Users\ezque\STM32CubeIDE\workspace_1.9.0\DriversSTM32\Debug\libDriversSTM32.a(USARTxDriver.o)
                0x00000000200001a5                auxDataToSend
 *fill*         0x00000000200001a6        0x2 
 .bss.__malloc_free_list
                0x00000000200001a8        0x4 c:/st/stm32cubeide_1.9.0/stm32cubeide/plugins/com.st.stm32cube.ide.mcu.externaltools.gnu-tools-for-stm32.10.3-2021.10.win32_1.0.0.202111181127/tools/bin/../lib/gcc/arm-none-eabi/10.3.1/../../../../arm-none-eabi/lib/thumb/v7e-m/nofp\libc_nano.a(lib_a-nano-mallocr.o)
                0x00000000200001a8                __malloc_free_list
 .bss.__malloc_sbrk_start
                0x00000000200001ac        0x4 c:/st/stm32cubeide_1.9.0/stm32cubeide/plugins/com.st.stm32cube.ide.mcu.externaltools.gnu-tools-for-stm32.10.3-2021.10.win32_1.0.0.202111181127/tools/bin/../lib/gcc/arm-none-eabi/10.3.1/../../../../arm-none-eabi/lib/thumb/v7e-m/nofp\libc_nano.a(lib_a-nano-mallocr.o)
                0x00000000200001ac                __malloc_sbrk_start
 .bss.errno     0x00000000200001b0        0x4 c:/st/stm32cubeide_1.9.0/stm32cubeide/plugins/com.st.stm32cube.ide.mcu.externaltools.gnu-tools-for-stm32.10.3-2021.10.win32_1.0.0.202111181127/tools/bin/../lib/gcc/arm-none-eabi/10.3.1/../../../../arm-none-eabi/lib/thumb/v7e-m/nofp\libc_nano.a(lib_a-reent.o)
                0x00000000200001b0                errno
 .bss.__lock___malloc_recursive_mutex
                0x00000000200001b4        0x1 c:/st/stm32cubeide_1.9.0/stm32cubeide/plugins/com.st.stm32cube.ide.mcu.externaltools.gnu-tools-for-stm32.10.3-2021.10.win32_1.0.0.202111181127/tools/bin/../lib/gcc/arm-none-eabi/10.3.1/../../../../arm-none-eabi/lib/thumb/v7e-m/nofp\libc_nano.a(lib_a-lock.o)
                0x00000000200001b4                __lock___malloc_recursive_mutex
 *(COMMON)
                0x00000000200001b8                . = ALIGN (0x4)
 *fill*         0x00000000200001b5        0x3 
                0x00000000200001b8                _ebss = .
                0x00000000200001b8                __bss_end__ = _ebss

._user_heap_stack
                0x00000000200001b8      0x600 load address 0x0000000008001c7c
                0x00000000200001b8                . = ALIGN (0x8)
                [!provide]                        PROVIDE (end = .)
                0x00000000200001b8                PROVIDE (_end = .)
                0x00000000200003b8                . = (. + _Min_Heap_Size)
 *fill*         0x00000000200001b8      0x200 
                0x00000000200007b8                . = (. + _Min_Stack_Size)
 *fill*         0x00000000200003b8      0x400 
                0x00000000200007b8                . = ALIGN (0x8)

/DISCARD/
 libc.a(*)
 libm.a(*)
 libgcc.a(*)

.ARM.attributes
                0x0000000000000000       0x2a
 *(.ARM.attributes)
 .ARM.attributes
                0x0000000000000000       0x1e c:/st/stm32cubeide_1.9.0/stm32cubeide/plugins/com.st.stm32cube.ide.mcu.externaltools.gnu-tools-for-stm32.10.3-2021.10.win32_1.0.0.202111181127/tools/bin/../lib/gcc/arm-none-eabi/10.3.1/thumb/v7e-m/nofp/crti.o
 .ARM.attributes
                0x000000000000001e       0x2e c:/st/stm32cubeide_1.9.0/stm32cubeide/plugins/com.st.stm32cube.ide.mcu.externaltools.gnu-tools-for-stm32.10.3-2021.10.win32_1.0.0.202111181127/tools/bin/../lib/gcc/arm-none-eabi/10.3.1/thumb/v7e-m/nofp/crtbegin.o
 .ARM.attributes
                0x000000000000004c       0x2e ./Src/ServoMotorPwmMain.o
 .ARM.attributes
                0x000000000000007a       0x2e ./Src/sysmem.o
 .ARM.attributes
                0x00000000000000a8       0x21 ./Startup/startup_stm32f411retx.o
 .ARM.attributes
                0x00000000000000c9       0x2e C:\Users\ezque\STM32CubeIDE\workspace_1.9.0\DriversSTM32\Debug\libDriversSTM32.a(BasicTimer.o)
 .ARM.attributes
                0x00000000000000f7       0x2e C:\Users\ezque\STM32CubeIDE\workspace_1.9.0\DriversSTM32\Debug\libDriversSTM32.a(GPIOxDriver.o)
 .ARM.attributes
                0x0000000000000125       0x2e C:\Users\ezque\STM32CubeIDE\workspace_1.9.0\DriversSTM32\Debug\libDriversSTM32.a(PwmDriver.o)
 .ARM.attributes
                0x0000000000000153       0x2e C:\Users\ezque\STM32CubeIDE\workspace_1.9.0\DriversSTM32\Debug\libDriversSTM32.a(USARTxDriver.o)
 .ARM.attributes
                0x0000000000000181       0x2e c:/st/stm32cubeide_1.9.0/stm32cubeide/plugins/com.st.stm32cube.ide.mcu.externaltools.gnu-tools-for-stm32.10.3-2021.10.win32_1.0.0.202111181127/tools/bin/../lib/gcc/arm-none-eabi/10.3.1/../../../../arm-none-eabi/lib/thumb/v7e-m/nofp\libc_nano.a(lib_a-errno.o)
 .ARM.attributes
                0x00000000000001af       0x2e c:/st/stm32cubeide_1.9.0/stm32cubeide/plugins/com.st.stm32cube.ide.mcu.externaltools.gnu-tools-for-stm32.10.3-2021.10.win32_1.0.0.202111181127/tools/bin/../lib/gcc/arm-none-eabi/10.3.1/../../../../arm-none-eabi/lib/thumb/v7e-m/nofp\libc_nano.a(lib_a-impure.o)
 .ARM.attributes
                0x00000000000001dd       0x2e c:/st/stm32cubeide_1.9.0/stm32cubeide/plugins/com.st.stm32cube.ide.mcu.externaltools.gnu-tools-for-stm32.10.3-2021.10.win32_1.0.0.202111181127/tools/bin/../lib/gcc/arm-none-eabi/10.3.1/../../../../arm-none-eabi/lib/thumb/v7e-m/nofp\libc_nano.a(lib_a-init.o)
 .ARM.attributes
                0x000000000000020b       0x2e c:/st/stm32cubeide_1.9.0/stm32cubeide/plugins/com.st.stm32cube.ide.mcu.externaltools.gnu-tools-for-stm32.10.3-2021.10.win32_1.0.0.202111181127/tools/bin/../lib/gcc/arm-none-eabi/10.3.1/../../../../arm-none-eabi/lib/thumb/v7e-m/nofp\libc_nano.a(lib_a-sprintf.o)
 .ARM.attributes
                0x0000000000000239       0x2e c:/st/stm32cubeide_1.9.0/stm32cubeide/plugins/com.st.stm32cube.ide.mcu.externaltools.gnu-tools-for-stm32.10.3-2021.10.win32_1.0.0.202111181127/tools/bin/../lib/gcc/arm-none-eabi/10.3.1/../../../../arm-none-eabi/lib/thumb/v7e-m/nofp\libc_nano.a(lib_a-nano-svfprintf.o)
 .ARM.attributes
                0x0000000000000267       0x2e c:/st/stm32cubeide_1.9.0/stm32cubeide/plugins/com.st.stm32cube.ide.mcu.externaltools.gnu-tools-for-stm32.10.3-2021.10.win32_1.0.0.202111181127/tools/bin/../lib/gcc/arm-none-eabi/10.3.1/../../../../arm-none-eabi/lib/thumb/v7e-m/nofp\libc_nano.a(lib_a-nano-vfprintf_i.o)
 .ARM.attributes
                0x0000000000000295       0x1c c:/st/stm32cubeide_1.9.0/stm32cubeide/plugins/com.st.stm32cube.ide.mcu.externaltools.gnu-tools-for-stm32.10.3-2021.10.win32_1.0.0.202111181127/tools/bin/../lib/gcc/arm-none-eabi/10.3.1/../../../../arm-none-eabi/lib/thumb/v7e-m/nofp\libc_nano.a(lib_a-memchr.o)
 .ARM.attributes
                0x00000000000002b1       0x2e c:/st/stm32cubeide_1.9.0/stm32cubeide/plugins/com.st.stm32cube.ide.mcu.externaltools.gnu-tools-for-stm32.10.3-2021.10.win32_1.0.0.202111181127/tools/bin/../lib/gcc/arm-none-eabi/10.3.1/../../../../arm-none-eabi/lib/thumb/v7e-m/nofp\libc_nano.a(lib_a-memcpy-stub.o)
 .ARM.attributes
                0x00000000000002df       0x2e c:/st/stm32cubeide_1.9.0/stm32cubeide/plugins/com.st.stm32cube.ide.mcu.externaltools.gnu-tools-for-stm32.10.3-2021.10.win32_1.0.0.202111181127/tools/bin/../lib/gcc/arm-none-eabi/10.3.1/../../../../arm-none-eabi/lib/thumb/v7e-m/nofp\libc_nano.a(lib_a-memmove.o)
 .ARM.attributes
                0x000000000000030d       0x2e c:/st/stm32cubeide_1.9.0/stm32cubeide/plugins/com.st.stm32cube.ide.mcu.externaltools.gnu-tools-for-stm32.10.3-2021.10.win32_1.0.0.202111181127/tools/bin/../lib/gcc/arm-none-eabi/10.3.1/../../../../arm-none-eabi/lib/thumb/v7e-m/nofp\libc_nano.a(lib_a-nano-freer.o)
 .ARM.attributes
                0x000000000000033b       0x2e c:/st/stm32cubeide_1.9.0/stm32cubeide/plugins/com.st.stm32cube.ide.mcu.externaltools.gnu-tools-for-stm32.10.3-2021.10.win32_1.0.0.202111181127/tools/bin/../lib/gcc/arm-none-eabi/10.3.1/../../../../arm-none-eabi/lib/thumb/v7e-m/nofp\libc_nano.a(lib_a-nano-mallocr.o)
 .ARM.attributes
                0x0000000000000369       0x2e c:/st/stm32cubeide_1.9.0/stm32cubeide/plugins/com.st.stm32cube.ide.mcu.externaltools.gnu-tools-for-stm32.10.3-2021.10.win32_1.0.0.202111181127/tools/bin/../lib/gcc/arm-none-eabi/10.3.1/../../../../arm-none-eabi/lib/thumb/v7e-m/nofp\libc_nano.a(lib_a-nano-reallocr.o)
 .ARM.attributes
                0x0000000000000397       0x2e c:/st/stm32cubeide_1.9.0/stm32cubeide/plugins/com.st.stm32cube.ide.mcu.externaltools.gnu-tools-for-stm32.10.3-2021.10.win32_1.0.0.202111181127/tools/bin/../lib/gcc/arm-none-eabi/10.3.1/../../../../arm-none-eabi/lib/thumb/v7e-m/nofp\libc_nano.a(lib_a-sbrkr.o)
 .ARM.attributes
                0x00000000000003c5       0x2e c:/st/stm32cubeide_1.9.0/stm32cubeide/plugins/com.st.stm32cube.ide.mcu.externaltools.gnu-tools-for-stm32.10.3-2021.10.win32_1.0.0.202111181127/tools/bin/../lib/gcc/arm-none-eabi/10.3.1/../../../../arm-none-eabi/lib/thumb/v7e-m/nofp\libc_nano.a(lib_a-mlock.o)
 .ARM.attributes
                0x00000000000003f3       0x2e c:/st/stm32cubeide_1.9.0/stm32cubeide/plugins/com.st.stm32cube.ide.mcu.externaltools.gnu-tools-for-stm32.10.3-2021.10.win32_1.0.0.202111181127/tools/bin/../lib/gcc/arm-none-eabi/10.3.1/../../../../arm-none-eabi/lib/thumb/v7e-m/nofp\libc_nano.a(lib_a-nano-msizer.o)
 .ARM.attributes
                0x0000000000000421       0x2e c:/st/stm32cubeide_1.9.0/stm32cubeide/plugins/com.st.stm32cube.ide.mcu.externaltools.gnu-tools-for-stm32.10.3-2021.10.win32_1.0.0.202111181127/tools/bin/../lib/gcc/arm-none-eabi/10.3.1/../../../../arm-none-eabi/lib/thumb/v7e-m/nofp\libc_nano.a(lib_a-reent.o)
 .ARM.attributes
                0x000000000000044f       0x2e c:/st/stm32cubeide_1.9.0/stm32cubeide/plugins/com.st.stm32cube.ide.mcu.externaltools.gnu-tools-for-stm32.10.3-2021.10.win32_1.0.0.202111181127/tools/bin/../lib/gcc/arm-none-eabi/10.3.1/../../../../arm-none-eabi/lib/thumb/v7e-m/nofp\libc_nano.a(lib_a-lock.o)
 .ARM.attributes
                0x000000000000047d       0x1e c:/st/stm32cubeide_1.9.0/stm32cubeide/plugins/com.st.stm32cube.ide.mcu.externaltools.gnu-tools-for-stm32.10.3-2021.10.win32_1.0.0.202111181127/tools/bin/../lib/gcc/arm-none-eabi/10.3.1/thumb/v7e-m/nofp/crtn.o
OUTPUT(ServoMotorPwm.elf elf32-littlearm)
LOAD linker stubs
LOAD c:/st/stm32cubeide_1.9.0/stm32cubeide/plugins/com.st.stm32cube.ide.mcu.externaltools.gnu-tools-for-stm32.10.3-2021.10.win32_1.0.0.202111181127/tools/bin/../lib/gcc/arm-none-eabi/10.3.1/../../../../arm-none-eabi/lib/thumb/v7e-m/nofp\libc.a
LOAD c:/st/stm32cubeide_1.9.0/stm32cubeide/plugins/com.st.stm32cube.ide.mcu.externaltools.gnu-tools-for-stm32.10.3-2021.10.win32_1.0.0.202111181127/tools/bin/../lib/gcc/arm-none-eabi/10.3.1/../../../../arm-none-eabi/lib/thumb/v7e-m/nofp\libm.a
LOAD c:/st/stm32cubeide_1.9.0/stm32cubeide/plugins/com.st.stm32cube.ide.mcu.externaltools.gnu-tools-for-stm32.10.3-2021.10.win32_1.0.0.202111181127/tools/bin/../lib/gcc/arm-none-eabi/10.3.1/thumb/v7e-m/nofp\libgcc.a

.debug_info     0x0000000000000000     0x26bd
 .debug_info    0x0000000000000000      0x7ae ./Src/ServoMotorPwmMain.o
 .debug_info    0x00000000000007ae      0x171 ./Src/sysmem.o
 .debug_info    0x000000000000091f       0x22 ./Startup/startup_stm32f411retx.o
 .debug_info    0x0000000000000941      0xa9e C:\Users\ezque\STM32CubeIDE\workspace_1.9.0\DriversSTM32\Debug\libDriversSTM32.a(BasicTimer.o)
 .debug_info    0x00000000000013df      0x4b0 C:\Users\ezque\STM32CubeIDE\workspace_1.9.0\DriversSTM32\Debug\libDriversSTM32.a(GPIOxDriver.o)
 .debug_info    0x000000000000188f      0x4cd C:\Users\ezque\STM32CubeIDE\workspace_1.9.0\DriversSTM32\Debug\libDriversSTM32.a(PwmDriver.o)
 .debug_info    0x0000000000001d5c      0x961 C:\Users\ezque\STM32CubeIDE\workspace_1.9.0\DriversSTM32\Debug\libDriversSTM32.a(USARTxDriver.o)

.debug_abbrev   0x0000000000000000      0x922
 .debug_abbrev  0x0000000000000000      0x175 ./Src/ServoMotorPwmMain.o
 .debug_abbrev  0x0000000000000175       0xbb ./Src/sysmem.o
 .debug_abbrev  0x0000000000000230       0x12 ./Startup/startup_stm32f411retx.o
 .debug_abbrev  0x0000000000000242      0x201 C:\Users\ezque\STM32CubeIDE\workspace_1.9.0\DriversSTM32\Debug\libDriversSTM32.a(BasicTimer.o)
 .debug_abbrev  0x0000000000000443      0x159 C:\Users\ezque\STM32CubeIDE\workspace_1.9.0\DriversSTM32\Debug\libDriversSTM32.a(GPIOxDriver.o)
 .debug_abbrev  0x000000000000059c      0x105 C:\Users\ezque\STM32CubeIDE\workspace_1.9.0\DriversSTM32\Debug\libDriversSTM32.a(PwmDriver.o)
 .debug_abbrev  0x00000000000006a1      0x281 C:\Users\ezque\STM32CubeIDE\workspace_1.9.0\DriversSTM32\Debug\libDriversSTM32.a(USARTxDriver.o)

.debug_aranges  0x0000000000000000      0x1e8
 .debug_aranges
                0x0000000000000000       0x40 ./Src/ServoMotorPwmMain.o
 .debug_aranges
                0x0000000000000040       0x20 ./Src/sysmem.o
 .debug_aranges
                0x0000000000000060       0x28 ./Startup/startup_stm32f411retx.o
 .debug_aranges
                0x0000000000000088       0x70 C:\Users\ezque\STM32CubeIDE\workspace_1.9.0\DriversSTM32\Debug\libDriversSTM32.a(BasicTimer.o)
 .debug_aranges
                0x00000000000000f8       0x30 C:\Users\ezque\STM32CubeIDE\workspace_1.9.0\DriversSTM32\Debug\libDriversSTM32.a(GPIOxDriver.o)
 .debug_aranges
                0x0000000000000128       0x28 C:\Users\ezque\STM32CubeIDE\workspace_1.9.0\DriversSTM32\Debug\libDriversSTM32.a(PwmDriver.o)
 .debug_aranges
                0x0000000000000150       0x98 C:\Users\ezque\STM32CubeIDE\workspace_1.9.0\DriversSTM32\Debug\libDriversSTM32.a(USARTxDriver.o)

.debug_ranges   0x0000000000000000      0x180
 .debug_ranges  0x0000000000000000       0x30 ./Src/ServoMotorPwmMain.o
 .debug_ranges  0x0000000000000030       0x10 ./Src/sysmem.o
 .debug_ranges  0x0000000000000040       0x20 ./Startup/startup_stm32f411retx.o
 .debug_ranges  0x0000000000000060       0x60 C:\Users\ezque\STM32CubeIDE\workspace_1.9.0\DriversSTM32\Debug\libDriversSTM32.a(BasicTimer.o)
 .debug_ranges  0x00000000000000c0       0x20 C:\Users\ezque\STM32CubeIDE\workspace_1.9.0\DriversSTM32\Debug\libDriversSTM32.a(GPIOxDriver.o)
 .debug_ranges  0x00000000000000e0       0x18 C:\Users\ezque\STM32CubeIDE\workspace_1.9.0\DriversSTM32\Debug\libDriversSTM32.a(PwmDriver.o)
 .debug_ranges  0x00000000000000f8       0x88 C:\Users\ezque\STM32CubeIDE\workspace_1.9.0\DriversSTM32\Debug\libDriversSTM32.a(USARTxDriver.o)

.debug_macro    0x0000000000000000     0xf66e
 .debug_macro   0x0000000000000000      0x2a2 ./Src/ServoMotorPwmMain.o
 .debug_macro   0x00000000000002a2      0xa7e ./Src/ServoMotorPwmMain.o
 .debug_macro   0x0000000000000d20       0x28 ./Src/ServoMotorPwmMain.o
 .debug_macro   0x0000000000000d48       0x28 ./Src/ServoMotorPwmMain.o
 .debug_macro   0x0000000000000d70       0x22 ./Src/ServoMotorPwmMain.o
 .debug_macro   0x0000000000000d92       0x8e ./Src/ServoMotorPwmMain.o
 .debug_macro   0x0000000000000e20       0x51 ./Src/ServoMotorPwmMain.o
 .debug_macro   0x0000000000000e71      0x103 ./Src/ServoMotorPwmMain.o
 .debug_macro   0x0000000000000f74       0x6a ./Src/ServoMotorPwmMain.o
 .debug_macro   0x0000000000000fde      0x1df ./Src/ServoMotorPwmMain.o
 .debug_macro   0x00000000000011bd       0x1c ./Src/ServoMotorPwmMain.o
 .debug_macro   0x00000000000011d9       0x22 ./Src/ServoMotorPwmMain.o
 .debug_macro   0x00000000000011fb       0xd9 ./Src/ServoMotorPwmMain.o
 .debug_macro   0x00000000000012d4     0x102d ./Src/ServoMotorPwmMain.o
 .debug_macro   0x0000000000002301      0x11f ./Src/ServoMotorPwmMain.o
 .debug_macro   0x0000000000002420     0xb953 ./Src/ServoMotorPwmMain.o
 .debug_macro   0x000000000000dd73       0x6d ./Src/ServoMotorPwmMain.o
 .debug_macro   0x000000000000dde0       0x52 ./Src/ServoMotorPwmMain.o
 .debug_macro   0x000000000000de32       0x18 ./Src/ServoMotorPwmMain.o
 .debug_macro   0x000000000000de4a       0x3c ./Src/ServoMotorPwmMain.o
 .debug_macro   0x000000000000de86       0x34 ./Src/ServoMotorPwmMain.o
 .debug_macro   0x000000000000deba       0x16 ./Src/ServoMotorPwmMain.o
 .debug_macro   0x000000000000ded0       0x97 ./Src/ServoMotorPwmMain.o
 .debug_macro   0x000000000000df67      0x341 ./Src/ServoMotorPwmMain.o
 .debug_macro   0x000000000000e2a8       0xfd ./Src/ServoMotorPwmMain.o
 .debug_macro   0x000000000000e3a5       0x10 ./Src/ServoMotorPwmMain.o
 .debug_macro   0x000000000000e3b5       0x16 ./Src/ServoMotorPwmMain.o
 .debug_macro   0x000000000000e3cb       0x43 ./Src/ServoMotorPwmMain.o
 .debug_macro   0x000000000000e40e       0x34 ./Src/ServoMotorPwmMain.o
 .debug_macro   0x000000000000e442       0x10 ./Src/ServoMotorPwmMain.o
 .debug_macro   0x000000000000e452       0x58 ./Src/ServoMotorPwmMain.o
 .debug_macro   0x000000000000e4aa       0x71 ./Src/ServoMotorPwmMain.o
 .debug_macro   0x000000000000e51b       0x1c ./Src/ServoMotorPwmMain.o
 .debug_macro   0x000000000000e537      0x12a ./Src/ServoMotorPwmMain.o
 .debug_macro   0x000000000000e661       0x10 ./Src/ServoMotorPwmMain.o
 .debug_macro   0x000000000000e671       0x1c ./Src/ServoMotorPwmMain.o
 .debug_macro   0x000000000000e68d       0x52 ./Src/ServoMotorPwmMain.o
 .debug_macro   0x000000000000e6df       0x22 ./Src/ServoMotorPwmMain.o
 .debug_macro   0x000000000000e701       0x10 ./Src/ServoMotorPwmMain.o
 .debug_macro   0x000000000000e711       0x52 ./Src/ServoMotorPwmMain.o
 .debug_macro   0x000000000000e763       0xd5 ./Src/ServoMotorPwmMain.o
 .debug_macro   0x000000000000e838       0x1c ./Src/ServoMotorPwmMain.o
 .debug_macro   0x000000000000e854       0x3d ./Src/ServoMotorPwmMain.o
 .debug_macro   0x000000000000e891       0x16 ./Src/ServoMotorPwmMain.o
 .debug_macro   0x000000000000e8a7      0x145 ./Src/ServoMotorPwmMain.o
 .debug_macro   0x000000000000e9ec       0x22 ./Src/ServoMotorPwmMain.o
 .debug_macro   0x000000000000ea0e       0x16 ./Src/ServoMotorPwmMain.o
 .debug_macro   0x000000000000ea24       0x35 ./Src/ServoMotorPwmMain.o
 .debug_macro   0x000000000000ea59       0x20 ./Src/ServoMotorPwmMain.o
 .debug_macro   0x000000000000ea79      0x11e ./Src/ServoMotorPwmMain.o
 .debug_macro   0x000000000000eb97       0x28 ./Src/ServoMotorPwmMain.o
 .debug_macro   0x000000000000ebbf       0xa0 ./Src/ServoMotorPwmMain.o
 .debug_macro   0x000000000000ec5f       0x2e ./Src/ServoMotorPwmMain.o
 .debug_macro   0x000000000000ec8d       0x88 ./Src/ServoMotorPwmMain.o
 .debug_macro   0x000000000000ed15       0xff ./Src/sysmem.o
 .debug_macro   0x000000000000ee14      0x23b ./Src/sysmem.o
 .debug_macro   0x000000000000f04f       0xdd C:\Users\ezque\STM32CubeIDE\workspace_1.9.0\DriversSTM32\Debug\libDriversSTM32.a(BasicTimer.o)
 .debug_macro   0x000000000000f12c       0x22 C:\Users\ezque\STM32CubeIDE\workspace_1.9.0\DriversSTM32\Debug\libDriversSTM32.a(BasicTimer.o)
 .debug_macro   0x000000000000f14e       0xdd C:\Users\ezque\STM32CubeIDE\workspace_1.9.0\DriversSTM32\Debug\libDriversSTM32.a(GPIOxDriver.o)
 .debug_macro   0x000000000000f22b      0x118 C:\Users\ezque\STM32CubeIDE\workspace_1.9.0\DriversSTM32\Debug\libDriversSTM32.a(GPIOxDriver.o)
 .debug_macro   0x000000000000f343       0xf0 C:\Users\ezque\STM32CubeIDE\workspace_1.9.0\DriversSTM32\Debug\libDriversSTM32.a(PwmDriver.o)
 .debug_macro   0x000000000000f433      0x23b C:\Users\ezque\STM32CubeIDE\workspace_1.9.0\DriversSTM32\Debug\libDriversSTM32.a(USARTxDriver.o)

.debug_line     0x0000000000000000     0x2ce6
 .debug_line    0x0000000000000000      0x8a0 ./Src/ServoMotorPwmMain.o
 .debug_line    0x00000000000008a0      0x4e0 ./Src/sysmem.o
 .debug_line    0x0000000000000d80       0x84 ./Startup/startup_stm32f411retx.o
 .debug_line    0x0000000000000e04      0x6c4 C:\Users\ezque\STM32CubeIDE\workspace_1.9.0\DriversSTM32\Debug\libDriversSTM32.a(BasicTimer.o)
 .debug_line    0x00000000000014c8      0x690 C:\Users\ezque\STM32CubeIDE\workspace_1.9.0\DriversSTM32\Debug\libDriversSTM32.a(GPIOxDriver.o)
 .debug_line    0x0000000000001b58      0x65d C:\Users\ezque\STM32CubeIDE\workspace_1.9.0\DriversSTM32\Debug\libDriversSTM32.a(PwmDriver.o)
 .debug_line    0x00000000000021b5      0xb31 C:\Users\ezque\STM32CubeIDE\workspace_1.9.0\DriversSTM32\Debug\libDriversSTM32.a(USARTxDriver.o)

.debug_str      0x0000000000000000    0x54fab
 .debug_str     0x0000000000000000    0x542df ./Src/ServoMotorPwmMain.o
                                      0x544db (size before relaxing)
 .debug_str     0x00000000000542df      0x4d5 ./Src/sysmem.o
                                       0x5d7e (size before relaxing)
 .debug_str     0x00000000000547b4       0x31 ./Startup/startup_stm32f411retx.o
                                         0x71 (size before relaxing)
 .debug_str     0x00000000000547e5      0x632 C:\Users\ezque\STM32CubeIDE\workspace_1.9.0\DriversSTM32\Debug\libDriversSTM32.a(BasicTimer.o)
                                      0x5012f (size before relaxing)
 .debug_str     0x0000000000054e17       0x77 C:\Users\ezque\STM32CubeIDE\workspace_1.9.0\DriversSTM32\Debug\libDriversSTM32.a(GPIOxDriver.o)
                                      0x4fe5d (size before relaxing)
 .debug_str     0x0000000000054e8e       0x26 C:\Users\ezque\STM32CubeIDE\workspace_1.9.0\DriversSTM32\Debug\libDriversSTM32.a(PwmDriver.o)
                                      0x4fc62 (size before relaxing)
 .debug_str     0x0000000000054eb4       0xf7 C:\Users\ezque\STM32CubeIDE\workspace_1.9.0\DriversSTM32\Debug\libDriversSTM32.a(USARTxDriver.o)
                                      0x54333 (size before relaxing)

.comment        0x0000000000000000       0x50
 .comment       0x0000000000000000       0x50 ./Src/ServoMotorPwmMain.o
                                         0x51 (size before relaxing)
 .comment       0x0000000000000050       0x51 ./Src/sysmem.o
 .comment       0x0000000000000050       0x51 C:\Users\ezque\STM32CubeIDE\workspace_1.9.0\DriversSTM32\Debug\libDriversSTM32.a(BasicTimer.o)
 .comment       0x0000000000000050       0x51 C:\Users\ezque\STM32CubeIDE\workspace_1.9.0\DriversSTM32\Debug\libDriversSTM32.a(GPIOxDriver.o)
 .comment       0x0000000000000050       0x51 C:\Users\ezque\STM32CubeIDE\workspace_1.9.0\DriversSTM32\Debug\libDriversSTM32.a(PwmDriver.o)
 .comment       0x0000000000000050       0x51 C:\Users\ezque\STM32CubeIDE\workspace_1.9.0\DriversSTM32\Debug\libDriversSTM32.a(USARTxDriver.o)

.debug_frame    0x0000000000000000      0x9b8
 .debug_frame   0x0000000000000000       0xa4 ./Src/ServoMotorPwmMain.o
 .debug_frame   0x00000000000000a4       0x34 ./Src/sysmem.o
 .debug_frame   0x00000000000000d8      0x188 C:\Users\ezque\STM32CubeIDE\workspace_1.9.0\DriversSTM32\Debug\libDriversSTM32.a(BasicTimer.o)
 .debug_frame   0x0000000000000260       0x88 C:\Users\ezque\STM32CubeIDE\workspace_1.9.0\DriversSTM32\Debug\libDriversSTM32.a(GPIOxDriver.o)
 .debug_frame   0x00000000000002e8       0x60 C:\Users\ezque\STM32CubeIDE\workspace_1.9.0\DriversSTM32\Debug\libDriversSTM32.a(PwmDriver.o)
 .debug_frame   0x0000000000000348      0x230 C:\Users\ezque\STM32CubeIDE\workspace_1.9.0\DriversSTM32\Debug\libDriversSTM32.a(USARTxDriver.o)
 .debug_frame   0x0000000000000578       0x20 c:/st/stm32cubeide_1.9.0/stm32cubeide/plugins/com.st.stm32cube.ide.mcu.externaltools.gnu-tools-for-stm32.10.3-2021.10.win32_1.0.0.202111181127/tools/bin/../lib/gcc/arm-none-eabi/10.3.1/../../../../arm-none-eabi/lib/thumb/v7e-m/nofp\libc_nano.a(lib_a-errno.o)
 .debug_frame   0x0000000000000598       0x2c c:/st/stm32cubeide_1.9.0/stm32cubeide/plugins/com.st.stm32cube.ide.mcu.externaltools.gnu-tools-for-stm32.10.3-2021.10.win32_1.0.0.202111181127/tools/bin/../lib/gcc/arm-none-eabi/10.3.1/../../../../arm-none-eabi/lib/thumb/v7e-m/nofp\libc_nano.a(lib_a-init.o)
 .debug_frame   0x00000000000005c4       0x6c c:/st/stm32cubeide_1.9.0/stm32cubeide/plugins/com.st.stm32cube.ide.mcu.externaltools.gnu-tools-for-stm32.10.3-2021.10.win32_1.0.0.202111181127/tools/bin/../lib/gcc/arm-none-eabi/10.3.1/../../../../arm-none-eabi/lib/thumb/v7e-m/nofp\libc_nano.a(lib_a-sprintf.o)
 .debug_frame   0x0000000000000630       0x90 c:/st/stm32cubeide_1.9.0/stm32cubeide/plugins/com.st.stm32cube.ide.mcu.externaltools.gnu-tools-for-stm32.10.3-2021.10.win32_1.0.0.202111181127/tools/bin/../lib/gcc/arm-none-eabi/10.3.1/../../../../arm-none-eabi/lib/thumb/v7e-m/nofp\libc_nano.a(lib_a-nano-svfprintf.o)
 .debug_frame   0x00000000000006c0       0x60 c:/st/stm32cubeide_1.9.0/stm32cubeide/plugins/com.st.stm32cube.ide.mcu.externaltools.gnu-tools-for-stm32.10.3-2021.10.win32_1.0.0.202111181127/tools/bin/../lib/gcc/arm-none-eabi/10.3.1/../../../../arm-none-eabi/lib/thumb/v7e-m/nofp\libc_nano.a(lib_a-nano-vfprintf_i.o)
 .debug_frame   0x0000000000000720       0x28 c:/st/stm32cubeide_1.9.0/stm32cubeide/plugins/com.st.stm32cube.ide.mcu.externaltools.gnu-tools-for-stm32.10.3-2021.10.win32_1.0.0.202111181127/tools/bin/../lib/gcc/arm-none-eabi/10.3.1/../../../../arm-none-eabi/lib/thumb/v7e-m/nofp\libc_nano.a(lib_a-memcpy-stub.o)
 .debug_frame   0x0000000000000748       0x28 c:/st/stm32cubeide_1.9.0/stm32cubeide/plugins/com.st.stm32cube.ide.mcu.externaltools.gnu-tools-for-stm32.10.3-2021.10.win32_1.0.0.202111181127/tools/bin/../lib/gcc/arm-none-eabi/10.3.1/../../../../arm-none-eabi/lib/thumb/v7e-m/nofp\libc_nano.a(lib_a-memmove.o)
 .debug_frame   0x0000000000000770       0x38 c:/st/stm32cubeide_1.9.0/stm32cubeide/plugins/com.st.stm32cube.ide.mcu.externaltools.gnu-tools-for-stm32.10.3-2021.10.win32_1.0.0.202111181127/tools/bin/../lib/gcc/arm-none-eabi/10.3.1/../../../../arm-none-eabi/lib/thumb/v7e-m/nofp\libc_nano.a(lib_a-nano-freer.o)
 .debug_frame   0x00000000000007a8       0x4c c:/st/stm32cubeide_1.9.0/stm32cubeide/plugins/com.st.stm32cube.ide.mcu.externaltools.gnu-tools-for-stm32.10.3-2021.10.win32_1.0.0.202111181127/tools/bin/../lib/gcc/arm-none-eabi/10.3.1/../../../../arm-none-eabi/lib/thumb/v7e-m/nofp\libc_nano.a(lib_a-nano-mallocr.o)
 .debug_frame   0x00000000000007f4       0x3c c:/st/stm32cubeide_1.9.0/stm32cubeide/plugins/com.st.stm32cube.ide.mcu.externaltools.gnu-tools-for-stm32.10.3-2021.10.win32_1.0.0.202111181127/tools/bin/../lib/gcc/arm-none-eabi/10.3.1/../../../../arm-none-eabi/lib/thumb/v7e-m/nofp\libc_nano.a(lib_a-nano-reallocr.o)
 .debug_frame   0x0000000000000830       0x2c c:/st/stm32cubeide_1.9.0/stm32cubeide/plugins/com.st.stm32cube.ide.mcu.externaltools.gnu-tools-for-stm32.10.3-2021.10.win32_1.0.0.202111181127/tools/bin/../lib/gcc/arm-none-eabi/10.3.1/../../../../arm-none-eabi/lib/thumb/v7e-m/nofp\libc_nano.a(lib_a-sbrkr.o)
 .debug_frame   0x000000000000085c       0x30 c:/st/stm32cubeide_1.9.0/stm32cubeide/plugins/com.st.stm32cube.ide.mcu.externaltools.gnu-tools-for-stm32.10.3-2021.10.win32_1.0.0.202111181127/tools/bin/../lib/gcc/arm-none-eabi/10.3.1/../../../../arm-none-eabi/lib/thumb/v7e-m/nofp\libc_nano.a(lib_a-mlock.o)
 .debug_frame   0x000000000000088c       0x20 c:/st/stm32cubeide_1.9.0/stm32cubeide/plugins/com.st.stm32cube.ide.mcu.externaltools.gnu-tools-for-stm32.10.3-2021.10.win32_1.0.0.202111181127/tools/bin/../lib/gcc/arm-none-eabi/10.3.1/../../../../arm-none-eabi/lib/thumb/v7e-m/nofp\libc_nano.a(lib_a-nano-msizer.o)
 .debug_frame   0x00000000000008ac       0x5c c:/st/stm32cubeide_1.9.0/stm32cubeide/plugins/com.st.stm32cube.ide.mcu.externaltools.gnu-tools-for-stm32.10.3-2021.10.win32_1.0.0.202111181127/tools/bin/../lib/gcc/arm-none-eabi/10.3.1/../../../../arm-none-eabi/lib/thumb/v7e-m/nofp\libc_nano.a(lib_a-reent.o)
 .debug_frame   0x0000000000000908       0xb0 c:/st/stm32cubeide_1.9.0/stm32cubeide/plugins/com.st.stm32cube.ide.mcu.externaltools.gnu-tools-for-stm32.10.3-2021.10.win32_1.0.0.202111181127/tools/bin/../lib/gcc/arm-none-eabi/10.3.1/../../../../arm-none-eabi/lib/thumb/v7e-m/nofp\libc_nano.a(lib_a-lock.o)
