../FATFS/Target/bsp_driver_sd.c:48:16:BSP_SD_Init	16	static
../FATFS/Target/bsp_driver_sd.c:79:16:BSP_SD_ITConfig	4	static
../FATFS/Target/bsp_driver_sd.c:88:13:BSP_SD_DetectIT	4	static
../FATFS/Target/bsp_driver_sd.c:105:16:BSP_SD_ReadBlocks	40	static
../FATFS/Target/bsp_driver_sd.c:128:16:BSP_SD_WriteBlocks	40	static
../FATFS/Target/bsp_driver_sd.c:150:9:BSP_SD_ReadBlocks_DMA	40	static
../FATFS/Target/bsp_driver_sd.c:185:9:BSP_SD_WriteBlocks_DMA	40	static
../FATFS/Target/bsp_driver_sd.c:219:16:BSP_SD_Erase	24	static
../FATFS/Target/bsp_driver_sd.c:239:16:BSP_SD_GetCardState	8	static
../FATFS/Target/bsp_driver_sd.c:249:13:BSP_SD_GetCardInfo	16	static
../FATFS/Target/bsp_driver_sd.c:263:6:HAL_SD_AbortCallback	16	static
../FATFS/Target/bsp_driver_sd.c:273:6:HAL_SD_TxCpltCallback	16	static
../FATFS/Target/bsp_driver_sd.c:283:6:HAL_SD_RxCpltCallback	16	static
../FATFS/Target/bsp_driver_sd.c:294:13:BSP_SD_AbortCallback	4	static
../FATFS/Target/bsp_driver_sd.c:304:13:BSP_SD_WriteCpltCallback	4	static
../FATFS/Target/bsp_driver_sd.c:314:13:BSP_SD_ReadCpltCallback	4	static
../FATFS/Target/bsp_driver_sd.c:326:16:BSP_SD_IsDetected	16	static
