Archive member included to satisfy reference by file (symbol)

C:\Users\ezque\STM32CubeIDE\workspace_1.9.0\DriversSTM32\Debug\libDriversSTM32.a(BasicTimer.o)
                              ./Src/CmdUsartMain.o (BTimer_Config)
C:\Users\ezque\STM32CubeIDE\workspace_1.9.0\DriversSTM32\Debug\libDriversSTM32.a(GPIOxDriver.o)
                              ./Src/CmdUsartMain.o (GPIO_Config)
C:\Users\ezque\STM32CubeIDE\workspace_1.9.0\DriversSTM32\Debug\libDriversSTM32.a(USARTxDriver.o)
                              ./Src/CmdUsartMain.o (USART_Config)
c:/st/stm32cubeide_1.9.0/stm32cubeide/plugins/com.st.stm32cube.ide.mcu.externaltools.gnu-tools-for-stm32.10.3-2021.10.win32_1.0.0.202111181127/tools/bin/../lib/gcc/arm-none-eabi/10.3.1/../../../../arm-none-eabi/lib/thumb/v7e-m/nofp\libc_nano.a(lib_a-errno.o)
                              ./Src/syscalls.o (__errno)
c:/st/stm32cubeide_1.9.0/stm32cubeide/plugins/com.st.stm32cube.ide.mcu.externaltools.gnu-tools-for-stm32.10.3-2021.10.win32_1.0.0.202111181127/tools/bin/../lib/gcc/arm-none-eabi/10.3.1/../../../../arm-none-eabi/lib/thumb/v7e-m/nofp\libc_nano.a(lib_a-exit.o)
                              c:/st/stm32cubeide_1.9.0/stm32cubeide/plugins/com.st.stm32cube.ide.mcu.externaltools.gnu-tools-for-stm32.10.3-2021.10.win32_1.0.0.202111181127/tools/bin/../lib/gcc/arm-none-eabi/10.3.1/../../../../arm-none-eabi/lib/thumb/v7e-m/nofp/crt0.o (exit)
c:/st/stm32cubeide_1.9.0/stm32cubeide/plugins/com.st.stm32cube.ide.mcu.externaltools.gnu-tools-for-stm32.10.3-2021.10.win32_1.0.0.202111181127/tools/bin/../lib/gcc/arm-none-eabi/10.3.1/../../../../arm-none-eabi/lib/thumb/v7e-m/nofp\libc_nano.a(lib_a-impure.o)
                              c:/st/stm32cubeide_1.9.0/stm32cubeide/plugins/com.st.stm32cube.ide.mcu.externaltools.gnu-tools-for-stm32.10.3-2021.10.win32_1.0.0.202111181127/tools/bin/../lib/gcc/arm-none-eabi/10.3.1/../../../../arm-none-eabi/lib/thumb/v7e-m/nofp\libc_nano.a(lib_a-exit.o) (_global_impure_ptr)
c:/st/stm32cubeide_1.9.0/stm32cubeide/plugins/com.st.stm32cube.ide.mcu.externaltools.gnu-tools-for-stm32.10.3-2021.10.win32_1.0.0.202111181127/tools/bin/../lib/gcc/arm-none-eabi/10.3.1/../../../../arm-none-eabi/lib/thumb/v7e-m/nofp\libc_nano.a(lib_a-init.o)
                              c:/st/stm32cubeide_1.9.0/stm32cubeide/plugins/com.st.stm32cube.ide.mcu.externaltools.gnu-tools-for-stm32.10.3-2021.10.win32_1.0.0.202111181127/tools/bin/../lib/gcc/arm-none-eabi/10.3.1/../../../../arm-none-eabi/lib/thumb/v7e-m/nofp/crt0.o (__libc_init_array)
c:/st/stm32cubeide_1.9.0/stm32cubeide/plugins/com.st.stm32cube.ide.mcu.externaltools.gnu-tools-for-stm32.10.3-2021.10.win32_1.0.0.202111181127/tools/bin/../lib/gcc/arm-none-eabi/10.3.1/../../../../arm-none-eabi/lib/thumb/v7e-m/nofp\libc_nano.a(lib_a-memset.o)
                              c:/st/stm32cubeide_1.9.0/stm32cubeide/plugins/com.st.stm32cube.ide.mcu.externaltools.gnu-tools-for-stm32.10.3-2021.10.win32_1.0.0.202111181127/tools/bin/../lib/gcc/arm-none-eabi/10.3.1/../../../../arm-none-eabi/lib/thumb/v7e-m/nofp/crt0.o (memset)
c:/st/stm32cubeide_1.9.0/stm32cubeide/plugins/com.st.stm32cube.ide.mcu.externaltools.gnu-tools-for-stm32.10.3-2021.10.win32_1.0.0.202111181127/tools/bin/../lib/gcc/arm-none-eabi/10.3.1/../../../../arm-none-eabi/lib/thumb/v7e-m/nofp\libc_nano.a(lib_a-sprintf.o)
                              ./Src/CmdUsartMain.o (sprintf)
c:/st/stm32cubeide_1.9.0/stm32cubeide/plugins/com.st.stm32cube.ide.mcu.externaltools.gnu-tools-for-stm32.10.3-2021.10.win32_1.0.0.202111181127/tools/bin/../lib/gcc/arm-none-eabi/10.3.1/../../../../arm-none-eabi/lib/thumb/v7e-m/nofp\libc_nano.a(lib_a-sscanf.o)
                              ./Src/CmdUsartMain.o (sscanf)
c:/st/stm32cubeide_1.9.0/stm32cubeide/plugins/com.st.stm32cube.ide.mcu.externaltools.gnu-tools-for-stm32.10.3-2021.10.win32_1.0.0.202111181127/tools/bin/../lib/gcc/arm-none-eabi/10.3.1/../../../../arm-none-eabi/lib/thumb/v7e-m/nofp\libc_nano.a(lib_a-stdio.o)
                              c:/st/stm32cubeide_1.9.0/stm32cubeide/plugins/com.st.stm32cube.ide.mcu.externaltools.gnu-tools-for-stm32.10.3-2021.10.win32_1.0.0.202111181127/tools/bin/../lib/gcc/arm-none-eabi/10.3.1/../../../../arm-none-eabi/lib/thumb/v7e-m/nofp\libc_nano.a(lib_a-sscanf.o) (__seofread)
c:/st/stm32cubeide_1.9.0/stm32cubeide/plugins/com.st.stm32cube.ide.mcu.externaltools.gnu-tools-for-stm32.10.3-2021.10.win32_1.0.0.202111181127/tools/bin/../lib/gcc/arm-none-eabi/10.3.1/../../../../arm-none-eabi/lib/thumb/v7e-m/nofp\libc_nano.a(lib_a-strcmp.o)
                              ./Src/CmdUsartMain.o (strcmp)
c:/st/stm32cubeide_1.9.0/stm32cubeide/plugins/com.st.stm32cube.ide.mcu.externaltools.gnu-tools-for-stm32.10.3-2021.10.win32_1.0.0.202111181127/tools/bin/../lib/gcc/arm-none-eabi/10.3.1/../../../../arm-none-eabi/lib/thumb/v7e-m/nofp\libc_nano.a(lib_a-strlen.o)
[...]
Memory Configuration

Name             Origin             Length             Attributes
RAM              0x0000000020000000 0x0000000000020000 xrw
FLASH            0x0000000008000000 0x0000000000080000 xr
*default*        0x0000000000000000 0xffffffffffffffff

Linker script and memory map

LOAD c:/st/stm32cubeide_1.9.0/stm32cubeide/plugins/com.st.stm32cube.ide.mcu.externaltools.gnu-tools-for-stm32.10.3-2021.10.win32_1.0.0.202111181127/tools/bin/../lib/gcc/arm-none-eabi/10.3.1/thumb/v7e-m/nofp/crti.o
LOAD c:/st/stm32cubeide_1.9.0/stm32cubeide/plugins/com.st.stm32cube.ide.mcu.externaltools.gnu-tools-for-stm32.10.3-2021.10.win32_1.0.0.202111181127/tools/bin/../lib/gcc/arm-none-eabi/10.3.1/thumb/v7e-m/nofp/crtbegin.o
LOAD c:/st/stm32cubeide_1.9.0/stm32cubeide/plugins/com.st.stm32cube.ide.mcu.externaltools.gnu-tools-for-stm32.10.3-2021.10.win32_1.0.0.202111181127/tools/bin/../lib/gcc/arm-none-eabi/10.3.1/../../../../arm-none-eabi/lib/thumb/v7e-m/nofp/crt0.o
LOAD ./Src/CmdUsartMain.o
LOAD ./Src/syscalls.o
LOAD ./Src/sysmem.o
LOAD ./Startup/startup_stm32f411retx.o
LOAD C:\Users\ezque\STM32CubeIDE\workspace_1.9.0\DriversSTM32\Debug\libDriversSTM32.a
START GROUP
LOAD c:/st/stm32cubeide_1.9.0/stm32cubeide/plugins/com.st.stm32cube.ide.mcu.externaltools.gnu-tools-for-stm32.10.3-2021.10.win32_1.0.0.202111181127/tools/bin/../lib/gcc/arm-none-eabi/10.3.1/../../../../arm-none-eabi/lib/thumb/v7e-m/nofp\libc_nano.a
LOAD c:/st/stm32cubeide_1.9.0/stm32cubeide/plugins/com.st.stm32cube.ide.mcu.externaltools.gnu-tools-for-stm32.10.3-2021.10.win32_1.0.0.202111181127/tools/bin/../lib/gcc/arm-none-eabi/10.3.1/../../../../arm-none-eabi/lib/thumb/v7e-m/nofp\libm.a
END GROUP
START GROUP
LOAD c:/st/stm32cubeide_1.9.0/stm32cubeide/plugins/com.st.stm32cube.ide.mcu.externaltools.gnu-tools-for-stm32.10.3-2021.10.win32_1.0.0.202111181127/tools/bin/../lib/gcc/arm-none-eabi/10.3.1/thumb/v7e-m/nofp\libgcc.a
LOAD c:/st/stm32cubeide_1.9.0/stm32cubeide/plugins/com.st.stm32cube.ide.mcu.externaltools.gnu-tools-for-stm32.10.3-2021.10.win32_1.0.0.202111181127/tools/bin/../lib/gcc/arm-none-eabi/10.3.1/../../../../arm-none-eabi/lib/thumb/v7e-m/nofp\libc_nano.a
END GROUP
START GROUP
LOAD c:/st/stm32cubeide_1.9.0/stm32cubeide/plugins/com.st.stm32cube.ide.mcu.externaltools.gnu-tools-for-stm32.10.3-2021.10.win32_1.0.0.202111181127/tools/bin/../lib/gcc/arm-none-eabi/10.3.1/thumb/v7e-m/nofp\libgcc.a
LOAD c:/st/stm32cubeide_1.9.0/stm32cubeide/plugins/com.st.stm32cube.ide.mcu.externaltools.gnu-tools-for-stm32.10.3-2021.10.win32_1.0.0.202111181127/tools/bin/../lib/gcc/arm-none-eabi/10.3.1/../../../../arm-none-eabi/lib/thumb/v7e-m/nofp\libc_nano.a
LOAD c:/st/stm32cubeide_1.9.0/stm32cubeide/plugins/com.st.stm32cube.ide.mcu.externaltools.gnu-tools-for-stm32.10.3-2021.10.win32_1.0.0.202111181127/tools/bin/../lib/gcc/arm-none-eabi/10.3.1/../../../../arm-none-eabi/lib/thumb/v7e-m/nofp\libnosys.a
END GROUP
START GROUP
LOAD c:/st/stm32cubeide_1.9.0/stm32cubeide/plugins/com.st.stm32cube.ide.mcu.externaltools.gnu-tools-for-stm32.10.3-2021.10.win32_1.0.0.202111181127/tools/bin/../lib/gcc/arm-none-eabi/10.3.1/thumb/v7e-m/nofp\libgcc.a
LOAD c:/st/stm32cubeide_1.9.0/stm32cubeide/plugins/com.st.stm32cube.ide.mcu.externaltools.gnu-tools-for-stm32.10.3-2021.10.win32_1.0.0.202111181127/tools/bin/../lib/gcc/arm-none-eabi/10.3.1/../../../../arm-none-eabi/lib/thumb/v7e-m/nofp\libc_nano.a
LOAD c:/st/stm32cubeide_1.9.0/stm32cubeide/plugins/com.st.stm32cube.ide.mcu.externaltools.gnu-tools-for-stm32.10.3-2021.10.win32_1.0.0.202111181127/tools/bin/../lib/gcc/arm-none-eabi/10.3.1/../../../../arm-none-eabi/lib/thumb/v7e-m/nofp\libnosys.a
END GROUP
LOAD c:/st/stm32cubeide_1.9.0/stm32cubeide/plugins/com.st.stm32cube.ide.mcu.externaltools.gnu-tools-for-stm32.10.3-2021.10.win32_1.0.0.202111181127/tools/bin/../lib/gcc/arm-none-eabi/10.3.1/thumb/v7e-m/nofp/crtend.o
LOAD c:/st/stm32cubeide_1.9.0/stm32cubeide/plugins/com.st.stm32cube.ide.mcu.externaltools.gnu-tools-for-stm32.10.3-2021.10.win32_1.0.0.202111181127/tools/bin/../lib/gcc/arm-none-eabi/10.3.1/thumb/v7e-m/nofp/crtn.o
                0x0000000020020000                _estack = (ORIGIN (RAM) + LENGTH (RAM))
                0x0000000000000200                _Min_Heap_Size = 0x200
                0x0000000000000400                _Min_Stack_Size = 0x400

.isr_vector     0x0000000008000000      0x198
                0x0000000008000000                . = ALIGN (0x4)
 *(.isr_vector)
 .isr_vector    0x0000000008000000      0x198 ./Startup/startup_stm32f411retx.o
                0x0000000008000000                g_pfnVectors
                0x0000000008000198                . = ALIGN (0x4)

.text           0x00000000080001a0     0x21c4
                0x00000000080001a0                . = ALIGN (0x4)
 *(.text)
 .text          0x00000000080001a0       0x40 c:/st/stm32cubeide_1.9.0/stm32cubeide/plugins/com.st.stm32cube.ide.mcu.externaltools.gnu-tools-for-stm32.10.3-2021.10.win32_1.0.0.202111181127/tools/bin/../lib/gcc/arm-none-eabi/10.3.1/thumb/v7e-m/nofp/crtbegin.o
 .text          0x00000000080001e0       0x14 c:/st/stm32cubeide_1.9.0/stm32cubeide/plugins/com.st.stm32cube.ide.mcu.externaltools.gnu-tools-for-stm32.10.3-2021.10.win32_1.0.0.202111181127/tools/bin/../lib/gcc/arm-none-eabi/10.3.1/../../../../arm-none-eabi/lib/thumb/v7e-m/nofp\libc_nano.a(lib_a-strcmp.o)
                0x00000000080001e0                strcmp
 .text          0x00000000080001f4       0x10 c:/st/stm32cubeide_1.9.0/stm32cubeide/plugins/com.st.stm32cube.ide.mcu.externaltools.gnu-tools-for-stm32.10.3-2021.10.win32_1.0.0.202111181127/tools/bin/../lib/gcc/arm-none-eabi/10.3.1/../../../../arm-none-eabi/lib/thumb/v7e-m/nofp\libc_nano.a(lib_a-strlen.o)
                0x00000000080001f4                strlen
 *fill*         0x0000000008000204        0xc 
 .text          0x0000000008000210       0xa0 c:/st/stm32cubeide_1.9.0/stm32cubeide/plugins/com.st.stm32cube.ide.mcu.externaltools.gnu-tools-for-stm32.10.3-2021.10.win32_1.0.0.202111181127/tools/bin/../lib/gcc/arm-none-eabi/10.3.1/../../../../arm-none-eabi/lib/thumb/v7e-m/nofp\libc_nano.a(lib_a-memchr.o)
                0x0000000008000210                memchr
 *(.text*)
 .text.main     0x00000000080002b0       0x78 ./Src/CmdUsartMain.o
                0x00000000080002b0                main
 .text.initSystem
                0x0000000008000328      0x108 ./Src/CmdUsartMain.o
                0x0000000008000328                initSystem
 .text.BTimer2_Callback
                0x0000000008000430       0x20 ./Src/CmdUsartMain.o
                0x0000000008000430                BTimer2_Callback
 .text.Usart1_RX_Callback
                0x0000000008000450       0x18 ./Src/CmdUsartMain.o
                0x0000000008000450                Usart1_RX_Callback
 .text.Usart1_TX_Callback
                0x0000000008000468        0xe ./Src/CmdUsartMain.o
                0x0000000008000468                Usart1_TX_Callback
 *fill*         0x0000000008000476        0x2 
 .text.parseCommands
                0x0000000008000478      0x160 ./Src/CmdUsartMain.o
                0x0000000008000478                parseCommands
 .text.setPeriod
                0x00000000080005d8       0x20 ./Src/CmdUsartMain.o
                0x00000000080005d8                setPeriod
 .text._sbrk    0x00000000080005f8       0x6c ./Src/sysmem.o
                0x00000000080005f8                _sbrk
 .text.Reset_Handler
                0x0000000008000664       0x50 ./Startup/startup_stm32f411retx.o
                0x0000000008000664                Reset_Handler
 .text.Default_Handler
                0x00000000080006b4        0x2 ./Startup/startup_stm32f411retx.o
                0x00000000080006b4                RTC_Alarm_IRQHandler
                0x00000000080006b4                EXTI2_IRQHandler
                0x00000000080006b4                DebugMon_Handler
                0x00000000080006b4                SPI4_IRQHandler
                0x00000000080006b4                TIM1_CC_IRQHandler
                0x00000000080006b4                DMA2_Stream5_IRQHandler
                0x00000000080006b4                HardFault_Handler
                0x00000000080006b4                DMA1_Stream5_IRQHandler
                0x00000000080006b4                SysTick_Handler
                0x00000000080006b4                PVD_IRQHandler
                0x00000000080006b4                SDIO_IRQHandler
                0x00000000080006b4                TAMP_STAMP_IRQHandler
                0x00000000080006b4                PendSV_Handler
                0x00000000080006b4                NMI_Handler
                0x00000000080006b4                EXTI3_IRQHandler
                0x00000000080006b4                TIM1_UP_TIM10_IRQHandler
                0x00000000080006b4                I2C3_ER_IRQHandler
                0x00000000080006b4                EXTI0_IRQHandler
                0x00000000080006b4                I2C2_EV_IRQHandler
                0x00000000080006b4                DMA1_Stream2_IRQHandler
                0x00000000080006b4                FPU_IRQHandler
                0x00000000080006b4                UsageFault_Handler
                0x00000000080006b4                DMA2_Stream2_IRQHandler
                0x00000000080006b4                SPI1_IRQHandler
                0x00000000080006b4                TIM1_BRK_TIM9_IRQHandler
                0x00000000080006b4                DMA2_Stream3_IRQHandler
                0x00000000080006b4                DMA2_Stream0_IRQHandler
                0x00000000080006b4                I2C1_EV_IRQHandler
                0x00000000080006b4                DMA1_Stream6_IRQHandler
                0x00000000080006b4                DMA1_Stream1_IRQHandler
                0x00000000080006b4                RCC_IRQHandler
                0x00000000080006b4                Default_Handler
                0x00000000080006b4                EXTI15_10_IRQHandler
                0x00000000080006b4                ADC_IRQHandler
                0x00000000080006b4                DMA1_Stream7_IRQHandler
                0x00000000080006b4                SPI5_IRQHandler
                0x00000000080006b4                TIM5_IRQHandler
                0x00000000080006b4                DMA2_Stream7_IRQHandler
                0x00000000080006b4                I2C3_EV_IRQHandler
                0x00000000080006b4                EXTI9_5_IRQHandler
                0x00000000080006b4                RTC_WKUP_IRQHandler
                0x00000000080006b4                SPI2_IRQHandler
                0x00000000080006b4                MemManage_Handler
                0x00000000080006b4                DMA1_Stream0_IRQHandler
                0x00000000080006b4                SVC_Handler
                0x00000000080006b4                EXTI4_IRQHandler
                0x00000000080006b4                WWDG_IRQHandler
                0x00000000080006b4                OTG_FS_WKUP_IRQHandler
                0x00000000080006b4                TIM1_TRG_COM_TIM11_IRQHandler
                0x00000000080006b4                EXTI1_IRQHandler
                0x00000000080006b4                I2C2_ER_IRQHandler
                0x00000000080006b4                DMA2_Stream1_IRQHandler
                0x00000000080006b4                FLASH_IRQHandler
                0x00000000080006b4                DMA2_Stream4_IRQHandler
                0x00000000080006b4                BusFault_Handler
                0x00000000080006b4                OTG_FS_IRQHandler
                0x00000000080006b4                SPI3_IRQHandler
                0x00000000080006b4                DMA1_Stream4_IRQHandler
                0x00000000080006b4                I2C1_ER_IRQHandler
                0x00000000080006b4                DMA2_Stream6_IRQHandler
                0x00000000080006b4                DMA1_Stream3_IRQHandler
 *fill*         0x00000000080006b6        0x2 
 .text.__NVIC_EnableIRQ
                0x00000000080006b8       0x38 C:\Users\ezque\STM32CubeIDE\workspace_1.9.0\DriversSTM32\Debug\libDriversSTM32.a(BasicTimer.o)
 .text.__NVIC_SetPriority
                0x00000000080006f0       0x54 C:\Users\ezque\STM32CubeIDE\workspace_1.9.0\DriversSTM32\Debug\libDriversSTM32.a(BasicTimer.o)
 .text.BTimer_Config
                0x0000000008000744      0x138 C:\Users\ezque\STM32CubeIDE\workspace_1.9.0\DriversSTM32\Debug\libDriversSTM32.a(BasicTimer.o)
                0x0000000008000744                BTimer_Config
 .text.BTimer3_Callback
                0x000000000800087c        0xe C:\Users\ezque\STM32CubeIDE\workspace_1.9.0\DriversSTM32\Debug\libDriversSTM32.a(BasicTimer.o)
                0x000000000800087c                BTimer3_Callback
 .text.BTimer4_Callback
                0x000000000800088a        0xe C:\Users\ezque\STM32CubeIDE\workspace_1.9.0\DriversSTM32\Debug\libDriversSTM32.a(BasicTimer.o)
                0x000000000800088a                BTimer4_Callback
 .text.TIM2_IRQHandler
                0x0000000008000898       0x1c C:\Users\ezque\STM32CubeIDE\workspace_1.9.0\DriversSTM32\Debug\libDriversSTM32.a(BasicTimer.o)
                0x0000000008000898                TIM2_IRQHandler
 .text.TIM3_IRQHandler
                0x00000000080008b4       0x1c C:\Users\ezque\STM32CubeIDE\workspace_1.9.0\DriversSTM32\Debug\libDriversSTM32.a(BasicTimer.o)
                0x00000000080008b4                TIM3_IRQHandler
 .text.TIM4_IRQHandler
                0x00000000080008d0       0x1c C:\Users\ezque\STM32CubeIDE\workspace_1.9.0\DriversSTM32\Debug\libDriversSTM32.a(BasicTimer.o)
                0x00000000080008d0                TIM4_IRQHandler
 .text.GPIO_Config
                0x00000000080008ec      0x250 C:\Users\ezque\STM32CubeIDE\workspace_1.9.0\DriversSTM32\Debug\libDriversSTM32.a(GPIOxDriver.o)
                0x00000000080008ec                GPIO_Config
 .text.__NVIC_EnableIRQ
                0x0000000008000b3c       0x38 C:\Users\ezque\STM32CubeIDE\workspace_1.9.0\DriversSTM32\Debug\libDriversSTM32.a(USARTxDriver.o)
 .text.__NVIC_DisableIRQ
                0x0000000008000b74       0x48 C:\Users\ezque\STM32CubeIDE\workspace_1.9.0\DriversSTM32\Debug\libDriversSTM32.a(USARTxDriver.o)
 .text.USART_Config
                0x0000000008000bbc      0x328 C:\Users\ezque\STM32CubeIDE\workspace_1.9.0\DriversSTM32\Debug\libDriversSTM32.a(USARTxDriver.o)
                0x0000000008000bbc                USART_Config
 .text.writeChar
                0x0000000008000ee4       0x5c C:\Users\ezque\STM32CubeIDE\workspace_1.9.0\DriversSTM32\Debug\libDriversSTM32.a(USARTxDriver.o)
                0x0000000008000ee4                writeChar
 .text.writeMsg
                0x0000000008000f40       0x30 C:\Users\ezque\STM32CubeIDE\workspace_1.9.0\DriversSTM32\Debug\libDriversSTM32.a(USARTxDriver.o)
                0x0000000008000f40                writeMsg
 .text.getRxData
                0x0000000008000f70       0x14 C:\Users\ezque\STM32CubeIDE\workspace_1.9.0\DriversSTM32\Debug\libDriversSTM32.a(USARTxDriver.o)
                0x0000000008000f70                getRxData
 .text.Usart2_TX_Callback
                0x0000000008000f84        0xe C:\Users\ezque\STM32CubeIDE\workspace_1.9.0\DriversSTM32\Debug\libDriversSTM32.a(USARTxDriver.o)
                0x0000000008000f84                Usart2_TX_Callback
 .text.Usart6_TX_Callback
                0x0000000008000f92        0xe C:\Users\ezque\STM32CubeIDE\workspace_1.9.0\DriversSTM32\Debug\libDriversSTM32.a(USARTxDriver.o)
                0x0000000008000f92                Usart6_TX_Callback
 .text.Usart2_RX_Callback
                0x0000000008000fa0        0xe C:\Users\ezque\STM32CubeIDE\workspace_1.9.0\DriversSTM32\Debug\libDriversSTM32.a(USARTxDriver.o)
                0x0000000008000fa0                Usart2_RX_Callback
 .text.Usart6_RX_Callback
                0x0000000008000fae        0xe C:\Users\ezque\STM32CubeIDE\workspace_1.9.0\DriversSTM32\Debug\libDriversSTM32.a(USARTxDriver.o)
                0x0000000008000fae                Usart6_RX_Callback
 .text.USART1_IRQHandler
                0x0000000008000fbc       0x54 C:\Users\ezque\STM32CubeIDE\workspace_1.9.0\DriversSTM32\Debug\libDriversSTM32.a(USARTxDriver.o)
                0x0000000008000fbc                USART1_IRQHandler
 .text.USART2_IRQHandler
                0x0000000008001010       0x54 C:\Users\ezque\STM32CubeIDE\workspace_1.9.0\DriversSTM32\Debug\libDriversSTM32.a(USARTxDriver.o)
                0x0000000008001010                USART2_IRQHandler
 .text.USART6_IRQHandler
                0x0000000008001064       0x54 C:\Users\ezque\STM32CubeIDE\workspace_1.9.0\DriversSTM32\Debug\libDriversSTM32.a(USARTxDriver.o)
                0x0000000008001064                USART6_IRQHandler
 .text.__errno  0x00000000080010b8        0xc c:/st/stm32cubeide_1.9.0/stm32cubeide/plugins/com.st.stm32cube.ide.mcu.externaltools.gnu-tools-for-stm32.10.3-2021.10.win32_1.0.0.202111181127/tools/bin/../lib/gcc/arm-none-eabi/10.3.1/../../../../arm-none-eabi/lib/thumb/v7e-m/nofp\libc_nano.a(lib_a-errno.o)
                0x00000000080010b8                __errno
 .text.__libc_init_array
                0x00000000080010c4       0x48 c:/st/stm32cubeide_1.9.0/stm32cubeide/plugins/com.st.stm32cube.ide.mcu.externaltools.gnu-tools-for-stm32.10.3-2021.10.win32_1.0.0.202111181127/tools/bin/../lib/gcc/arm-none-eabi/10.3.1/../../../../arm-none-eabi/lib/thumb/v7e-m/nofp\libc_nano.a(lib_a-init.o)
                0x00000000080010c4                __libc_init_array
 .text.sprintf  0x000000000800110c       0x40 c:/st/stm32cubeide_1.9.0/stm32cubeide/plugins/com.st.stm32cube.ide.mcu.externaltools.gnu-tools-for-stm32.10.3-2021.10.win32_1.0.0.202111181127/tools/bin/../lib/gcc/arm-none-eabi/10.3.1/../../../../arm-none-eabi/lib/thumb/v7e-m/nofp\libc_nano.a(lib_a-sprintf.o)
                0x000000000800110c                siprintf
                0x000000000800110c                sprintf
 .text.sscanf   0x000000000800114c       0x54 c:/st/stm32cubeide_1.9.0/stm32cubeide/plugins/com.st.stm32cube.ide.mcu.externaltools.gnu-tools-for-stm32.10.3-2021.10.win32_1.0.0.202111181127/tools/bin/../lib/gcc/arm-none-eabi/10.3.1/../../../../arm-none-eabi/lib/thumb/v7e-m/nofp\libc_nano.a(lib_a-sscanf.o)
                0x000000000800114c                siscanf
                0x000000000800114c                sscanf
 .text.__seofread
                0x00000000080011a0        0x4 c:/st/stm32cubeide_1.9.0/stm32cubeide/plugins/com.st.stm32cube.ide.mcu.externaltools.gnu-tools-for-stm32.10.3-2021.10.win32_1.0.0.202111181127/tools/bin/../lib/gcc/arm-none-eabi/10.3.1/../../../../arm-none-eabi/lib/thumb/v7e-m/nofp\libc_nano.a(lib_a-stdio.o)
                0x00000000080011a0                __seofread
 .text.__ssputs_r
                0x00000000080011a4       0xb6 c:/st/stm32cubeide_1.9.0/stm32cubeide/plugins/com.st.stm32cube.ide.mcu.externaltools.gnu-tools-for-stm32.10.3-2021.10.win32_1.0.0.202111181127/tools/bin/../lib/gcc/arm-none-eabi/10.3.1/../../../../arm-none-eabi/lib/thumb/v7e-m/nofp\libc_nano.a(lib_a-nano-svfprintf.o)
                0x00000000080011a4                __ssputs_r
 *fill*         0x000000000800125a        0x2 
 .text._svfprintf_r
                0x000000000800125c      0x200 c:/st/stm32cubeide_1.9.0/stm32cubeide/plugins/com.st.stm32cube.ide.mcu.externaltools.gnu-tools-for-stm32.10.3-2021.10.win32_1.0.0.202111181127/tools/bin/../lib/gcc/arm-none-eabi/10.3.1/../../../../arm-none-eabi/lib/thumb/v7e-m/nofp\libc_nano.a(lib_a-nano-svfprintf.o)
                0x000000000800125c                _svfiprintf_r
                0x000000000800125c                _svfprintf_r
 .text._sungetc_r
                0x000000000800145c       0x7a c:/st/stm32cubeide_1.9.0/stm32cubeide/plugins/com.st.stm32cube.ide.mcu.externaltools.gnu-tools-for-stm32.10.3-2021.10.win32_1.0.0.202111181127/tools/bin/../lib/gcc/arm-none-eabi/10.3.1/../../../../arm-none-eabi/lib/thumb/v7e-m/nofp\libc_nano.a(lib_a-nano-svfscanf.o)
                0x000000000800145c                _sungetc_r
 .text.__ssrefill_r
                0x00000000080014d6       0x3a c:/st/stm32cubeide_1.9.0/stm32cubeide/plugins/com.st.stm32cube.ide.mcu.externaltools.gnu-tools-for-stm32.10.3-2021.10.win32_1.0.0.202111181127/tools/bin/../lib/gcc/arm-none-eabi/10.3.1/../../../../arm-none-eabi/lib/thumb/v7e-m/nofp\libc_nano.a(lib_a-nano-svfscanf.o)
                0x00000000080014d6                __ssrefill_r
 .text.__ssvfscanf_r
                0x0000000008001510      0x2f0 c:/st/stm32cubeide_1.9.0/stm32cubeide/plugins/com.st.stm32cube.ide.mcu.externaltools.gnu-tools-for-stm32.10.3-2021.10.win32_1.0.0.202111181127/tools/bin/../lib/gcc/arm-none-eabi/10.3.1/../../../../arm-none-eabi/lib/thumb/v7e-m/nofp\libc_nano.a(lib_a-nano-svfscanf.o)
                0x0000000008001510                __ssvfiscanf_r
                0x0000000008001510                __ssvfscanf_r
 .text._printf_common
                0x0000000008001800       0xda c:/st/stm32cubeide_1.9.0/stm32cubeide/plugins/com.st.stm32cube.ide.mcu.externaltools.gnu-tools-for-stm32.10.3-2021.10.win32_1.0.0.202111181127/tools/bin/../lib/gcc/arm-none-eabi/10.3.1/../../../../arm-none-eabi/lib/thumb/v7e-m/nofp\libc_nano.a(lib_a-nano-vfprintf_i.o)
                0x0000000008001800                _printf_common
 *fill*         0x00000000080018da        0x2 
 .text._printf_i
                0x00000000080018dc      0x24c c:/st/stm32cubeide_1.9.0/stm32cubeide/plugins/com.st.stm32cube.ide.mcu.externaltools.gnu-tools-for-stm32.10.3-2021.10.win32_1.0.0.202111181127/tools/bin/../lib/gcc/arm-none-eabi/10.3.1/../../../../arm-none-eabi/lib/thumb/v7e-m/nofp\libc_nano.a(lib_a-nano-vfprintf_i.o)
                0x00000000080018dc                _printf_i
 .text._scanf_chars
                0x0000000008001b28       0xb4 c:/st/stm32cubeide_1.9.0/stm32cubeide/plugins/com.st.stm32cube.ide.mcu.externaltools.gnu-tools-for-stm32.10.3-2021.10.win32_1.0.0.202111181127/tools/bin/../lib/gcc/arm-none-eabi/10.3.1/../../../../arm-none-eabi/lib/thumb/v7e-m/nofp\libc_nano.a(lib_a-nano-vfscanf_i.o)
                0x0000000008001b28                _scanf_chars
 .text._scanf_i
                0x0000000008001bdc      0x1f0 c:/st/stm32cubeide_1.9.0/stm32cubeide/plugins/com.st.stm32cube.ide.mcu.externaltools.gnu-tools-for-stm32.10.3-2021.10.win32_1.0.0.202111181127/tools/bin/../lib/gcc/arm-none-eabi/10.3.1/../../../../arm-none-eabi/lib/thumb/v7e-m/nofp\libc_nano.a(lib_a-nano-vfscanf_i.o)
                0x0000000008001bdc                _scanf_i
 .text.__sccl   0x0000000008001dcc       0x70 c:/st/stm32cubeide_1.9.0/stm32cubeide/plugins/com.st.stm32cube.ide.mcu.externaltools.gnu-tools-for-stm32.10.3-2021.10.win32_1.0.0.202111181127/tools/bin/../lib/gcc/arm-none-eabi/10.3.1/../../../../arm-none-eabi/lib/thumb/v7e-m/nofp\libc_nano.a(lib_a-sccl.o)
                0x0000000008001dcc                __sccl
 .text._strtol_l.constprop.0
                0x0000000008001e3c       0xf8 c:/st/stm32cubeide_1.9.0/stm32cubeide/plugins/com.st.stm32cube.ide.mcu.externaltools.gnu-tools-for-stm32.10.3-2021.10.win32_1.0.0.202111181127/tools/bin/../lib/gcc/arm-none-eabi/10.3.1/../../../../arm-none-eabi/lib/thumb/v7e-m/nofp\libc_nano.a(lib_a-strtol.o)
 .text._strtol_r
                0x0000000008001f34        0x4 c:/st/stm32cubeide_1.9.0/stm32cubeide/plugins/com.st.stm32cube.ide.mcu.externaltools.gnu-tools-for-stm32.10.3-2021.10.win32_1.0.0.202111181127/tools/bin/../lib/gcc/arm-none-eabi/10.3.1/../../../../arm-none-eabi/lib/thumb/v7e-m/nofp\libc_nano.a(lib_a-strtol.o)
                0x0000000008001f34                _strtol_r
 .text._strtoul_l.constprop.0
                0x0000000008001f38       0xe4 c:/st/stm32cubeide_1.9.0/stm32cubeide/plugins/com.st.stm32cube.ide.mcu.externaltools.gnu-tools-for-stm32.10.3-2021.10.win32_1.0.0.202111181127/tools/bin/../lib/gcc/arm-none-eabi/10.3.1/../../../../arm-none-eabi/lib/thumb/v7e-m/nofp\libc_nano.a(lib_a-strtoul.o)
 .text._strtoul_r
                0x000000000800201c        0x4 c:/st/stm32cubeide_1.9.0/stm32cubeide/plugins/com.st.stm32cube.ide.mcu.externaltools.gnu-tools-for-stm32.10.3-2021.10.win32_1.0.0.202111181127/tools/bin/../lib/gcc/arm-none-eabi/10.3.1/../../../../arm-none-eabi/lib/thumb/v7e-m/nofp\libc_nano.a(lib_a-strtoul.o)
                0x000000000800201c                _strtoul_r
 .text.__submore
                0x0000000008002020       0x74 c:/st/stm32cubeide_1.9.0/stm32cubeide/plugins/com.st.stm32cube.ide.mcu.externaltools.gnu-tools-for-stm32.10.3-2021.10.win32_1.0.0.202111181127/tools/bin/../lib/gcc/arm-none-eabi/10.3.1/../../../../arm-none-eabi/lib/thumb/v7e-m/nofp\libc_nano.a(lib_a-ungetc.o)
                0x0000000008002020                __submore
 .text.__retarget_lock_acquire_recursive
                0x0000000008002094        0x2 c:/st/stm32cubeide_1.9.0/stm32cubeide/plugins/com.st.stm32cube.ide.mcu.externaltools.gnu-tools-for-stm32.10.3-2021.10.win32_1.0.0.202111181127/tools/bin/../lib/gcc/arm-none-eabi/10.3.1/../../../../arm-none-eabi/lib/thumb/v7e-m/nofp\libc_nano.a(lib_a-lock.o)
                0x0000000008002094                __retarget_lock_acquire_recursive
 .text.__retarget_lock_release_recursive
                0x0000000008002096        0x2 c:/st/stm32cubeide_1.9.0/stm32cubeide/plugins/com.st.stm32cube.ide.mcu.externaltools.gnu-tools-for-stm32.10.3-2021.10.win32_1.0.0.202111181127/tools/bin/../lib/gcc/arm-none-eabi/10.3.1/../../../../arm-none-eabi/lib/thumb/v7e-m/nofp\libc_nano.a(lib_a-lock.o)
                0x0000000008002096                __retarget_lock_release_recursive
 .text.memcpy   0x0000000008002098       0x1c c:/st/stm32cubeide_1.9.0/stm32cubeide/plugins/com.st.stm32cube.ide.mcu.externaltools.gnu-tools-for-stm32.10.3-2021.10.win32_1.0.0.202111181127/tools/bin/../lib/gcc/arm-none-eabi/10.3.1/../../../../arm-none-eabi/lib/thumb/v7e-m/nofp\libc_nano.a(lib_a-memcpy-stub.o)
                0x0000000008002098                memcpy
 .text.memmove  0x00000000080020b4       0x34 c:/st/stm32cubeide_1.9.0/stm32cubeide/plugins/com.st.stm32cube.ide.mcu.externaltools.gnu-tools-for-stm32.10.3-2021.10.win32_1.0.0.202111181127/tools/bin/../lib/gcc/arm-none-eabi/10.3.1/../../../../arm-none-eabi/lib/thumb/v7e-m/nofp\libc_nano.a(lib_a-memmove.o)
                0x00000000080020b4                memmove
 .text._free_r  0x00000000080020e8       0x94 c:/st/stm32cubeide_1.9.0/stm32cubeide/plugins/com.st.stm32cube.ide.mcu.externaltools.gnu-tools-for-stm32.10.3-2021.10.win32_1.0.0.202111181127/tools/bin/../lib/gcc/arm-none-eabi/10.3.1/../../../../arm-none-eabi/lib/thumb/v7e-m/nofp\libc_nano.a(lib_a-nano-freer.o)
                0x00000000080020e8                _free_r
 .text.sbrk_aligned
                0x000000000800217c       0x40 c:/st/stm32cubeide_1.9.0/stm32cubeide/plugins/com.st.stm32cube.ide.mcu.externaltools.gnu-tools-for-stm32.10.3-2021.10.win32_1.0.0.202111181127/tools/bin/../lib/gcc/arm-none-eabi/10.3.1/../../../../arm-none-eabi/lib/thumb/v7e-m/nofp\libc_nano.a(lib_a-nano-mallocr.o)
 .text._malloc_r
                0x00000000080021bc       0xe8 c:/st/stm32cubeide_1.9.0/stm32cubeide/plugins/com.st.stm32cube.ide.mcu.externaltools.gnu-tools-for-stm32.10.3-2021.10.win32_1.0.0.202111181127/tools/bin/../lib/gcc/arm-none-eabi/10.3.1/../../../../arm-none-eabi/lib/thumb/v7e-m/nofp\libc_nano.a(lib_a-nano-mallocr.o)
                0x00000000080021bc                _malloc_r
 .text._realloc_r
                0x00000000080022a4       0x5e c:/st/stm32cubeide_1.9.0/stm32cubeide/plugins/com.st.stm32cube.ide.mcu.externaltools.gnu-tools-for-stm32.10.3-2021.10.win32_1.0.0.202111181127/tools/bin/../lib/gcc/arm-none-eabi/10.3.1/../../../../arm-none-eabi/lib/thumb/v7e-m/nofp\libc_nano.a(lib_a-nano-reallocr.o)
                0x00000000080022a4                _realloc_r
 *fill*         0x0000000008002302        0x2 
 .text._sbrk_r  0x0000000008002304       0x20 c:/st/stm32cubeide_1.9.0/stm32cubeide/plugins/com.st.stm32cube.ide.mcu.externaltools.gnu-tools-for-stm32.10.3-2021.10.win32_1.0.0.202111181127/tools/bin/../lib/gcc/arm-none-eabi/10.3.1/../../../../arm-none-eabi/lib/thumb/v7e-m/nofp\libc_nano.a(lib_a-sbrkr.o)
                0x0000000008002304                _sbrk_r
 .text.__malloc_lock
                0x0000000008002324        0xc c:/st/stm32cubeide_1.9.0/stm32cubeide/plugins/com.st.stm32cube.ide.mcu.externaltools.gnu-tools-for-stm32.10.3-2021.10.win32_1.0.0.202111181127/tools/bin/../lib/gcc/arm-none-eabi/10.3.1/../../../../arm-none-eabi/lib/thumb/v7e-m/nofp\libc_nano.a(lib_a-mlock.o)
                0x0000000008002324                __malloc_lock
 .text.__malloc_unlock
                0x0000000008002330        0xc c:/st/stm32cubeide_1.9.0/stm32cubeide/plugins/com.st.stm32cube.ide.mcu.externaltools.gnu-tools-for-stm32.10.3-2021.10.win32_1.0.0.202111181127/tools/bin/../lib/gcc/arm-none-eabi/10.3.1/../../../../arm-none-eabi/lib/thumb/v7e-m/nofp\libc_nano.a(lib_a-mlock.o)
                0x0000000008002330                __malloc_unlock
 .text._malloc_usable_size_r
                0x000000000800233c       0x10 c:/st/stm32cubeide_1.9.0/stm32cubeide/plugins/com.st.stm32cube.ide.mcu.externaltools.gnu-tools-for-stm32.10.3-2021.10.win32_1.0.0.202111181127/tools/bin/../lib/gcc/arm-none-eabi/10.3.1/../../../../arm-none-eabi/lib/thumb/v7e-m/nofp\libc_nano.a(lib_a-nano-msizer.o)
                0x000000000800233c                _malloc_usable_size_r
 *(.glue_7)
 .glue_7        0x000000000800234c        0x0 linker stubs
 *(.glue_7t)
 .glue_7t       0x000000000800234c        0x0 linker stubs
 *(.eh_frame)
 .eh_frame      0x000000000800234c        0x0 c:/st/stm32cubeide_1.9.0/stm32cubeide/plugins/com.st.stm32cube.ide.mcu.externaltools.gnu-tools-for-stm32.10.3-2021.10.win32_1.0.0.202111181127/tools/bin/../lib/gcc/arm-none-eabi/10.3.1/thumb/v7e-m/nofp/crtbegin.o
 *(.init)
 .init          0x000000000800234c        0x4 c:/st/stm32cubeide_1.9.0/stm32cubeide/plugins/com.st.stm32cube.ide.mcu.externaltools.gnu-tools-for-stm32.10.3-2021.10.win32_1.0.0.202111181127/tools/bin/../lib/gcc/arm-none-eabi/10.3.1/thumb/v7e-m/nofp/crti.o
                0x000000000800234c                _init
 .init          0x0000000008002350        0x8 c:/st/stm32cubeide_1.9.0/stm32cubeide/plugins/com.st.stm32cube.ide.mcu.externaltools.gnu-tools-for-stm32.10.3-2021.10.win32_1.0.0.202111181127/tools/bin/../lib/gcc/arm-none-eabi/10.3.1/thumb/v7e-m/nofp/crtn.o
 *(.fini)
 .fini          0x0000000008002358        0x4 c:/st/stm32cubeide_1.9.0/stm32cubeide/plugins/com.st.stm32cube.ide.mcu.externaltools.gnu-tools-for-stm32.10.3-2021.10.win32_1.0.0.202111181127/tools/bin/../lib/gcc/arm-none-eabi/10.3.1/thumb/v7e-m/nofp/crti.o
                0x0000000008002358                _fini
 .fini          0x000000000800235c        0x8 c:/st/stm32cubeide_1.9.0/stm32cubeide/plugins/com.st.stm32cube.ide.mcu.externaltools.gnu-tools-for-stm32.10.3-2021.10.win32_1.0.0.202111181127/tools/bin/../lib/gcc/arm-none-eabi/10.3.1/thumb/v7e-m/nofp/crtn.o
                0x0000000008002364                . = ALIGN (0x4)
                0x0000000008002364                _etext = .

.vfp11_veneer   0x0000000008002364        0x0
 .vfp11_veneer  0x0000000008002364        0x0 linker stubs

.v4_bx          0x0000000008002364        0x0
 .v4_bx         0x0000000008002364        0x0 linker stubs

.iplt           0x0000000008002364        0x0
 .iplt          0x0000000008002364        0x0 c:/st/stm32cubeide_1.9.0/stm32cubeide/plugins/com.st.stm32cube.ide.mcu.externaltools.gnu-tools-for-stm32.10.3-2021.10.win32_1.0.0.202111181127/tools/bin/../lib/gcc/arm-none-eabi/10.3.1/thumb/v7e-m/nofp/crtbegin.o

.rodata         0x0000000008002364      0x4fc
                0x0000000008002364                . = ALIGN (0x4)
 *(.rodata)
 .rodata        0x0000000008002364      0x33f ./Src/CmdUsartMain.o
 *fill*         0x00000000080026a3        0x1 
 .rodata        0x00000000080026a4        0xc c:/st/stm32cubeide_1.9.0/stm32cubeide/plugins/com.st.stm32cube.ide.mcu.externaltools.gnu-tools-for-stm32.10.3-2021.10.win32_1.0.0.202111181127/tools/bin/../lib/gcc/arm-none-eabi/10.3.1/../../../../arm-none-eabi/lib/thumb/v7e-m/nofp\libc_nano.a(lib_a-nano-vfscanf_i.o)
 *(.rodata*)
 .rodata._svfprintf_r.str1.1
                0x00000000080026b0       0x11 c:/st/stm32cubeide_1.9.0/stm32cubeide/plugins/com.st.stm32cube.ide.mcu.externaltools.gnu-tools-for-stm32.10.3-2021.10.win32_1.0.0.202111181127/tools/bin/../lib/gcc/arm-none-eabi/10.3.1/../../../../arm-none-eabi/lib/thumb/v7e-m/nofp\libc_nano.a(lib_a-nano-svfprintf.o)
 .rodata.__ssvfscanf_r.str1.1
                0x00000000080026c1        0x4 c:/st/stm32cubeide_1.9.0/stm32cubeide/plugins/com.st.stm32cube.ide.mcu.externaltools.gnu-tools-for-stm32.10.3-2021.10.win32_1.0.0.202111181127/tools/bin/../lib/gcc/arm-none-eabi/10.3.1/../../../../arm-none-eabi/lib/thumb/v7e-m/nofp\libc_nano.a(lib_a-nano-svfscanf.o)
 .rodata._printf_i.str1.1
                0x00000000080026c1       0x22 c:/st/stm32cubeide_1.9.0/stm32cubeide/plugins/com.st.stm32cube.ide.mcu.externaltools.gnu-tools-for-stm32.10.3-2021.10.win32_1.0.0.202111181127/tools/bin/../lib/gcc/arm-none-eabi/10.3.1/../../../../arm-none-eabi/lib/thumb/v7e-m/nofp\libc_nano.a(lib_a-nano-vfprintf_i.o)
 .rodata.str1.1
                0x00000000080026e3        0x9 c:/st/stm32cubeide_1.9.0/stm32cubeide/plugins/com.st.stm32cube.ide.mcu.externaltools.gnu-tools-for-stm32.10.3-2021.10.win32_1.0.0.202111181127/tools/bin/../lib/gcc/arm-none-eabi/10.3.1/../../../../arm-none-eabi/lib/thumb/v7e-m/nofp\libc_nano.a(lib_a-nano-vfscanf_i.o)
 .rodata._scanf_i.str1.1
                0x00000000080026ec       0x12 c:/st/stm32cubeide_1.9.0/stm32cubeide/plugins/com.st.stm32cube.ide.mcu.externaltools.gnu-tools-for-stm32.10.3-2021.10.win32_1.0.0.202111181127/tools/bin/../lib/gcc/arm-none-eabi/10.3.1/../../../../arm-none-eabi/lib/thumb/v7e-m/nofp\libc_nano.a(lib_a-nano-vfscanf_i.o)
 .rodata._ctype_
                0x00000000080026fe      0x101 c:/st/stm32cubeide_1.9.0/stm32cubeide/plugins/com.st.stm32cube.ide.mcu.externaltools.gnu-tools-for-stm32.10.3-2021.10.win32_1.0.0.202111181127/tools/bin/../lib/gcc/arm-none-eabi/10.3.1/../../../../arm-none-eabi/lib/thumb/v7e-m/nofp\libc_nano.a(lib_a-ctype_.o)
                0x00000000080026fe                _ctype_
 *fill*         0x00000000080027ff        0x1 
 .rodata.__sf_fake_stderr
                0x0000000008002800       0x20 c:/st/stm32cubeide_1.9.0/stm32cubeide/plugins/com.st.stm32cube.ide.mcu.externaltools.gnu-tools-for-stm32.10.3-2021.10.win32_1.0.0.202111181127/tools/bin/../lib/gcc/arm-none-eabi/10.3.1/../../../../arm-none-eabi/lib/thumb/v7e-m/nofp\libc_nano.a(lib_a-findfp.o)
                0x0000000008002800                __sf_fake_stderr
 .rodata.__sf_fake_stdin
                0x0000000008002820       0x20 c:/st/stm32cubeide_1.9.0/stm32cubeide/plugins/com.st.stm32cube.ide.mcu.externaltools.gnu-tools-for-stm32.10.3-2021.10.win32_1.0.0.202111181127/tools/bin/../lib/gcc/arm-none-eabi/10.3.1/../../../../arm-none-eabi/lib/thumb/v7e-m/nofp\libc_nano.a(lib_a-findfp.o)
                0x0000000008002820                __sf_fake_stdin
 .rodata.__sf_fake_stdout
                0x0000000008002840       0x20 c:/st/stm32cubeide_1.9.0/stm32cubeide/plugins/com.st.stm32cube.ide.mcu.externaltools.gnu-tools-for-stm32.10.3-2021.10.win32_1.0.0.202111181127/tools/bin/../lib/gcc/arm-none-eabi/10.3.1/../../../../arm-none-eabi/lib/thumb/v7e-m/nofp\libc_nano.a(lib_a-findfp.o)
                0x0000000008002840                __sf_fake_stdout
                0x0000000008002860                . = ALIGN (0x4)

.rel.dyn        0x0000000008002860        0x0
 .rel.iplt      0x0000000008002860        0x0 c:/st/stm32cubeide_1.9.0/stm32cubeide/plugins/com.st.stm32cube.ide.mcu.externaltools.gnu-tools-for-stm32.10.3-2021.10.win32_1.0.0.202111181127/tools/bin/../lib/gcc/arm-none-eabi/10.3.1/thumb/v7e-m/nofp/crtbegin.o

.ARM.extab      0x0000000008002860        0x0
                0x0000000008002860                . = ALIGN (0x4)
 *(.ARM.extab* .gnu.linkonce.armextab.*)
                0x0000000008002860                . = ALIGN (0x4)

.ARM            0x0000000008002860        0x0
                0x0000000008002860                . = ALIGN (0x4)
                0x0000000008002860                __exidx_start = .
 *(.ARM.exidx*)
                0x0000000008002860                __exidx_end = .
                0x0000000008002860                . = ALIGN (0x4)

.preinit_array  0x0000000008002860        0x0
                0x0000000008002860                . = ALIGN (0x4)
                0x0000000008002860                PROVIDE (__preinit_array_start = .)
 *(.preinit_array*)
                0x0000000008002860                PROVIDE (__preinit_array_end = .)
                0x0000000008002860                . = ALIGN (0x4)

.init_array     0x0000000008002860        0x4
                0x0000000008002860                . = ALIGN (0x4)
                0x0000000008002860                PROVIDE (__init_array_start = .)
 *(SORT_BY_NAME(.init_array.*))
 *(.init_array*)
 .init_array    0x0000000008002860        0x4 c:/st/stm32cubeide_1.9.0/stm32cubeide/plugins/com.st.stm32cube.ide.mcu.externaltools.gnu-tools-for-stm32.10.3-2021.10.win32_1.0.0.202111181127/tools/bin/../lib/gcc/arm-none-eabi/10.3.1/thumb/v7e-m/nofp/crtbegin.o
                0x0000000008002864                PROVIDE (__init_array_end = .)
                0x0000000008002864                . = ALIGN (0x4)

.fini_array     0x0000000008002864        0x4
                0x0000000008002864                . = ALIGN (0x4)
                [!provide]                        PROVIDE (__fini_array_start = .)
 *(SORT_BY_NAME(.fini_array.*))
 *(.fini_array*)
 .fini_array    0x0000000008002864        0x4 c:/st/stm32cubeide_1.9.0/stm32cubeide/plugins/com.st.stm32cube.ide.mcu.externaltools.gnu-tools-for-stm32.10.3-2021.10.win32_1.0.0.202111181127/tools/bin/../lib/gcc/arm-none-eabi/10.3.1/thumb/v7e-m/nofp/crtbegin.o
                [!provide]                        PROVIDE (__fini_array_end = .)
                0x0000000008002868                . = ALIGN (0x4)
                0x0000000008002868                _sidata = LOADADDR (.data)

.data           0x0000000020000000       0x64 load address 0x0000000008002868
                0x0000000020000000                . = ALIGN (0x4)
                0x0000000020000000                _sdata = .
 *(.data)
 *(.data*)
 .data._impure_ptr
                0x0000000020000000        0x4 c:/st/stm32cubeide_1.9.0/stm32cubeide/plugins/com.st.stm32cube.ide.mcu.externaltools.gnu-tools-for-stm32.10.3-2021.10.win32_1.0.0.202111181127/tools/bin/../lib/gcc/arm-none-eabi/10.3.1/../../../../arm-none-eabi/lib/thumb/v7e-m/nofp\libc_nano.a(lib_a-impure.o)
                0x0000000020000000                _impure_ptr
 .data.impure_data
                0x0000000020000004       0x60 c:/st/stm32cubeide_1.9.0/stm32cubeide/plugins/com.st.stm32cube.ide.mcu.externaltools.gnu-tools-for-stm32.10.3-2021.10.win32_1.0.0.202111181127/tools/bin/../lib/gcc/arm-none-eabi/10.3.1/../../../../arm-none-eabi/lib/thumb/v7e-m/nofp\libc_nano.a(lib_a-impure.o)
 *(.RamFunc)
 *(.RamFunc*)
                0x0000000020000064                . = ALIGN (0x4)
                0x0000000020000064                _edata = .

.igot.plt       0x0000000020000064        0x0 load address 0x00000000080028cc
 .igot.plt      0x0000000020000064        0x0 c:/st/stm32cubeide_1.9.0/stm32cubeide/plugins/com.st.stm32cube.ide.mcu.externaltools.gnu-tools-for-stm32.10.3-2021.10.win32_1.0.0.202111181127/tools/bin/../lib/gcc/arm-none-eabi/10.3.1/thumb/v7e-m/nofp/crtbegin.o
                0x0000000020000064                . = ALIGN (0x4)

.bss            0x0000000020000064      0x180 load address 0x00000000080028cc
                0x0000000020000064                _sbss = .
                0x0000000020000064                __bss_start__ = _sbss
 *(.bss)
 .bss           0x0000000020000064       0x1c c:/st/stm32cubeide_1.9.0/stm32cubeide/plugins/com.st.stm32cube.ide.mcu.externaltools.gnu-tools-for-stm32.10.3-2021.10.win32_1.0.0.202111181127/tools/bin/../lib/gcc/arm-none-eabi/10.3.1/thumb/v7e-m/nofp/crtbegin.o
 *(.bss*)
 .bss.handlerStateLED
                0x0000000020000080        0xc ./Src/CmdUsartMain.o
                0x0000000020000080                handlerStateLED
 .bss.handlerRxPIN
                0x000000002000008c        0xc ./Src/CmdUsartMain.o
                0x000000002000008c                handlerRxPIN
 .bss.handlerTxPIN
                0x0000000020000098        0xc ./Src/CmdUsartMain.o
                0x0000000020000098                handlerTxPIN
 .bss.handlerStateLedTimer
                0x00000000200000a4       0x10 ./Src/CmdUsartMain.o
                0x00000000200000a4                handlerStateLedTimer
 .bss.handlerUSART1
                0x00000000200000b4       0x8c ./Src/CmdUsartMain.o
                0x00000000200000b4                handlerUSART1
 .bss.bufferReception
                0x0000000020000140       0x20 ./Src/CmdUsartMain.o
                0x0000000020000140                bufferReception
 .bss.bufferData
                0x0000000020000160       0x40 ./Src/CmdUsartMain.o
                0x0000000020000160                bufferData
 .bss.rxData    0x00000000200001a0        0x1 ./Src/CmdUsartMain.o
                0x00000000200001a0                rxData
 .bss.stringComplete
                0x00000000200001a1        0x1 ./Src/CmdUsartMain.o
                0x00000000200001a1                stringComplete
 .bss.counterReception
                0x00000000200001a2        0x2 ./Src/CmdUsartMain.o
                0x00000000200001a2                counterReception
 .bss.firstParameter
                0x00000000200001a4        0x2 ./Src/CmdUsartMain.o
                0x00000000200001a4                firstParameter
 *fill*         0x00000000200001a6        0x2 
 .bss.cmd       0x00000000200001a8       0x20 ./Src/CmdUsartMain.o
                0x00000000200001a8                cmd
 .bss.__sbrk_heap_end
                0x00000000200001c8        0x4 ./Src/sysmem.o
 .bss.ptrTimerUsed
                0x00000000200001cc        0x4 C:\Users\ezque\STM32CubeIDE\workspace_1.9.0\DriversSTM32\Debug\libDriversSTM32.a(BasicTimer.o)
                0x00000000200001cc                ptrTimerUsed
 .bss.auxRxData
                0x00000000200001d0        0x1 C:\Users\ezque\STM32CubeIDE\workspace_1.9.0\DriversSTM32\Debug\libDriversSTM32.a(USARTxDriver.o)
                0x00000000200001d0                auxRxData
 .bss.auxDataToSend
                0x00000000200001d1        0x1 C:\Users\ezque\STM32CubeIDE\workspace_1.9.0\DriversSTM32\Debug\libDriversSTM32.a(USARTxDriver.o)
                0x00000000200001d1                auxDataToSend
 *fill*         0x00000000200001d2        0x2 
 .bss.errno     0x00000000200001d4        0x4 c:/st/stm32cubeide_1.9.0/stm32cubeide/plugins/com.st.stm32cube.ide.mcu.externaltools.gnu-tools-for-stm32.10.3-2021.10.win32_1.0.0.202111181127/tools/bin/../lib/gcc/arm-none-eabi/10.3.1/../../../../arm-none-eabi/lib/thumb/v7e-m/nofp\libc_nano.a(lib_a-reent.o)
                0x00000000200001d4                errno
 .bss.__lock___malloc_recursive_mutex
                0x00000000200001d8        0x1 c:/st/stm32cubeide_1.9.0/stm32cubeide/plugins/com.st.stm32cube.ide.mcu.externaltools.gnu-tools-for-stm32.10.3-2021.10.win32_1.0.0.202111181127/tools/bin/../lib/gcc/arm-none-eabi/10.3.1/../../../../arm-none-eabi/lib/thumb/v7e-m/nofp\libc_nano.a(lib_a-lock.o)
                0x00000000200001d8                __lock___malloc_recursive_mutex
 *fill*         0x00000000200001d9        0x3 
 .bss.__malloc_free_list
                0x00000000200001dc        0x4 c:/st/stm32cubeide_1.9.0/stm32cubeide/plugins/com.st.stm32cube.ide.mcu.externaltools.gnu-tools-for-stm32.10.3-2021.10.win32_1.0.0.202111181127/tools/bin/../lib/gcc/arm-none-eabi/10.3.1/../../../../arm-none-eabi/lib/thumb/v7e-m/nofp\libc_nano.a(lib_a-nano-mallocr.o)
                0x00000000200001dc                __malloc_free_list
 .bss.__malloc_sbrk_start
                0x00000000200001e0        0x4 c:/st/stm32cubeide_1.9.0/stm32cubeide/plugins/com.st.stm32cube.ide.mcu.externaltools.gnu-tools-for-stm32.10.3-2021.10.win32_1.0.0.202111181127/tools/bin/../lib/gcc/arm-none-eabi/10.3.1/../../../../arm-none-eabi/lib/thumb/v7e-m/nofp\libc_nano.a(lib_a-nano-mallocr.o)
                0x00000000200001e0                __malloc_sbrk_start
 *(COMMON)
                0x00000000200001e4                . = ALIGN (0x4)
                0x00000000200001e4                _ebss = .
                0x00000000200001e4                __bss_end__ = _ebss

._user_heap_stack
                0x00000000200001e4      0x604 load address 0x00000000080028cc
                0x00000000200001e8                . = ALIGN (0x8)
 *fill*         0x00000000200001e4        0x4 
                [!provide]                        PROVIDE (end = .)
                0x00000000200001e8                PROVIDE (_end = .)
                0x00000000200003e8                . = (. + _Min_Heap_Size)
 *fill*         0x00000000200001e8      0x200 
                0x00000000200007e8                . = (. + _Min_Stack_Size)
 *fill*         0x00000000200003e8      0x400 
                0x00000000200007e8                . = ALIGN (0x8)

/DISCARD/
 libc.a(*)
 libm.a(*)
 libgcc.a(*)

.ARM.attributes
                0x0000000000000000       0x2a
 *(.ARM.attributes)
 .ARM.attributes
                0x0000000000000000       0x1e c:/st/stm32cubeide_1.9.0/stm32cubeide/plugins/com.st.stm32cube.ide.mcu.externaltools.gnu-tools-for-stm32.10.3-2021.10.win32_1.0.0.202111181127/tools/bin/../lib/gcc/arm-none-eabi/10.3.1/thumb/v7e-m/nofp/crti.o
 .ARM.attributes
                0x000000000000001e       0x2e c:/st/stm32cubeide_1.9.0/stm32cubeide/plugins/com.st.stm32cube.ide.mcu.externaltools.gnu-tools-for-stm32.10.3-2021.10.win32_1.0.0.202111181127/tools/bin/../lib/gcc/arm-none-eabi/10.3.1/thumb/v7e-m/nofp/crtbegin.o
 .ARM.attributes
                0x000000000000004c       0x2e ./Src/CmdUsartMain.o
 .ARM.attributes
                0x000000000000007a       0x2e ./Src/sysmem.o
 .ARM.attributes
                0x00000000000000a8       0x21 ./Startup/startup_stm32f411retx.o
 .ARM.attributes
                0x00000000000000c9       0x2e C:\Users\ezque\STM32CubeIDE\workspace_1.9.0\DriversSTM32\Debug\libDriversSTM32.a(BasicTimer.o)
 .ARM.attributes
                0x00000000000000f7       0x2e C:\Users\ezque\STM32CubeIDE\workspace_1.9.0\DriversSTM32\Debug\libDriversSTM32.a(GPIOxDriver.o)
 .ARM.attributes
                0x0000000000000125       0x2e C:\Users\ezque\STM32CubeIDE\workspace_1.9.0\DriversSTM32\Debug\libDriversSTM32.a(USARTxDriver.o)
 .ARM.attributes
                0x0000000000000153       0x2e c:/st/stm32cubeide_1.9.0/stm32cubeide/plugins/com.st.stm32cube.ide.mcu.externaltools.gnu-tools-for-stm32.10.3-2021.10.win32_1.0.0.202111181127/tools/bin/../lib/gcc/arm-none-eabi/10.3.1/../../../../arm-none-eabi/lib/thumb/v7e-m/nofp\libc_nano.a(lib_a-errno.o)
 .ARM.attributes
                0x0000000000000181       0x2e c:/st/stm32cubeide_1.9.0/stm32cubeide/plugins/com.st.stm32cube.ide.mcu.externaltools.gnu-tools-for-stm32.10.3-2021.10.win32_1.0.0.202111181127/tools/bin/../lib/gcc/arm-none-eabi/10.3.1/../../../../arm-none-eabi/lib/thumb/v7e-m/nofp\libc_nano.a(lib_a-impure.o)
 .ARM.attributes
                0x00000000000001af       0x2e c:/st/stm32cubeide_1.9.0/stm32cubeide/plugins/com.st.stm32cube.ide.mcu.externaltools.gnu-tools-for-stm32.10.3-2021.10.win32_1.0.0.202111181127/tools/bin/../lib/gcc/arm-none-eabi/10.3.1/../../../../arm-none-eabi/lib/thumb/v7e-m/nofp\libc_nano.a(lib_a-init.o)
 .ARM.attributes
                0x00000000000001dd       0x2e c:/st/stm32cubeide_1.9.0/stm32cubeide/plugins/com.st.stm32cube.ide.mcu.externaltools.gnu-tools-for-stm32.10.3-2021.10.win32_1.0.0.202111181127/tools/bin/../lib/gcc/arm-none-eabi/10.3.1/../../../../arm-none-eabi/lib/thumb/v7e-m/nofp\libc_nano.a(lib_a-sprintf.o)
 .ARM.attributes
                0x000000000000020b       0x2e c:/st/stm32cubeide_1.9.0/stm32cubeide/plugins/com.st.stm32cube.ide.mcu.externaltools.gnu-tools-for-stm32.10.3-2021.10.win32_1.0.0.202111181127/tools/bin/../lib/gcc/arm-none-eabi/10.3.1/../../../../arm-none-eabi/lib/thumb/v7e-m/nofp\libc_nano.a(lib_a-sscanf.o)
 .ARM.attributes
                0x0000000000000239       0x2e c:/st/stm32cubeide_1.9.0/stm32cubeide/plugins/com.st.stm32cube.ide.mcu.externaltools.gnu-tools-for-stm32.10.3-2021.10.win32_1.0.0.202111181127/tools/bin/../lib/gcc/arm-none-eabi/10.3.1/../../../../arm-none-eabi/lib/thumb/v7e-m/nofp\libc_nano.a(lib_a-stdio.o)
 .ARM.attributes
                0x0000000000000267       0x1c c:/st/stm32cubeide_1.9.0/stm32cubeide/plugins/com.st.stm32cube.ide.mcu.externaltools.gnu-tools-for-stm32.10.3-2021.10.win32_1.0.0.202111181127/tools/bin/../lib/gcc/arm-none-eabi/10.3.1/../../../../arm-none-eabi/lib/thumb/v7e-m/nofp\libc_nano.a(lib_a-strcmp.o)
 .ARM.attributes
                0x0000000000000283       0x17 c:/st/stm32cubeide_1.9.0/stm32cubeide/plugins/com.st.stm32cube.ide.mcu.externaltools.gnu-tools-for-stm32.10.3-2021.10.win32_1.0.0.202111181127/tools/bin/../lib/gcc/arm-none-eabi/10.3.1/../../../../arm-none-eabi/lib/thumb/v7e-m/nofp\libc_nano.a(lib_a-strlen.o)
 .ARM.attributes
                0x000000000000029a       0x2e c:/st/stm32cubeide_1.9.0/stm32cubeide/plugins/com.st.stm32cube.ide.mcu.externaltools.gnu-tools-for-stm32.10.3-2021.10.win32_1.0.0.202111181127/tools/bin/../lib/gcc/arm-none-eabi/10.3.1/../../../../arm-none-eabi/lib/thumb/v7e-m/nofp\libc_nano.a(lib_a-nano-svfprintf.o)
 .ARM.attributes
                0x00000000000002c8       0x2e c:/st/stm32cubeide_1.9.0/stm32cubeide/plugins/com.st.stm32cube.ide.mcu.externaltools.gnu-tools-for-stm32.10.3-2021.10.win32_1.0.0.202111181127/tools/bin/../lib/gcc/arm-none-eabi/10.3.1/../../../../arm-none-eabi/lib/thumb/v7e-m/nofp\libc_nano.a(lib_a-nano-svfscanf.o)
 .ARM.attributes
                0x00000000000002f6       0x2e c:/st/stm32cubeide_1.9.0/stm32cubeide/plugins/com.st.stm32cube.ide.mcu.externaltools.gnu-tools-for-stm32.10.3-2021.10.win32_1.0.0.202111181127/tools/bin/../lib/gcc/arm-none-eabi/10.3.1/../../../../arm-none-eabi/lib/thumb/v7e-m/nofp\libc_nano.a(lib_a-nano-vfprintf_i.o)
 .ARM.attributes
                0x0000000000000324       0x2e c:/st/stm32cubeide_1.9.0/stm32cubeide/plugins/com.st.stm32cube.ide.mcu.externaltools.gnu-tools-for-stm32.10.3-2021.10.win32_1.0.0.202111181127/tools/bin/../lib/gcc/arm-none-eabi/10.3.1/../../../../arm-none-eabi/lib/thumb/v7e-m/nofp\libc_nano.a(lib_a-nano-vfscanf_i.o)
 .ARM.attributes
                0x0000000000000352       0x2e c:/st/stm32cubeide_1.9.0/stm32cubeide/plugins/com.st.stm32cube.ide.mcu.externaltools.gnu-tools-for-stm32.10.3-2021.10.win32_1.0.0.202111181127/tools/bin/../lib/gcc/arm-none-eabi/10.3.1/../../../../arm-none-eabi/lib/thumb/v7e-m/nofp\libc_nano.a(lib_a-reent.o)
 .ARM.attributes
                0x0000000000000380       0x2e c:/st/stm32cubeide_1.9.0/stm32cubeide/plugins/com.st.stm32cube.ide.mcu.externaltools.gnu-tools-for-stm32.10.3-2021.10.win32_1.0.0.202111181127/tools/bin/../lib/gcc/arm-none-eabi/10.3.1/../../../../arm-none-eabi/lib/thumb/v7e-m/nofp\libc_nano.a(lib_a-sccl.o)
 .ARM.attributes
                0x00000000000003ae       0x2e c:/st/stm32cubeide_1.9.0/stm32cubeide/plugins/com.st.stm32cube.ide.mcu.externaltools.gnu-tools-for-stm32.10.3-2021.10.win32_1.0.0.202111181127/tools/bin/../lib/gcc/arm-none-eabi/10.3.1/../../../../arm-none-eabi/lib/thumb/v7e-m/nofp\libc_nano.a(lib_a-strtol.o)
 .ARM.attributes
                0x00000000000003dc       0x2e c:/st/stm32cubeide_1.9.0/stm32cubeide/plugins/com.st.stm32cube.ide.mcu.externaltools.gnu-tools-for-stm32.10.3-2021.10.win32_1.0.0.202111181127/tools/bin/../lib/gcc/arm-none-eabi/10.3.1/../../../../arm-none-eabi/lib/thumb/v7e-m/nofp\libc_nano.a(lib_a-strtoul.o)
 .ARM.attributes
                0x000000000000040a       0x2e c:/st/stm32cubeide_1.9.0/stm32cubeide/plugins/com.st.stm32cube.ide.mcu.externaltools.gnu-tools-for-stm32.10.3-2021.10.win32_1.0.0.202111181127/tools/bin/../lib/gcc/arm-none-eabi/10.3.1/../../../../arm-none-eabi/lib/thumb/v7e-m/nofp\libc_nano.a(lib_a-ungetc.o)
 .ARM.attributes
                0x0000000000000438       0x2e c:/st/stm32cubeide_1.9.0/stm32cubeide/plugins/com.st.stm32cube.ide.mcu.externaltools.gnu-tools-for-stm32.10.3-2021.10.win32_1.0.0.202111181127/tools/bin/../lib/gcc/arm-none-eabi/10.3.1/../../../../arm-none-eabi/lib/thumb/v7e-m/nofp\libc_nano.a(lib_a-ctype_.o)
 .ARM.attributes
                0x0000000000000466       0x2e c:/st/stm32cubeide_1.9.0/stm32cubeide/plugins/com.st.stm32cube.ide.mcu.externaltools.gnu-tools-for-stm32.10.3-2021.10.win32_1.0.0.202111181127/tools/bin/../lib/gcc/arm-none-eabi/10.3.1/../../../../arm-none-eabi/lib/thumb/v7e-m/nofp\libc_nano.a(lib_a-findfp.o)
 .ARM.attributes
                0x0000000000000494       0x2e c:/st/stm32cubeide_1.9.0/stm32cubeide/plugins/com.st.stm32cube.ide.mcu.externaltools.gnu-tools-for-stm32.10.3-2021.10.win32_1.0.0.202111181127/tools/bin/../lib/gcc/arm-none-eabi/10.3.1/../../../../arm-none-eabi/lib/thumb/v7e-m/nofp\libc_nano.a(lib_a-lock.o)
 .ARM.attributes
                0x00000000000004c2       0x1c c:/st/stm32cubeide_1.9.0/stm32cubeide/plugins/com.st.stm32cube.ide.mcu.externaltools.gnu-tools-for-stm32.10.3-2021.10.win32_1.0.0.202111181127/tools/bin/../lib/gcc/arm-none-eabi/10.3.1/../../../../arm-none-eabi/lib/thumb/v7e-m/nofp\libc_nano.a(lib_a-memchr.o)
 .ARM.attributes
                0x00000000000004de       0x2e c:/st/stm32cubeide_1.9.0/stm32cubeide/plugins/com.st.stm32cube.ide.mcu.externaltools.gnu-tools-for-stm32.10.3-2021.10.win32_1.0.0.202111181127/tools/bin/../lib/gcc/arm-none-eabi/10.3.1/../../../../arm-none-eabi/lib/thumb/v7e-m/nofp\libc_nano.a(lib_a-memcpy-stub.o)
 .ARM.attributes
                0x000000000000050c       0x2e c:/st/stm32cubeide_1.9.0/stm32cubeide/plugins/com.st.stm32cube.ide.mcu.externaltools.gnu-tools-for-stm32.10.3-2021.10.win32_1.0.0.202111181127/tools/bin/../lib/gcc/arm-none-eabi/10.3.1/../../../../arm-none-eabi/lib/thumb/v7e-m/nofp\libc_nano.a(lib_a-memmove.o)
 .ARM.attributes
                0x000000000000053a       0x2e c:/st/stm32cubeide_1.9.0/stm32cubeide/plugins/com.st.stm32cube.ide.mcu.externaltools.gnu-tools-for-stm32.10.3-2021.10.win32_1.0.0.202111181127/tools/bin/../lib/gcc/arm-none-eabi/10.3.1/../../../../arm-none-eabi/lib/thumb/v7e-m/nofp\libc_nano.a(lib_a-nano-freer.o)
 .ARM.attributes
                0x0000000000000568       0x2e c:/st/stm32cubeide_1.9.0/stm32cubeide/plugins/com.st.stm32cube.ide.mcu.externaltools.gnu-tools-for-stm32.10.3-2021.10.win32_1.0.0.202111181127/tools/bin/../lib/gcc/arm-none-eabi/10.3.1/../../../../arm-none-eabi/lib/thumb/v7e-m/nofp\libc_nano.a(lib_a-nano-mallocr.o)
 .ARM.attributes
                0x0000000000000596       0x2e c:/st/stm32cubeide_1.9.0/stm32cubeide/plugins/com.st.stm32cube.ide.mcu.externaltools.gnu-tools-for-stm32.10.3-2021.10.win32_1.0.0.202111181127/tools/bin/../lib/gcc/arm-none-eabi/10.3.1/../../../../arm-none-eabi/lib/thumb/v7e-m/nofp\libc_nano.a(lib_a-nano-reallocr.o)
 .ARM.attributes
                0x00000000000005c4       0x2e c:/st/stm32cubeide_1.9.0/stm32cubeide/plugins/com.st.stm32cube.ide.mcu.externaltools.gnu-tools-for-stm32.10.3-2021.10.win32_1.0.0.202111181127/tools/bin/../lib/gcc/arm-none-eabi/10.3.1/../../../../arm-none-eabi/lib/thumb/v7e-m/nofp\libc_nano.a(lib_a-sbrkr.o)
 .ARM.attributes
                0x00000000000005f2       0x2e c:/st/stm32cubeide_1.9.0/stm32cubeide/plugins/com.st.stm32cube.ide.mcu.externaltools.gnu-tools-for-stm32.10.3-2021.10.win32_1.0.0.202111181127/tools/bin/../lib/gcc/arm-none-eabi/10.3.1/../../../../arm-none-eabi/lib/thumb/v7e-m/nofp\libc_nano.a(lib_a-mlock.o)
 .ARM.attributes
                0x0000000000000620       0x2e c:/st/stm32cubeide_1.9.0/stm32cubeide/plugins/com.st.stm32cube.ide.mcu.externaltools.gnu-tools-for-stm32.10.3-2021.10.win32_1.0.0.202111181127/tools/bin/../lib/gcc/arm-none-eabi/10.3.1/../../../../arm-none-eabi/lib/thumb/v7e-m/nofp\libc_nano.a(lib_a-nano-msizer.o)
 .ARM.attributes
                0x000000000000064e       0x1e c:/st/stm32cubeide_1.9.0/stm32cubeide/plugins/com.st.stm32cube.ide.mcu.externaltools.gnu-tools-for-stm32.10.3-2021.10.win32_1.0.0.202111181127/tools/bin/../lib/gcc/arm-none-eabi/10.3.1/thumb/v7e-m/nofp/crtn.o
OUTPUT(CmdUsart.elf elf32-littlearm)
LOAD linker stubs
LOAD c:/st/stm32cubeide_1.9.0/stm32cubeide/plugins/com.st.stm32cube.ide.mcu.externaltools.gnu-tools-for-stm32.10.3-2021.10.win32_1.0.0.202111181127/tools/bin/../lib/gcc/arm-none-eabi/10.3.1/../../../../arm-none-eabi/lib/thumb/v7e-m/nofp\libc.a
LOAD c:/st/stm32cubeide_1.9.0/stm32cubeide/plugins/com.st.stm32cube.ide.mcu.externaltools.gnu-tools-for-stm32.10.3-2021.10.win32_1.0.0.202111181127/tools/bin/../lib/gcc/arm-none-eabi/10.3.1/../../../../arm-none-eabi/lib/thumb/v7e-m/nofp\libm.a
LOAD c:/st/stm32cubeide_1.9.0/stm32cubeide/plugins/com.st.stm32cube.ide.mcu.externaltools.gnu-tools-for-stm32.10.3-2021.10.win32_1.0.0.202111181127/tools/bin/../lib/gcc/arm-none-eabi/10.3.1/thumb/v7e-m/nofp\libgcc.a

.debug_info     0x0000000000000000     0x21fd
 .debug_info    0x0000000000000000      0x7bb ./Src/CmdUsartMain.o
 .debug_info    0x00000000000007bb      0x171 ./Src/sysmem.o
 .debug_info    0x000000000000092c       0x22 ./Startup/startup_stm32f411retx.o
 .debug_info    0x000000000000094e      0xa9e C:\Users\ezque\STM32CubeIDE\workspace_1.9.0\DriversSTM32\Debug\libDriversSTM32.a(BasicTimer.o)
 .debug_info    0x00000000000013ec      0x4b0 C:\Users\ezque\STM32CubeIDE\workspace_1.9.0\DriversSTM32\Debug\libDriversSTM32.a(GPIOxDriver.o)
 .debug_info    0x000000000000189c      0x961 C:\Users\ezque\STM32CubeIDE\workspace_1.9.0\DriversSTM32\Debug\libDriversSTM32.a(USARTxDriver.o)

.debug_abbrev   0x0000000000000000      0x85d
 .debug_abbrev  0x0000000000000000      0x1b5 ./Src/CmdUsartMain.o
 .debug_abbrev  0x00000000000001b5       0xbb ./Src/sysmem.o
 .debug_abbrev  0x0000000000000270       0x12 ./Startup/startup_stm32f411retx.o
 .debug_abbrev  0x0000000000000282      0x201 C:\Users\ezque\STM32CubeIDE\workspace_1.9.0\DriversSTM32\Debug\libDriversSTM32.a(BasicTimer.o)
 .debug_abbrev  0x0000000000000483      0x159 C:\Users\ezque\STM32CubeIDE\workspace_1.9.0\DriversSTM32\Debug\libDriversSTM32.a(GPIOxDriver.o)
 .debug_abbrev  0x00000000000005dc      0x281 C:\Users\ezque\STM32CubeIDE\workspace_1.9.0\DriversSTM32\Debug\libDriversSTM32.a(USARTxDriver.o)

.debug_aranges  0x0000000000000000      0x1d0
 .debug_aranges
                0x0000000000000000       0x50 ./Src/CmdUsartMain.o
 .debug_aranges
                0x0000000000000050       0x20 ./Src/sysmem.o
 .debug_aranges
                0x0000000000000070       0x28 ./Startup/startup_stm32f411retx.o
 .debug_aranges
                0x0000000000000098       0x70 C:\Users\ezque\STM32CubeIDE\workspace_1.9.0\DriversSTM32\Debug\libDriversSTM32.a(BasicTimer.o)
 .debug_aranges
                0x0000000000000108       0x30 C:\Users\ezque\STM32CubeIDE\workspace_1.9.0\DriversSTM32\Debug\libDriversSTM32.a(GPIOxDriver.o)
 .debug_aranges
                0x0000000000000138       0x98 C:\Users\ezque\STM32CubeIDE\workspace_1.9.0\DriversSTM32\Debug\libDriversSTM32.a(USARTxDriver.o)

.debug_ranges   0x0000000000000000      0x178
 .debug_ranges  0x0000000000000000       0x40 ./Src/CmdUsartMain.o
 .debug_ranges  0x0000000000000040       0x10 ./Src/sysmem.o
 .debug_ranges  0x0000000000000050       0x20 ./Startup/startup_stm32f411retx.o
 .debug_ranges  0x0000000000000070       0x60 C:\Users\ezque\STM32CubeIDE\workspace_1.9.0\DriversSTM32\Debug\libDriversSTM32.a(BasicTimer.o)
 .debug_ranges  0x00000000000000d0       0x20 C:\Users\ezque\STM32CubeIDE\workspace_1.9.0\DriversSTM32\Debug\libDriversSTM32.a(GPIOxDriver.o)
 .debug_ranges  0x00000000000000f0       0x88 C:\Users\ezque\STM32CubeIDE\workspace_1.9.0\DriversSTM32\Debug\libDriversSTM32.a(USARTxDriver.o)

.debug_macro    0x0000000000000000     0xf5a8
 .debug_macro   0x0000000000000000      0x2a2 ./Src/CmdUsartMain.o
 .debug_macro   0x00000000000002a2      0xa7e ./Src/CmdUsartMain.o
 .debug_macro   0x0000000000000d20       0x28 ./Src/CmdUsartMain.o
 .debug_macro   0x0000000000000d48       0x28 ./Src/CmdUsartMain.o
 .debug_macro   0x0000000000000d70       0x22 ./Src/CmdUsartMain.o
 .debug_macro   0x0000000000000d92       0x8e ./Src/CmdUsartMain.o
 .debug_macro   0x0000000000000e20       0x51 ./Src/CmdUsartMain.o
 .debug_macro   0x0000000000000e71      0x103 ./Src/CmdUsartMain.o
 .debug_macro   0x0000000000000f74       0x6a ./Src/CmdUsartMain.o
 .debug_macro   0x0000000000000fde      0x1df ./Src/CmdUsartMain.o
 .debug_macro   0x00000000000011bd       0x1c ./Src/CmdUsartMain.o
 .debug_macro   0x00000000000011d9       0x22 ./Src/CmdUsartMain.o
 .debug_macro   0x00000000000011fb       0xd9 ./Src/CmdUsartMain.o
 .debug_macro   0x00000000000012d4     0x102d ./Src/CmdUsartMain.o
 .debug_macro   0x0000000000002301      0x11f ./Src/CmdUsartMain.o
 .debug_macro   0x0000000000002420     0xb953 ./Src/CmdUsartMain.o
 .debug_macro   0x000000000000dd73       0x6d ./Src/CmdUsartMain.o
 .debug_macro   0x000000000000dde0       0x52 ./Src/CmdUsartMain.o
 .debug_macro   0x000000000000de32       0x18 ./Src/CmdUsartMain.o
 .debug_macro   0x000000000000de4a       0x3c ./Src/CmdUsartMain.o
 .debug_macro   0x000000000000de86       0x34 ./Src/CmdUsartMain.o
 .debug_macro   0x000000000000deba       0x16 ./Src/CmdUsartMain.o
 .debug_macro   0x000000000000ded0       0x97 ./Src/CmdUsartMain.o
 .debug_macro   0x000000000000df67      0x341 ./Src/CmdUsartMain.o
 .debug_macro   0x000000000000e2a8       0xfd ./Src/CmdUsartMain.o
 .debug_macro   0x000000000000e3a5       0x10 ./Src/CmdUsartMain.o
 .debug_macro   0x000000000000e3b5       0x16 ./Src/CmdUsartMain.o
 .debug_macro   0x000000000000e3cb       0x43 ./Src/CmdUsartMain.o
 .debug_macro   0x000000000000e40e       0x34 ./Src/CmdUsartMain.o
 .debug_macro   0x000000000000e442       0x10 ./Src/CmdUsartMain.o
 .debug_macro   0x000000000000e452       0x58 ./Src/CmdUsartMain.o
 .debug_macro   0x000000000000e4aa       0x71 ./Src/CmdUsartMain.o
 .debug_macro   0x000000000000e51b       0x1c ./Src/CmdUsartMain.o
 .debug_macro   0x000000000000e537      0x12a ./Src/CmdUsartMain.o
 .debug_macro   0x000000000000e661       0x10 ./Src/CmdUsartMain.o
 .debug_macro   0x000000000000e671       0x1c ./Src/CmdUsartMain.o
 .debug_macro   0x000000000000e68d       0x52 ./Src/CmdUsartMain.o
 .debug_macro   0x000000000000e6df       0x22 ./Src/CmdUsartMain.o
 .debug_macro   0x000000000000e701       0x10 ./Src/CmdUsartMain.o
 .debug_macro   0x000000000000e711       0x52 ./Src/CmdUsartMain.o
 .debug_macro   0x000000000000e763       0xd5 ./Src/CmdUsartMain.o
 .debug_macro   0x000000000000e838       0x1c ./Src/CmdUsartMain.o
 .debug_macro   0x000000000000e854       0x3d ./Src/CmdUsartMain.o
 .debug_macro   0x000000000000e891       0x16 ./Src/CmdUsartMain.o
 .debug_macro   0x000000000000e8a7      0x145 ./Src/CmdUsartMain.o
 .debug_macro   0x000000000000e9ec       0x22 ./Src/CmdUsartMain.o
 .debug_macro   0x000000000000ea0e       0x16 ./Src/CmdUsartMain.o
 .debug_macro   0x000000000000ea24       0x35 ./Src/CmdUsartMain.o
 .debug_macro   0x000000000000ea59       0x20 ./Src/CmdUsartMain.o
 .debug_macro   0x000000000000ea79      0x11e ./Src/CmdUsartMain.o
 .debug_macro   0x000000000000eb97       0x88 ./Src/CmdUsartMain.o
 .debug_macro   0x000000000000ec1f       0x28 ./Src/CmdUsartMain.o
 .debug_macro   0x000000000000ec47       0xca ./Src/CmdUsartMain.o
 .debug_macro   0x000000000000ed11       0x2e ./Src/CmdUsartMain.o
 .debug_macro   0x000000000000ed3f       0xff ./Src/sysmem.o
 .debug_macro   0x000000000000ee3e      0x23b ./Src/sysmem.o
 .debug_macro   0x000000000000f079       0xdd C:\Users\ezque\STM32CubeIDE\workspace_1.9.0\DriversSTM32\Debug\libDriversSTM32.a(BasicTimer.o)
 .debug_macro   0x000000000000f156       0x22 C:\Users\ezque\STM32CubeIDE\workspace_1.9.0\DriversSTM32\Debug\libDriversSTM32.a(BasicTimer.o)
 .debug_macro   0x000000000000f178       0xdd C:\Users\ezque\STM32CubeIDE\workspace_1.9.0\DriversSTM32\Debug\libDriversSTM32.a(GPIOxDriver.o)
 .debug_macro   0x000000000000f255      0x118 C:\Users\ezque\STM32CubeIDE\workspace_1.9.0\DriversSTM32\Debug\libDriversSTM32.a(GPIOxDriver.o)
 .debug_macro   0x000000000000f36d      0x23b C:\Users\ezque\STM32CubeIDE\workspace_1.9.0\DriversSTM32\Debug\libDriversSTM32.a(USARTxDriver.o)

.debug_line     0x0000000000000000     0x26c3
 .debug_line    0x0000000000000000      0x8da ./Src/CmdUsartMain.o
 .debug_line    0x00000000000008da      0x4e0 ./Src/sysmem.o
 .debug_line    0x0000000000000dba       0x84 ./Startup/startup_stm32f411retx.o
 .debug_line    0x0000000000000e3e      0x6c4 C:\Users\ezque\STM32CubeIDE\workspace_1.9.0\DriversSTM32\Debug\libDriversSTM32.a(BasicTimer.o)
 .debug_line    0x0000000000001502      0x690 C:\Users\ezque\STM32CubeIDE\workspace_1.9.0\DriversSTM32\Debug\libDriversSTM32.a(GPIOxDriver.o)
 .debug_line    0x0000000000001b92      0xb31 C:\Users\ezque\STM32CubeIDE\workspace_1.9.0\DriversSTM32\Debug\libDriversSTM32.a(USARTxDriver.o)

.debug_str      0x0000000000000000    0x55154
 .debug_str     0x0000000000000000    0x544a4 ./Src/CmdUsartMain.o
                                      0x546ad (size before relaxing)
 .debug_str     0x00000000000544a4      0x4d5 ./Src/sysmem.o
                                       0x5d79 (size before relaxing)
 .debug_str     0x0000000000054979       0x31 ./Startup/startup_stm32f411retx.o
                                         0x6c (size before relaxing)
 .debug_str     0x00000000000549aa      0x632 C:\Users\ezque\STM32CubeIDE\workspace_1.9.0\DriversSTM32\Debug\libDriversSTM32.a(BasicTimer.o)
                                      0x5012f (size before relaxing)
 .debug_str     0x0000000000054fdc       0x77 C:\Users\ezque\STM32CubeIDE\workspace_1.9.0\DriversSTM32\Debug\libDriversSTM32.a(GPIOxDriver.o)
                                      0x4fe5d (size before relaxing)
 .debug_str     0x0000000000055053      0x101 C:\Users\ezque\STM32CubeIDE\workspace_1.9.0\DriversSTM32\Debug\libDriversSTM32.a(USARTxDriver.o)
                                      0x54333 (size before relaxing)

.comment        0x0000000000000000       0x50
 .comment       0x0000000000000000       0x50 ./Src/CmdUsartMain.o
                                         0x51 (size before relaxing)
 .comment       0x0000000000000050       0x51 ./Src/sysmem.o
 .comment       0x0000000000000050       0x51 C:\Users\ezque\STM32CubeIDE\workspace_1.9.0\DriversSTM32\Debug\libDriversSTM32.a(BasicTimer.o)
 .comment       0x0000000000000050       0x51 C:\Users\ezque\STM32CubeIDE\workspace_1.9.0\DriversSTM32\Debug\libDriversSTM32.a(GPIOxDriver.o)
 .comment       0x0000000000000050       0x51 C:\Users\ezque\STM32CubeIDE\workspace_1.9.0\DriversSTM32\Debug\libDriversSTM32.a(USARTxDriver.o)

.debug_frame    0x0000000000000000      0xe3c
 .debug_frame   0x0000000000000000       0xec ./Src/CmdUsartMain.o
 .debug_frame   0x00000000000000ec       0x34 ./Src/sysmem.o
 .debug_frame   0x0000000000000120      0x188 C:\Users\ezque\STM32CubeIDE\workspace_1.9.0\DriversSTM32\Debug\libDriversSTM32.a(BasicTimer.o)
 .debug_frame   0x00000000000002a8       0x88 C:\Users\ezque\STM32CubeIDE\workspace_1.9.0\DriversSTM32\Debug\libDriversSTM32.a(GPIOxDriver.o)
 .debug_frame   0x0000000000000330      0x230 C:\Users\ezque\STM32CubeIDE\workspace_1.9.0\DriversSTM32\Debug\libDriversSTM32.a(USARTxDriver.o)
 .debug_frame   0x0000000000000560       0x20 c:/st/stm32cubeide_1.9.0/stm32cubeide/plugins/com.st.stm32cube.ide.mcu.externaltools.gnu-tools-for-stm32.10.3-2021.10.win32_1.0.0.202111181127/tools/bin/../lib/gcc/arm-none-eabi/10.3.1/../../../../arm-none-eabi/lib/thumb/v7e-m/nofp\libc_nano.a(lib_a-errno.o)
 .debug_frame   0x0000000000000580       0x2c c:/st/stm32cubeide_1.9.0/stm32cubeide/plugins/com.st.stm32cube.ide.mcu.externaltools.gnu-tools-for-stm32.10.3-2021.10.win32_1.0.0.202111181127/tools/bin/../lib/gcc/arm-none-eabi/10.3.1/../../../../arm-none-eabi/lib/thumb/v7e-m/nofp\libc_nano.a(lib_a-init.o)
 .debug_frame   0x00000000000005ac       0x6c c:/st/stm32cubeide_1.9.0/stm32cubeide/plugins/com.st.stm32cube.ide.mcu.externaltools.gnu-tools-for-stm32.10.3-2021.10.win32_1.0.0.202111181127/tools/bin/../lib/gcc/arm-none-eabi/10.3.1/../../../../arm-none-eabi/lib/thumb/v7e-m/nofp\libc_nano.a(lib_a-sprintf.o)
 .debug_frame   0x0000000000000618       0x80 c:/st/stm32cubeide_1.9.0/stm32cubeide/plugins/com.st.stm32cube.ide.mcu.externaltools.gnu-tools-for-stm32.10.3-2021.10.win32_1.0.0.202111181127/tools/bin/../lib/gcc/arm-none-eabi/10.3.1/../../../../arm-none-eabi/lib/thumb/v7e-m/nofp\libc_nano.a(lib_a-sscanf.o)
 .debug_frame   0x0000000000000698       0x88 c:/st/stm32cubeide_1.9.0/stm32cubeide/plugins/com.st.stm32cube.ide.mcu.externaltools.gnu-tools-for-stm32.10.3-2021.10.win32_1.0.0.202111181127/tools/bin/../lib/gcc/arm-none-eabi/10.3.1/../../../../arm-none-eabi/lib/thumb/v7e-m/nofp\libc_nano.a(lib_a-stdio.o)
 .debug_frame   0x0000000000000720       0x20 c:/st/stm32cubeide_1.9.0/stm32cubeide/plugins/com.st.stm32cube.ide.mcu.externaltools.gnu-tools-for-stm32.10.3-2021.10.win32_1.0.0.202111181127/tools/bin/../lib/gcc/arm-none-eabi/10.3.1/../../../../arm-none-eabi/lib/thumb/v7e-m/nofp\libc_nano.a(lib_a-strcmp.o)
 .debug_frame   0x0000000000000740       0x90 c:/st/stm32cubeide_1.9.0/stm32cubeide/plugins/com.st.stm32cube.ide.mcu.externaltools.gnu-tools-for-stm32.10.3-2021.10.win32_1.0.0.202111181127/tools/bin/../lib/gcc/arm-none-eabi/10.3.1/../../../../arm-none-eabi/lib/thumb/v7e-m/nofp\libc_nano.a(lib_a-nano-svfprintf.o)
 .debug_frame   0x00000000000007d0       0x74 c:/st/stm32cubeide_1.9.0/stm32cubeide/plugins/com.st.stm32cube.ide.mcu.externaltools.gnu-tools-for-stm32.10.3-2021.10.win32_1.0.0.202111181127/tools/bin/../lib/gcc/arm-none-eabi/10.3.1/../../../../arm-none-eabi/lib/thumb/v7e-m/nofp\libc_nano.a(lib_a-nano-svfscanf.o)
 .debug_frame   0x0000000000000844       0x60 c:/st/stm32cubeide_1.9.0/stm32cubeide/plugins/com.st.stm32cube.ide.mcu.externaltools.gnu-tools-for-stm32.10.3-2021.10.win32_1.0.0.202111181127/tools/bin/../lib/gcc/arm-none-eabi/10.3.1/../../../../arm-none-eabi/lib/thumb/v7e-m/nofp\libc_nano.a(lib_a-nano-vfprintf_i.o)
 .debug_frame   0x00000000000008a4       0x64 c:/st/stm32cubeide_1.9.0/stm32cubeide/plugins/com.st.stm32cube.ide.mcu.externaltools.gnu-tools-for-stm32.10.3-2021.10.win32_1.0.0.202111181127/tools/bin/../lib/gcc/arm-none-eabi/10.3.1/../../../../arm-none-eabi/lib/thumb/v7e-m/nofp\libc_nano.a(lib_a-nano-vfscanf_i.o)
 .debug_frame   0x0000000000000908       0x5c c:/st/stm32cubeide_1.9.0/stm32cubeide/plugins/com.st.stm32cube.ide.mcu.externaltools.gnu-tools-for-stm32.10.3-2021.10.win32_1.0.0.202111181127/tools/bin/../lib/gcc/arm-none-eabi/10.3.1/../../../../arm-none-eabi/lib/thumb/v7e-m/nofp\libc_nano.a(lib_a-reent.o)
 .debug_frame   0x0000000000000964       0x2c c:/st/stm32cubeide_1.9.0/stm32cubeide/plugins/com.st.stm32cube.ide.mcu.externaltools.gnu-tools-for-stm32.10.3-2021.10.win32_1.0.0.202111181127/tools/bin/../lib/gcc/arm-none-eabi/10.3.1/../../../../arm-none-eabi/lib/thumb/v7e-m/nofp\libc_nano.a(lib_a-sccl.o)
 .debug_frame   0x0000000000000990       0x64 c:/st/stm32cubeide_1.9.0/stm32cubeide/plugins/com.st.stm32cube.ide.mcu.externaltools.gnu-tools-for-stm32.10.3-2021.10.win32_1.0.0.202111181127/tools/bin/../lib/gcc/arm-none-eabi/10.3.1/../../../../arm-none-eabi/lib/thumb/v7e-m/nofp\libc_nano.a(lib_a-strtol.o)
 .debug_frame   0x00000000000009f4       0x64 c:/st/stm32cubeide_1.9.0/stm32cubeide/plugins/com.st.stm32cube.ide.mcu.externaltools.gnu-tools-for-stm32.10.3-2021.10.win32_1.0.0.202111181127/tools/bin/../lib/gcc/arm-none-eabi/10.3.1/../../../../arm-none-eabi/lib/thumb/v7e-m/nofp\libc_nano.a(lib_a-strtoul.o)
 .debug_frame   0x0000000000000a58       0x5c c:/st/stm32cubeide_1.9.0/stm32cubeide/plugins/com.st.stm32cube.ide.mcu.externaltools.gnu-tools-for-stm32.10.3-2021.10.win32_1.0.0.202111181127/tools/bin/../lib/gcc/arm-none-eabi/10.3.1/../../../../arm-none-eabi/lib/thumb/v7e-m/nofp\libc_nano.a(lib_a-ungetc.o)
 .debug_frame   0x0000000000000ab4      0x14c c:/st/stm32cubeide_1.9.0/stm32cubeide/plugins/com.st.stm32cube.ide.mcu.externaltools.gnu-tools-for-stm32.10.3-2021.10.win32_1.0.0.202111181127/tools/bin/../lib/gcc/arm-none-eabi/10.3.1/../../../../arm-none-eabi/lib/thumb/v7e-m/nofp\libc_nano.a(lib_a-findfp.o)
 .debug_frame   0x0000000000000c00       0xb0 c:/st/stm32cubeide_1.9.0/stm32cubeide/plugins/com.st.stm32cube.ide.mcu.externaltools.gnu-tools-for-stm32.10.3-2021.10.win32_1.0.0.202111181127/tools/bin/../lib/gcc/arm-none-eabi/10.3.1/../../../../arm-none-eabi/lib/thumb/v7e-m/nofp\libc_nano.a(lib_a-lock.o)
 .debug_frame   0x0000000000000cb0       0x28 c:/st/stm32cubeide_1.9.0/stm32cubeide/plugins/com.st.stm32cube.ide.mcu.externaltools.gnu-tools-for-stm32.10.3-2021.10.win32_1.0.0.202111181127/tools/bin/../lib/gcc/arm-none-eabi/10.3.1/../../../../arm-none-eabi/lib/thumb/v7e-m/nofp\libc_nano.a(lib_a-memcpy-stub.o)
 .debug_frame   0x0000000000000cd8       0x28 c:/st/stm32cubeide_1.9.0/stm32cubeide/plugins/com.st.stm32cube.ide.mcu.externaltools.gnu-tools-for-stm32.10.3-2021.10.win32_1.0.0.202111181127/tools/bin/../lib/gcc/arm-none-eabi/10.3.1/../../../../arm-none-eabi/lib/thumb/v7e-m/nofp\libc_nano.a(lib_a-memmove.o)
 .debug_frame   0x0000000000000d00       0x38 c:/st/stm32cubeide_1.9.0/stm32cubeide/plugins/com.st.stm32cube.ide.mcu.externaltools.gnu-tools-for-stm32.10.3-2021.10.win32_1.0.0.202111181127/tools/bin/../lib/gcc/arm-none-eabi/10.3.1/../../../../arm-none-eabi/lib/thumb/v7e-m/nofp\libc_nano.a(lib_a-nano-freer.o)
 .debug_frame   0x0000000000000d38       0x4c c:/st/stm32cubeide_1.9.0/stm32cubeide/plugins/com.st.stm32cube.ide.mcu.externaltools.gnu-tools-for-stm32.10.3-2021.10.win32_1.0.0.202111181127/tools/bin/../lib/gcc/arm-none-eabi/10.3.1/../../../../arm-none-eabi/lib/thumb/v7e-m/nofp\libc_nano.a(lib_a-nano-mallocr.o)
 .debug_frame   0x0000000000000d84       0x3c c:/st/stm32cubeide_1.9.0/stm32cubeide/plugins/com.st.stm32cube.ide.mcu.externaltools.gnu-tools-for-stm32.10.3-2021.10.win32_1.0.0.202111181127/tools/bin/../lib/gcc/arm-none-eabi/10.3.1/../../../../arm-none-eabi/lib/thumb/v7e-m/nofp\libc_nano.a(lib_a-nano-reallocr.o)
 .debug_frame   0x0000000000000dc0       0x2c c:/st/stm32cubeide_1.9.0/stm32cubeide/plugins/com.st.stm32cube.ide.mcu.externaltools.gnu-tools-for-stm32.10.3-2021.10.win32_1.0.0.202111181127/tools/bin/../lib/gcc/arm-none-eabi/10.3.1/../../../../arm-none-eabi/lib/thumb/v7e-m/nofp\libc_nano.a(lib_a-sbrkr.o)
 .debug_frame   0x0000000000000dec       0x30 c:/st/stm32cubeide_1.9.0/stm32cubeide/plugins/com.st.stm32cube.ide.mcu.externaltools.gnu-tools-for-stm32.10.3-2021.10.win32_1.0.0.202111181127/tools/bin/../lib/gcc/arm-none-eabi/10.3.1/../../../../arm-none-eabi/lib/thumb/v7e-m/nofp\libc_nano.a(lib_a-mlock.o)
 .debug_frame   0x0000000000000e1c       0x20 c:/st/stm32cubeide_1.9.0/stm32cubeide/plugins/com.st.stm32cube.ide.mcu.externaltools.gnu-tools-for-stm32.10.3-2021.10.win32_1.0.0.202111181127/tools/bin/../lib/gcc/arm-none-eabi/10.3.1/../../../../arm-none-eabi/lib/thumb/v7e-m/nofp\libc_nano.a(lib_a-nano-msizer.o)
