18:21:17 **** Incremental Build of configuration Debug for project AdcMultiChannel ****
make -j8 all 
arm-none-eabi-gcc "../Src/AdcSamplingTimerMain.c" -mcpu=cortex-m4 -std=gnu11 -g3 -DDEBUG -DNUCLEO_F411RE -DSTM32 -DSTM32F4 -DSTM32F411RETx -DSTM32F411xE -c -I../Inc -I"C:/Users/ezque/STM32CubeIDE/workspace_1.9.0/mcu_headers/CMSIS/Device/ST/STM32F4xx/Include" -I"C:/Users/ezque/STM32CubeIDE/workspace_1.9.0/mcu_headers/CMSIS/Include" -I"C:/Users/ezque/STM32CubeIDE/workspace_1.9.0/DriversSTM32/Inc" -O0 -ffunction-sections -fdata-sections -Wall -fstack-usage -MMD -MP -MF"Src/AdcSamplingTimerMain.d" -MT"Src/AdcSamplingTimerMain.o" --specs=nano.specs -mfloat-abi=soft -mthumb -o "Src/AdcSamplingTimerMain.o"
arm-none-eabi-gcc -o "AdcMultiChannel.elf" @"objects.list"  -lDriversSTM32 -mcpu=cortex-m4 -T"C:\Users\ezque\STM32CubeIDE\workspace_1.9.0\AdcMultiChannel\STM32F411RETX_FLASH.ld" --specs=nosys.specs -Wl,-Map="AdcMultiChannel.map" -Wl,--gc-sections -static -L"C:\Users\ezque\STM32CubeIDE\workspace_1.9.0\DriversSTM32\Debug" --specs=nano.specs -mfloat-abi=soft -mthumb -Wl,--start-group -lc -lm -Wl,--end-group
Finished building target: AdcMultiChannel.elf
 
arm-none-eabi-size   AdcMultiChannel.elf 
arm-none-eabi-objdump -h -S  AdcMultiChannel.elf  > "AdcMultiChannel.list"
   text	   data	    bss	    dec	    hex	filename
   7908	    128	   2136	  10172	   27bc	AdcMultiChannel.elf
Finished building: default.size.stdout
 
Finished building: AdcMultiChannel.list
 

18:21:18 Build Finished. 0 errors, 0 warnings. (took 802ms)

