22:10:45 **** Incremental Build of configuration Debug for project AdcSamplingTimer ****
make -j8 all 
arm-none-eabi-gcc "../Src/AdcSamplingTimerMain.c" -mcpu=cortex-m4 -std=gnu11 -g3 -DDEBUG -DNUCLEO_F411RE -DSTM32 -DSTM32F4 -DSTM32F411RETx -DSTM32F411xE -c -I../Inc -I"C:/Users/ezque/STM32CubeIDE/workspace_1.9.0/mcu_headers/CMSIS/Device/ST/STM32F4xx/Include" -I"C:/Users/ezque/STM32CubeIDE/workspace_1.9.0/mcu_headers/CMSIS/Include" -I"C:/Users/ezque/STM32CubeIDE/workspace_1.9.0/AdcSamplingTimer/Src" -I"C:/Users/ezque/STM32CubeIDE/workspace_1.9.0/AdcSamplingTimer/Drivers/Inc" -O0 -ffunction-sections -fdata-sections -Wall -fstack-usage -MMD -MP -MF"Src/AdcSamplingTimerMain.d" -MT"Src/AdcSamplingTimerMain.o" --specs=nano.specs -mfpu=fpv4-sp-d16 -mfloat-abi=hard -mthumb -o "Src/AdcSamplingTimerMain.o"
arm-none-eabi-gcc -o "AdcSamplingTimer.elf" @"objects.list"   -mcpu=cortex-m4 -T"C:\Users\ezque\STM32CubeIDE\workspace_1.9.0\AdcSamplingTimer\STM32F411RETX_FLASH.ld" --specs=nosys.specs -Wl,-Map="AdcSamplingTimer.map" -Wl,--gc-sections -static --specs=nano.specs -mfpu=fpv4-sp-d16 -mfloat-abi=hard -mthumb -Wl,--start-group -lc -lm -Wl,--end-group
Finished building target: AdcSamplingTimer.elf
 
arm-none-eabi-size   AdcSamplingTimer.elf 
arm-none-eabi-objdump -h -S  AdcSamplingTimer.elf  > "AdcSamplingTimer.list"
   text	   data	    bss	    dec	    hex	filename
   7716	    128	   2864	  10708	   29d4	AdcSamplingTimer.elf
Finished building: default.size.stdout
 
Finished building: AdcSamplingTimer.list
 

22:10:46 Build Finished. 0 errors, 0 warnings. (took 857ms)

