14:14:40 **** Incremental Build of configuration Debug for project CmdUsart ****
make -j8 all 
arm-none-eabi-gcc "../Src/CmdUsartMain.c" -mcpu=cortex-m4 -std=gnu11 -g3 -DDEBUG -DNUCLEO_F411RE -DSTM32 -DSTM32F4 -DSTM32F411RETx -DSTM32F411xE -c -I../Inc -I"C:/Users/ezque/STM32CubeIDE/workspace_1.9.0/mcu_headers/CMSIS/Device/ST/STM32F4xx/Include" -I"C:/Users/ezque/STM32CubeIDE/workspace_1.9.0/mcu_headers/CMSIS/Include" -I"C:/Users/ezque/STM32CubeIDE/workspace_1.9.0/DriversSTM32/Inc" -O0 -ffunction-sections -fdata-sections -Wall -fstack-usage -MMD -MP -MF"Src/CmdUsartMain.d" -MT"Src/CmdUsartMain.o" --specs=nano.specs -mfloat-abi=soft -mthumb -o "Src/CmdUsartMain.o"
arm-none-eabi-gcc -o "CmdUsart.elf" @"objects.list"  -lDriversSTM32 -mcpu=cortex-m4 -T"C:\Users\ezque\STM32CubeIDE\workspace_1.9.0\CmdUsart\STM32F411RETX_FLASH.ld" --specs=nosys.specs -Wl,-Map="CmdUsart.map" -Wl,--gc-sections -static -L"C:\Users\ezque\STM32CubeIDE\workspace_1.9.0\DriversSTM32\Debug" --specs=nano.specs -mfloat-abi=soft -mthumb -Wl,--start-group -lc -lm -Wl,--end-group
Finished building target: CmdUsart.elf
 
arm-none-eabi-size   CmdUsart.elf 
arm-none-eabi-objdump -h -S  CmdUsart.elf  > "CmdUsart.list"
   text	   data	    bss	    dec	    hex	filename
  10328	    108	   1924	  12360	   3048	CmdUsart.elf
Finished building: default.size.stdout
 
Finished building: CmdUsart.list
 

14:14:41 Build Finished. 0 errors, 0 warnings. (took 480ms)

