11:43:53 **** Incremental Build of configuration Debug for project EjemploTimers ****
make -j8 all 
arm-none-eabi-gcc "../Src/RetoBlinky.c" -mcpu=cortex-m4 -std=gnu11 -g3 -DDEBUG -DNUCLEO_F411RE -DSTM32 -DSTM32F4 -DSTM32F411RETx -DSTM32F411xE -c -I../Inc -I"C:/Users/ezque/STM32CubeIDE/workspace_1.9.0/mcu_headers/CMSIS/Device/ST/STM32F4xx/Include" -I"C:/Users/ezque/STM32CubeIDE/workspace_1.9.0/mcu_headers/CMSIS/Include" -I"C:/Users/ezque/STM32CubeIDE/workspace_1.9.0/EjemploTimers/Src" -I"C:/Users/ezque/STM32CubeIDE/workspace_1.9.0/EjemploTimers/Drivers/Inc" -O0 -ffunction-sections -fdata-sections -Wall -fstack-usage -MMD -MP -MF"Src/RetoBlinky.d" -MT"Src/RetoBlinky.o" --specs=nano.specs -mfpu=fpv4-sp-d16 -mfloat-abi=hard -mthumb -o "Src/RetoBlinky.o"
arm-none-eabi-gcc -o "EjemploTimers.elf" @"objects.list"   -mcpu=cortex-m4 -T"C:\Users\ezque\STM32CubeIDE\workspace_1.9.0\EjemploTimers\STM32F411RETX_FLASH.ld" --specs=nosys.specs -Wl,-Map="EjemploTimers.map" -Wl,--gc-sections -static --specs=nano.specs -mfpu=fpv4-sp-d16 -mfloat-abi=hard -mthumb -Wl,--start-group -lc -lm -Wl,--end-group
Finished building target: EjemploTimers.elf
 
arm-none-eabi-size   EjemploTimers.elf 
arm-none-eabi-objdump -h -S  EjemploTimers.elf  > "EjemploTimers.list"
   text	   data	    bss	    dec	    hex	filename
   1856	      8	   1608	   3472	    d90	EjemploTimers.elf
Finished building: default.size.stdout
 
Finished building: EjemploTimers.list
 

11:43:53 Build Finished. 0 errors, 0 warnings. (took 471ms)

