10:16:23 **** Build of configuration Debug for project EjercicioMainClock ****
make -j8 all 
arm-none-eabi-gcc "../Src/MainClock.c" -mcpu=cortex-m4 -std=gnu11 -g3 -DDEBUG -DNUCLEO_F411RE -DSTM32 -DSTM32F4 -DSTM32F411RETx -c -I../Inc -O0 -ffunction-sections -fdata-sections -Wall -fstack-usage -MMD -MP -MF"Src/MainClock.d" -MT"Src/MainClock.o" --specs=nano.specs -mfpu=fpv4-sp-d16 -mfloat-abi=hard -mthumb -o "Src/MainClock.o"
arm-none-eabi-gcc -o "EjercicioMainClock.elf" @"objects.list"   -mcpu=cortex-m4 -T"C:\Users\ezque\STM32CubeIDE\workspace_1.9.0\EjercicioMainClock\STM32F411RETX_FLASH.ld" --specs=nosys.specs -Wl,-Map="EjercicioMainClock.map" -Wl,--gc-sections -static --specs=nano.specs -mfpu=fpv4-sp-d16 -mfloat-abi=hard -mthumb -Wl,--start-group -lc -lm -Wl,--end-group
Finished building target: EjercicioMainClock.elf
 
arm-none-eabi-size   EjercicioMainClock.elf 
arm-none-eabi-objdump -h -S  EjercicioMainClock.elf  > "EjercicioMainClock.list"
   text	   data	    bss	    dec	    hex	filename
    840	      8	   1568	   2416	    970	EjercicioMainClock.elf
Finished building: default.size.stdout
 
Finished building: EjercicioMainClock.list
 

10:16:23 Build Finished. 0 errors, 0 warnings. (took 411ms)

