09:14:20 **** Incremental Build of configuration Debug for project EXTI ****
make -j8 all 
arm-none-eabi-gcc "../Src/LightSpeed_Main.c" -mcpu=cortex-m4 -std=gnu11 -g3 -DDEBUG -DNUCLEO_F411RE -DSTM32 -DSTM32F4 -DSTM32F411RETx -DSTM32F411xE -c -I../Inc -I"C:/Users/ezque/STM32CubeIDE/workspace_1.9.0/mcu_headers/CMSIS/Device/ST/STM32F4xx/Include" -I"C:/Users/ezque/STM32CubeIDE/workspace_1.9.0/mcu_headers/CMSIS/Include" -I"C:/Users/ezque/STM32CubeIDE/workspace_1.9.0/DriversSTM32/Inc" -O0 -ffunction-sections -fdata-sections -Wall -fstack-usage -MMD -MP -MF"Src/LightSpeed_Main.d" -MT"Src/LightSpeed_Main.o" --specs=nano.specs -mfloat-abi=soft -mthumb -o "Src/LightSpeed_Main.o"
arm-none-eabi-gcc -o "EXTI.elf" @"objects.list"  -lDriversSTM32 -mcpu=cortex-m4 -T"C:\Users\ezque\STM32CubeIDE\workspace_1.9.0\EXTI\STM32F411RETX_FLASH.ld" --specs=nosys.specs -Wl,-Map="EXTI.map" -Wl,--gc-sections -static -L"C:\Users\ezque\STM32CubeIDE\workspace_1.9.0\DriversSTM32\Debug" --specs=nano.specs -mfloat-abi=soft -mthumb -Wl,--start-group -lc -lm -Wl,--end-group
Finished building target: EXTI.elf
 
arm-none-eabi-size   EXTI.elf 
arm-none-eabi-objdump -h -S  EXTI.elf  > "EXTI.list"
   text	   data	    bss	    dec	    hex	filename
   8088	    108	   1868	  10064	   2750	EXTI.elf
Finished building: default.size.stdout
 
Finished building: EXTI.list
 

09:14:21 Build Finished. 0 errors, 0 warnings. (took 896ms)

