08:25:09 **** Incremental Build of configuration Debug for project IntroLCD ****
make -j8 all 
arm-none-eabi-gcc "../Src/IntroLCD.c" -mcpu=cortex-m4 -std=gnu11 -g3 -DDEBUG -DNUCLEO_F411RE -DSTM32 -DSTM32F4 -DSTM32F411RETx -DSTM32F411xE -c -I../Inc -I"C:/Users/ezque/STM32CubeIDE/workspace_1.9.0/mcu_headers/CMSIS/Device/ST/STM32F4xx/Include" -I"C:/Users/ezque/STM32CubeIDE/workspace_1.9.0/mcu_headers/CMSIS/Include" -I"C:/Users/ezque/STM32CubeIDE/workspace_1.9.0/DriversSTM32/Inc" -O0 -ffunction-sections -fdata-sections -Wall -fstack-usage -MMD -MP -MF"Src/IntroLCD.d" -MT"Src/IntroLCD.o" --specs=nano.specs -mfloat-abi=soft -mthumb -o "Src/IntroLCD.o"
arm-none-eabi-gcc -o "IntroLCD.elf" @"objects.list"  -lDriversSTM32 -mcpu=cortex-m4 -T"C:\Users\ezque\STM32CubeIDE\workspace_1.9.0\IntroLCD\STM32F411RETX_FLASH.ld" --specs=nosys.specs -Wl,-Map="IntroLCD.map" -Wl,--gc-sections -static -L"C:\Users\ezque\STM32CubeIDE\workspace_1.9.0\DriversSTM32\Debug" --specs=nano.specs -mfloat-abi=soft -mthumb -Wl,--start-group -lc -lm -Wl,--end-group
Finished building target: IntroLCD.elf
 
arm-none-eabi-size   IntroLCD.elf 
arm-none-eabi-objdump -h -S  IntroLCD.elf  > "IntroLCD.list"
   text	   data	    bss	    dec	    hex	filename
   4108	      8	   1656	   5772	   168c	IntroLCD.elf
Finished building: default.size.stdout
 
Finished building: IntroLCD.list
 

08:25:10 Build Finished. 0 errors, 0 warnings. (took 640ms)

