13:35:33 **** Incremental Build of configuration Debug for project IntroFPU ****
make -j8 all 
arm-none-eabi-gcc "../Src/IntroFPU.c" -mcpu=cortex-m4 -std=gnu11 -g3 -DDEBUG -DNUCLEO_F411RE -DSTM32 -DSTM32F4 -DSTM32F411RETx -DSTM32F411xE -c -I../Inc -I"C:/Users/ezque/STM32CubeIDE/workspace_1.9.0/mcu_headers/CMSIS/Device/ST/STM32F4xx/Include" -I"C:/Users/ezque/STM32CubeIDE/workspace_1.9.0/mcu_headers/CMSIS/Include" -I"C:/Users/ezque/STM32CubeIDE/workspace_1.9.0/DriversSTM32/Inc" -O0 -ffunction-sections -fdata-sections -Wall -fstack-usage -MMD -MP -MF"Src/IntroFPU.d" -MT"Src/IntroFPU.o" --specs=nano.specs -mfpu=fpv4-sp-d16 -mfloat-abi=hard -mthumb -o "Src/IntroFPU.o"
../Src/IntroFPU.c: In function 'main':
../Src/IntroFPU.c:29:9: warning: unused variable 'division' [-Wunused-variable]
   29 |  double division = 4.0/3.0;
      |         ^~~~~~~~
arm-none-eabi-gcc -o "IntroFPU.elf" @"objects.list"  -lDriversSTM32 -mcpu=cortex-m4 -T"C:\Users\ezque\STM32CubeIDE\workspace_1.9.0\IntroFPU\STM32F411RETX_FLASH.ld" --specs=nosys.specs -Wl,-Map="IntroFPU.map" -Wl,--gc-sections -static -L"C:\Users\ezque\STM32CubeIDE\workspace_1.9.0\DriversSTM32\Debug" --specs=nano.specs -mfpu=fpv4-sp-d16 -mfloat-abi=hard -mthumb -u _printf_float -Wl,--start-group -lc -lm -Wl,--end-group
Finished building target: IntroFPU.elf
 
arm-none-eabi-size   IntroFPU.elf 
arm-none-eabi-objdump -h -S  IntroFPU.elf  > "IntroFPU.list"
   text	   data	    bss	    dec	    hex	filename
  15428	    472	   1584	  17484	   444c	IntroFPU.elf
Finished building: default.size.stdout
 
Finished building: IntroFPU.list
 

13:35:33 Build Finished. 0 errors, 1 warnings. (took 500ms)

