15:47:14 **** Build of configuration Debug for project LightSpeedMeasurement_2 ****
make -j8 all 
arm-none-eabi-gcc "../Core/Src/main.c" -mcpu=cortex-m4 -std=gnu11 -g3 -DDEBUG -DUSE_HAL_DRIVER -DSTM32F411xE -c -I../Core/Inc -I../Drivers/STM32F4xx_HAL_Driver/Inc -I../Drivers/STM32F4xx_HAL_Driver/Inc/Legacy -I../Drivers/CMSIS/Device/ST/STM32F4xx/Include -I../Drivers/CMSIS/Include -O0 -ffunction-sections -fdata-sections -Wall -fstack-usage -MMD -MP -MF"Core/Src/main.d" -MT"Core/Src/main.o" --specs=nano.specs -mfpu=fpv4-sp-d16 -mfloat-abi=hard -mthumb -o "Core/Src/main.o"
arm-none-eabi-gcc -o "LightSpeedMeasurement_2.elf" @"objects.list"   -mcpu=cortex-m4 -T"C:\Users\ezque\STM32CubeIDE\workspace_1.9.0\LightSpeedMeasurement_2\STM32F411RETX_FLASH.ld" --specs=nosys.specs -Wl,-Map="LightSpeedMeasurement_2.map" -Wl,--gc-sections -static --specs=nano.specs -mfpu=fpv4-sp-d16 -mfloat-abi=hard -mthumb -u _printf_float -u _scanf_float -Wl,--start-group -lc -lm -Wl,--end-group
Finished building target: LightSpeedMeasurement_2.elf
 
arm-none-eabi-size   LightSpeedMeasurement_2.elf 
arm-none-eabi-objdump -h -S  LightSpeedMeasurement_2.elf  > "LightSpeedMeasurement_2.list"
   text	   data	    bss	    dec	    hex	filename
  36644	    488	   1856	  38988	   984c	LightSpeedMeasurement_2.elf
Finished building: default.size.stdout
 
Finished building: LightSpeedMeasurement_2.list
 

15:47:16 Build Finished. 0 errors, 0 warnings. (took 1s.837ms)

