21:25:03 **** Incremental Build of configuration Debug for project SineTest ****
make -j8 all 
arm-none-eabi-gcc "../Core/Src/main.c" -mcpu=cortex-m4 -std=gnu11 -g3 -DDEBUG -DUSE_HAL_DRIVER -DSTM32F411xE -c -I../Core/Inc -I../Drivers/STM32F4xx_HAL_Driver/Inc -I../Drivers/STM32F4xx_HAL_Driver/Inc/Legacy -I../Drivers/CMSIS/Device/ST/STM32F4xx/Include -I../Drivers/CMSIS/Include -I../X-CUBE-AI/App -I../Middlewares/ST/AI/Inc -O0 -ffunction-sections -fdata-sections -Wall -fstack-usage -MMD -MP -MF"Core/Src/main.d" -MT"Core/Src/main.o" --specs=nano.specs -mfpu=fpv4-sp-d16 -mfloat-abi=hard -mthumb -o "Core/Src/main.o"
arm-none-eabi-gcc -o "SineTest.elf" @"objects.list"  -l:NetworkRuntime512_CM4_GCC.a -mcpu=cortex-m4 -T"C:\Users\ezque\STM32CubeIDE\workspace_1.9.0\SineTest\STM32F411RETX_FLASH.ld" --specs=nosys.specs -Wl,-Map="SineTest.map" -Wl,--gc-sections -static -L../Middlewares/ST/AI/Lib -u_printf_float --specs=nano.specs -mfpu=fpv4-sp-d16 -mfloat-abi=hard -mthumb -u _printf_float -u _scanf_float -Wl,--start-group -lc -lm -Wl,--end-group
Finished building target: SineTest.elf
 
arm-none-eabi-size   SineTest.elf 
arm-none-eabi-objdump -h -S  SineTest.elf  > "SineTest.list"
   text	   data	    bss	    dec	    hex	filename
  40596	   1984	   2888	  45468	   b19c	SineTest.elf
Finished building: default.size.stdout
 
Finished building: SineTest.list
 

21:25:04 Build Finished. 0 errors, 0 warnings. (took 853ms)

