19:27:20 **** Incremental Build of configuration Debug for project SineWave_QAT_TFMicro ****
make -j8 all 
arm-none-eabi-g++ "../Core/Src/main.cpp" -mcpu=cortex-m4 -std=gnu++14 -g3 -DDEBUG -DUSE_HAL_DRIVER -DSTM32F411xE -DTFLM_RUNTIME -DCMSIS_NN -DTFLM_RUNTIME_USE_ALL_OPERATORS=0 -DTF_LITE_STATIC_MEMORY -DTF_LITE_DISABLE_X86_NEON -DTF_LITE_MCU_DEBUG_LOG -DARM_MATH -DARM_MATH_LOOPUNROLL -DARM_MATH_DSP -DARM_MATH_CM4 -c -I../Core/Inc -I../Drivers/STM32F4xx_HAL_Driver/Inc -I../Drivers/STM32F4xx_HAL_Driver/Inc/Legacy -I../Drivers/CMSIS/Device/ST/STM32F4xx/Include -I../Middlewares/tensorflow/third_party/cmsis/CMSIS/DSP/Include/dsp -I../Middlewares/tensorflow/third_party/cmsis/CMSIS/NN/Include -I../Middlewares/tensorflow/third_party/cmsis/CMSIS/DSP/Include -I../Middlewares/tensorflow -I../Middlewares/tensorflow/third_party/flatbuffers/include -I../Middlewares/tensorflow/third_party/cmsis/CMSIS/Core/Include -I../Middlewares/tensorflow/third_party/gemmlowp -I../Middlewares/tensorflow/third_party/cmsis -I../Middlewares/tensorflow/third_party/ruy -Os -ffunction-sections -fdata-sections -fno-exceptions -fno-rtti -fno-use-cxa-atexit -Wall -fstack-usage -MMD -MP -MF"Core/Src/main.d" -MT"Core/Src/main.o" --specs=nano.specs -mfpu=fpv4-sp-d16 -mfloat-abi=hard -mthumb -o "Core/Src/main.o"
arm-none-eabi-g++ -o "SineWave_QAT_TFMicro.elf" @"objects.list"   -mcpu=cortex-m4 -T"C:\Users\ezque\STM32CubeIDE\workspace_1.9.0\SineWave_QAT_TFMicro\STM32F411RETX_FLASH.ld" --specs=nosys.specs -Wl,-Map="SineWave_QAT_TFMicro.map" -Wl,--gc-sections -static -u _printf_float --specs=nano.specs -mfpu=fpv4-sp-d16 -mfloat-abi=hard -mthumb -Wl,--start-group -lc -lm -lstdc++ -lsupc++ -Wl,--end-group
Finished building target: SineWave_QAT_TFMicro.elf
 
arm-none-eabi-size   SineWave_QAT_TFMicro.elf 
arm-none-eabi-objdump -h -S  SineWave_QAT_TFMicro.elf  > "SineWave_QAT_TFMicro.list"
   text	   data	    bss	    dec	    hex	filename
  55280	   3964	   8920	  68164	  10a44	SineWave_QAT_TFMicro.elf
Finished building: default.size.stdout
 
Finished building: SineWave_QAT_TFMicro.list
 

19:27:28 Build Finished. 0 errors, 0 warnings. (took 8s.152ms)

