18:14:18 **** Incremental Build of configuration Debug for project Tarea5_ezapataq ****
make -j8 all 
arm-none-eabi-gcc "../Src/AdcPlotMain.c" -mcpu=cortex-m4 -std=gnu11 -g3 -DDEBUG -DNUCLEO_F411RE -DSTM32 -DSTM32F4 -DSTM32F411RETx -DSTM32F411xE -c -I../Inc -I"C:/Users/ezque/STM32CubeIDE/workspace_1.9.0/mcu_headers/CMSIS/Device/ST/STM32F4xx/Include" -I"C:/Users/ezque/STM32CubeIDE/workspace_1.9.0/mcu_headers/CMSIS/Include" -I"C:/Users/ezque/STM32CubeIDE/workspace_1.9.0/DriversSTM32/Inc" -O0 -ffunction-sections -fdata-sections -Wall -fstack-usage -MMD -MP -MF"Src/AdcPlotMain.d" -MT"Src/AdcPlotMain.o" --specs=nano.specs -mfloat-abi=soft -mthumb -o "Src/AdcPlotMain.o"
arm-none-eabi-gcc -o "Tarea5_ezapataq.elf" @"objects.list"  -lDriversSTM32 -mcpu=cortex-m4 -T"C:\Users\ezque\STM32CubeIDE\workspace_1.9.0\Tarea5_ezapataq\STM32F411RETX_FLASH.ld" --specs=nosys.specs -Wl,-Map="Tarea5_ezapataq.map" -Wl,--gc-sections -static -L"C:\Users\ezque\STM32CubeIDE\workspace_1.9.0\DriversSTM32\Debug" --specs=nano.specs -mfloat-abi=soft -mthumb -Wl,--start-group -lc -lm -Wl,--end-group
Finished building target: Tarea5_ezapataq.elf
 
arm-none-eabi-size   Tarea5_ezapataq.elf 
arm-none-eabi-objdump -h -S  Tarea5_ezapataq.elf  > "Tarea5_ezapataq.list"
   text	   data	    bss	    dec	    hex	filename
   8020	    140	   2100	  10260	   2814	Tarea5_ezapataq.elf
Finished building: default.size.stdout
 
Finished building: Tarea5_ezapataq.list
 

18:14:19 Build Finished. 0 errors, 0 warnings. (took 720ms)

