../Middlewares/tensorflow/tensorflow/lite/micro/kernels/add_n.cc:135:14:TfLiteStatus tflite::{anonymous}::Prepare(TfLiteContext*, TfLiteNode*)	88	static
../Middlewares/tensorflow/tensorflow/lite/kernels/op_macros.h:24:13:void AbortImpl()	8	static
../Middlewares/tensorflow/tensorflow/lite/kernels/internal/runtime_shape.h:86:7:int tflite::RuntimeShape::FlatSize() const	8	static
../Middlewares/tensorflow/tensorflow/lite/kernels/internal/common.h:237:16:int32_t tflite::MultiplyByQuantizedMultiplierSmallerThanOneExp(int32_t, int32_t, int)	8	static
../Middlewares/tensorflow/tensorflow/lite/micro/kernels/add_n.cc:193:14:TfLiteStatus tflite::{anonymous}::Eval(TfLiteContext*, TfLiteNode*)	104	static
../Middlewares/tensorflow/tensorflow/lite/micro/kernels/add_n.cc:210:20:TfLiteRegistration tflite::Register_ADD_N()	16	static
