../Middlewares/tensorflow/tensorflow/lite/kernels/op_macros.h:24:13:void AbortImpl()	8	static
../Middlewares/tensorflow/tensorflow/lite/kernels/internal/runtime_shape.h:59:11:int32_t tflite::RuntimeShape::Dims(int) const	8	static
../Middlewares/tensorflow/tensorflow/lite/micro/kernels/arg_min_max.cc:48:14:TfLiteStatus tflite::ops::micro::arg_min_max::Eval(TfLiteContext*, TfLiteNode*, bool)	160	static
../Middlewares/tensorflow/tensorflow/lite/micro/kernels/arg_min_max.cc:95:14:TfLiteStatus tflite::ops::micro::arg_min_max::ArgMinEval(TfLiteContext*, TfLiteNode*)	0	static
../Middlewares/tensorflow/tensorflow/lite/micro/kernels/arg_min_max.cc:99:14:TfLiteStatus tflite::ops::micro::arg_min_max::ArgMaxEval(TfLiteContext*, TfLiteNode*)	0	static
../Middlewares/tensorflow/tensorflow/lite/micro/kernels/arg_min_max.cc:105:20:TfLiteRegistration tflite::ops::micro::Register_ARG_MAX()	16	static
../Middlewares/tensorflow/tensorflow/lite/micro/kernels/arg_min_max.cc:109:20:TfLiteRegistration tflite::ops::micro::Register_ARG_MIN()	16	static
