../Middlewares/tensorflow/tensorflow/lite/kernels/op_macros.h:24:13:void AbortImpl()	8	static
../Middlewares/tensorflow/tensorflow/lite/micro/kernels/assign_variable.cc:71:14:TfLiteStatus tflite::{anonymous}::Eval(TfLiteContext*, TfLiteNode*)	16	static
../Middlewares/tensorflow/tensorflow/lite/micro/kernels/assign_variable.cc:38:14:TfLiteStatus tflite::{anonymous}::Prepare(TfLiteContext*, TfLiteNode*)	48	static
../Middlewares/tensorflow/tensorflow/lite/micro/kernels/assign_variable.cc:97:20:TfLiteRegistration tflite::Register_ASSIGN_VARIABLE()	16	static
