../Middlewares/tensorflow/tensorflow/lite/micro/kernels/batch_to_space_nd.cc:40:14:TfLiteStatus tflite::{anonymous}::Prepare(TfLiteContext*, TfLiteNode*)	40	static
../Middlewares/tensorflow/tensorflow/lite/kernels/op_macros.h:24:13:void AbortImpl()	8	static
../Middlewares/tensorflow/tensorflow/lite/kernels/internal/runtime_shape.h:123:12:int tflite::Offset(const tflite::RuntimeShape&, int, int, int, int)	16	static
../Middlewares/tensorflow/tensorflow/lite/kernels/internal/reference/batch_to_space_nd.h:27:21:tflite::RuntimeShape tflite::reference_ops::ExtendShapeBatchToSpace(const tflite::RuntimeShape&)	40	static
../Middlewares/tensorflow/tensorflow/lite/micro/kernels/batch_to_space_nd.cc:64:14:TfLiteStatus tflite::{anonymous}::Eval(TfLiteContext*, TfLiteNode*)	400	static
../Middlewares/tensorflow/tensorflow/lite/micro/kernels/batch_to_space_nd.cc:107:20:TfLiteRegistration tflite::Register_BATCH_TO_SPACE_ND()	16	static
