../Middlewares/tensorflow/tensorflow/lite/micro/kernels/broadcast_args.cc:31:14:TfLiteStatus tflite::{anonymous}::BroadcastArgsPrepare(TfLiteContext*, TfLiteNode*)	48	static
../Middlewares/tensorflow/tensorflow/lite/kernels/op_macros.h:24:13:void AbortImpl()	8	static
../Middlewares/tensorflow/tensorflow/lite/kernels/internal/runtime_shape.h:86:7:int tflite::RuntimeShape::FlatSize() const	8	static
../Middlewares/tensorflow/tensorflow/lite/micro/kernels/broadcast_args.cc:62:14:TfLiteStatus tflite::{anonymous}::BroadcastArgsEval(TfLiteContext*, TfLiteNode*)	176	static
../Middlewares/tensorflow/tensorflow/lite/micro/kernels/broadcast_args.cc:86:20:TfLiteRegistration tflite::Register_BROADCAST_ARGS()	16	static
