../Middlewares/tensorflow/tensorflow/lite/micro/kernels/ceil.cc:31:14:TfLiteStatus tflite::ops::micro::ceil::Prepare(TfLiteContext*, TfLiteNode*)	48	static
../Middlewares/tensorflow/tensorflow/lite/kernels/op_macros.h:24:13:void AbortImpl()	8	static
../Middlewares/tensorflow/tensorflow/lite/micro/kernels/ceil.cc:54:14:TfLiteStatus tflite::ops::micro::ceil::Eval(TfLiteContext*, TfLiteNode*)	72	static
../Middlewares/tensorflow/tensorflow/lite/micro/kernels/ceil.cc:69:20:TfLiteRegistration tflite::ops::micro::Register_CEIL()	16	static
