../Middlewares/tensorflow/tensorflow/lite/kernels/op_macros.h:24:13:void AbortImpl()	8	static
../Middlewares/tensorflow/tensorflow/lite/micro/kernels/concatenation.cc:107:7:void* tflite::ops::micro::concatenation::Init(TfLiteContext*, const char*, size_t)	8	static
../Middlewares/tensorflow/tensorflow/lite/micro/kernels/concatenation.cc:112:14:TfLiteStatus tflite::ops::micro::concatenation::Prepare(TfLiteContext*, TfLiteNode*)	64	static
../Middlewares/tensorflow/tensorflow/lite/kernels/internal/runtime_shape.h:59:11:int32_t tflite::RuntimeShape::Dims(int) const	8	static
../Middlewares/tensorflow/tensorflow/lite/kernels/internal/types.h:263:12:int tflite::MatchingDim(const tflite::RuntimeShape&, int, const tflite::RuntimeShape&, int)	16	static
../Middlewares/tensorflow/tensorflow/lite/micro/kernels/concatenation.cc:53:13:void tflite::ops::micro::concatenation::GetAllInputTensorShapes(const TfLiteContext*, const TfLiteNode*, tflite::RuntimeShape*)	48	static
../Middlewares/tensorflow/tensorflow/lite/micro/kernels/concatenation.cc:66:13:void tflite::ops::micro::concatenation::GetShapesPointers(const tflite::RuntimeShape*, size_t, const tflite::RuntimeShape**)	12	static
../Middlewares/tensorflow/tensorflow/lite/micro/kernels/concatenation.cc:255:20:TfLiteRegistration tflite::ops::micro::Register_CONCATENATION()	16	static
../Middlewares/tensorflow/tensorflow/lite/micro/kernels/concatenation.cc:87:6:void tflite::ops::micro::concatenation::EvalUnquantized(TfLiteContext*, TfLiteNode*) [with data_type = float]	400	static
../Middlewares/tensorflow/tensorflow/lite/micro/kernels/concatenation.cc:87:6:void tflite::ops::micro::concatenation::EvalUnquantized(TfLiteContext*, TfLiteNode*) [with data_type = long int]	400	static
../Middlewares/tensorflow/tensorflow/lite/micro/kernels/concatenation.cc:87:6:void tflite::ops::micro::concatenation::EvalUnquantized(TfLiteContext*, TfLiteNode*) [with data_type = signed char]	400	static
../Middlewares/tensorflow/tensorflow/lite/micro/kernels/concatenation.cc:87:6:void tflite::ops::micro::concatenation::EvalUnquantized(TfLiteContext*, TfLiteNode*) [with data_type = long long int]	400	static
../Middlewares/tensorflow/tensorflow/lite/micro/kernels/concatenation.cc:87:6:void tflite::ops::micro::concatenation::EvalUnquantized(TfLiteContext*, TfLiteNode*) [with data_type = short int]	400	static
../Middlewares/tensorflow/tensorflow/lite/micro/kernels/concatenation.cc:87:6:void tflite::ops::micro::concatenation::EvalUnquantized(TfLiteContext*, TfLiteNode*) [with data_type = bool]	400	static
../Middlewares/tensorflow/tensorflow/lite/micro/kernels/concatenation.cc:218:14:TfLiteStatus tflite::ops::micro::concatenation::Eval(TfLiteContext*, TfLiteNode*)	24	static
