../Middlewares/tensorflow/tensorflow/lite/kernels/op_macros.h:24:13:void AbortImpl()	8	static
../Middlewares/tensorflow/tensorflow/lite/micro/kernels/fill.cc:66:14:TfLiteStatus tflite::{anonymous}::Prepare(TfLiteContext*, TfLiteNode*)	56	static
../Middlewares/tensorflow/tensorflow/lite/kernels/internal/runtime_shape.h:86:7:int tflite::RuntimeShape::FlatSize() const	8	static
../Middlewares/tensorflow/tensorflow/lite/micro/kernels/fill.cc:109:14:TfLiteStatus tflite::{anonymous}::Eval(TfLiteContext*, TfLiteNode*)	160	static
../Middlewares/tensorflow/tensorflow/lite/micro/kernels/fill.cc:135:20:TfLiteRegistration tflite::Register_FILL()	16	static
