../Middlewares/tensorflow/tensorflow/lite/micro/kernels/gather.cc:99:14:TfLiteStatus tflite::{anonymous}::Prepare(TfLiteContext*, TfLiteNode*)	72	static
../Middlewares/tensorflow/tensorflow/lite/kernels/op_macros.h:24:13:void AbortImpl()	8	static
../Middlewares/tensorflow/tensorflow/lite/micro/kernels/gather.cc:190:14:TfLiteStatus tflite::{anonymous}::Eval(TfLiteContext*, TfLiteNode*)	96	static
../Middlewares/tensorflow/tensorflow/lite/micro/kernels/gather.cc:219:20:TfLiteRegistration tflite::Register_GATHER()	16	static
