../Middlewares/tensorflow/tensorflow/lite/kernels/op_macros.h:24:13:void AbortImpl()	8	static
../Middlewares/tensorflow/tensorflow/lite/kernels/internal/runtime_shape.h:59:11:int32_t tflite::RuntimeShape::Dims(int) const	8	static
../Middlewares/tensorflow/tensorflow/lite/kernels/internal/runtime_shape.h:99:3:tflite::RuntimeShape::RuntimeShape(int, const tflite::RuntimeShape&, int)	24	static
../Middlewares/tensorflow/tensorflow/lite/micro/kernels/logical_common.cc:59:6:bool tflite::LogicalOr(bool, bool)	0	static
../Middlewares/tensorflow/tensorflow/lite/micro/kernels/logical_common.cc:61:6:bool tflite::LogicalAnd(bool, bool)	0	static
../Middlewares/tensorflow/tensorflow/lite/kernels/internal/reference/binary_function.h:75:13:void tflite::reference_ops::BinaryFunction(const tflite::RuntimeShape&, const T1*, const tflite::RuntimeShape&, const T2*, const tflite::RuntimeShape&, R*, R (*)(T1, T2)) [with R = bool; T1 = bool; T2 = bool]	40	static
../Middlewares/tensorflow/tensorflow/lite/kernels/internal/common.h:950:13:void tflite::CopyDimsToDesc(const tflite::RuntimeShape&, tflite::NdArrayDesc<N>*) [with int N = 4]	24	static
../Middlewares/tensorflow/tensorflow/lite/kernels/internal/reference/binary_function.h:30:13:void tflite::reference_ops::BroadcastBinaryFunction4DSlow(const tflite::RuntimeShape&, const T1*, const tflite::RuntimeShape&, const T2*, const tflite::RuntimeShape&, R*, R (*)(T1, T2)) [with R = bool; T1 = bool; T2 = bool]	208	static
../Middlewares/tensorflow/tensorflow/lite/micro/kernels/logical_common.cc:29:14:TfLiteStatus tflite::LogicalImpl(TfLiteContext*, TfLiteNode*, bool (*)(bool, bool))	192	static
