../Middlewares/tensorflow/tensorflow/lite/micro/kernels/split_v.cc:74:14:TfLiteStatus tflite::ops::micro::split_v::Prepare(TfLiteContext*, TfLiteNode*)	32	static
../Middlewares/tensorflow/tensorflow/lite/kernels/op_macros.h:24:13:void AbortImpl()	8	static
../Middlewares/tensorflow/tensorflow/lite/micro/kernels/split_v.cc:123:20:TfLiteRegistration tflite::ops::micro::Register_SPLIT_V()	16	static
../Middlewares/tensorflow/tensorflow/lite/micro/kernels/split_v.cc:29:14:TfLiteStatus tflite::ops::micro::split_v::SplitImpl(TfLiteContext*, TfLiteNode*, const TfLiteEvalTensor*, int) [with T = float]	56	static
../Middlewares/tensorflow/tensorflow/lite/micro/kernels/split_v.cc:29:14:TfLiteStatus tflite::ops::micro::split_v::SplitImpl(TfLiteContext*, TfLiteNode*, const TfLiteEvalTensor*, int) [with T = signed char]	56	static
../Middlewares/tensorflow/tensorflow/lite/micro/kernels/split_v.cc:29:14:TfLiteStatus tflite::ops::micro::split_v::SplitImpl(TfLiteContext*, TfLiteNode*, const TfLiteEvalTensor*, int) [with T = short int]	56	static
../Middlewares/tensorflow/tensorflow/lite/micro/kernels/split_v.cc:29:14:TfLiteStatus tflite::ops::micro::split_v::SplitImpl(TfLiteContext*, TfLiteNode*, const TfLiteEvalTensor*, int) [with T = long int]	56	static
../Middlewares/tensorflow/tensorflow/lite/micro/kernels/split_v.cc:88:14:TfLiteStatus tflite::ops::micro::split_v::Eval(TfLiteContext*, TfLiteNode*)	24	static
