../Middlewares/tensorflow/tensorflow/lite/micro/kernels/zeros_like.cc:27:14:TfLiteStatus tflite::{anonymous}::Prepare(TfLiteContext*, TfLiteNode*)	40	static
../Middlewares/tensorflow/tensorflow/lite/kernels/op_macros.h:24:13:void AbortImpl()	8	static
../Middlewares/tensorflow/tensorflow/lite/micro/kernels/zeros_like.cc:52:14:TfLiteStatus tflite::{anonymous}::Eval(TfLiteContext*, TfLiteNode*)	64	static
../Middlewares/tensorflow/tensorflow/lite/micro/kernels/zeros_like.cc:83:20:TfLiteRegistration tflite::Register_ZEROS_LIKE()	16	static
